Component: ARM Compiler 5.06 update 6 (build 750) Tool: armlink [4d35ed]

==============================================================================

Section Cross References

    startup_stm32f401xe.o(STACK) refers (Special) to heapauxi.o(.text) for __use_two_region_memory
    startup_stm32f401xe.o(HEAP) refers (Special) to heapauxi.o(.text) for __use_two_region_memory
    startup_stm32f401xe.o(RESET) refers (Special) to heapauxi.o(.text) for __use_two_region_memory
    startup_stm32f401xe.o(RESET) refers to startup_stm32f401xe.o(STACK) for __initial_sp
    startup_stm32f401xe.o(RESET) refers to startup_stm32f401xe.o(.text) for Reset_Handler
    startup_stm32f401xe.o(RESET) refers to stm32f4xx_mc_it.o(i.HardFault_Handler) for HardFault_Handler
    startup_stm32f401xe.o(RESET) refers to stm32f4xx_mc_it.o(i.SysTick_Handler) for SysTick_Handler
    startup_stm32f401xe.o(RESET) refers to stm32f4xx_mc_it.o(i.EXTI4_IRQHandler) for EXTI4_IRQHandler
    startup_stm32f401xe.o(RESET) refers to stm32f4xx_mc_it.o(i.ADC_IRQHandler) for ADC_IRQHandler
    startup_stm32f401xe.o(RESET) refers to stm32f4xx_mc_it.o(i.TIM1_BRK_TIM9_IRQHandler) for TIM1_BRK_TIM9_IRQHandler
    startup_stm32f401xe.o(RESET) refers to stm32f4xx_mc_it.o(i.TIM1_UP_TIM10_IRQHandler) for TIM1_UP_TIM10_IRQHandler
    startup_stm32f401xe.o(RESET) refers to stm32f4xx_mc_it.o(i.USART1_IRQHandler) for USART1_IRQHandler
    startup_stm32f401xe.o(RESET) refers to stm32f4xx_mc_it.o(i.DMA2_Stream2_IRQHandler) for DMA2_Stream2_IRQHandler
    startup_stm32f401xe.o(.text) refers (Special) to heapauxi.o(.text) for __use_two_region_memory
    startup_stm32f401xe.o(.text) refers to system_stm32f4xx.o(i.SystemInit) for SystemInit
    startup_stm32f401xe.o(.text) refers to __main.o(!!!main) for __main
    startup_stm32f401xe.o(.text) refers to startup_stm32f401xe.o(HEAP) for Heap_Mem
    startup_stm32f401xe.o(.text) refers to startup_stm32f401xe.o(STACK) for Stack_Mem
    main.o(i.MX_ADC1_Init) refers to rt_memclr_w.o(.text) for __aeabi_memclr4
    main.o(i.MX_ADC1_Init) refers to stm32f4xx_hal_adc.o(i.HAL_ADC_Init) for HAL_ADC_Init
    main.o(i.MX_ADC1_Init) refers to stm32f4xx_hal_adc_ex.o(i.HAL_ADCEx_InjectedConfigChannel) for HAL_ADCEx_InjectedConfigChannel
    main.o(i.MX_ADC1_Init) refers to stm32f4xx_hal_adc.o(i.HAL_ADC_ConfigChannel) for HAL_ADC_ConfigChannel
    main.o(i.MX_ADC1_Init) refers to main.o(.bss) for .bss
    main.o(i.MX_GPIO_Init) refers to rt_memclr_w.o(.text) for __aeabi_memclr4
    main.o(i.MX_GPIO_Init) refers to stm32f4xx_hal_gpio.o(i.HAL_GPIO_Init) for HAL_GPIO_Init
    main.o(i.MX_NVIC_Init) refers to stm32f4xx_hal_cortex.o(i.HAL_NVIC_SetPriority) for HAL_NVIC_SetPriority
    main.o(i.MX_NVIC_Init) refers to stm32f4xx_hal_cortex.o(i.HAL_NVIC_EnableIRQ) for HAL_NVIC_EnableIRQ
    main.o(i.MX_TIM1_Init) refers to rt_memclr_w.o(.text) for __aeabi_memclr4
    main.o(i.MX_TIM1_Init) refers to stm32f4xx_hal_tim.o(i.HAL_TIM_Base_Init) for HAL_TIM_Base_Init
    main.o(i.MX_TIM1_Init) refers to stm32f4xx_hal_tim.o(i.HAL_TIM_PWM_Init) for HAL_TIM_PWM_Init
    main.o(i.MX_TIM1_Init) refers to stm32f4xx_hal_tim.o(i.HAL_TIM_SlaveConfigSynchro) for HAL_TIM_SlaveConfigSynchro
    main.o(i.MX_TIM1_Init) refers to stm32f4xx_hal_tim_ex.o(i.HAL_TIMEx_MasterConfigSynchronization) for HAL_TIMEx_MasterConfigSynchronization
    main.o(i.MX_TIM1_Init) refers to stm32f4xx_hal_tim.o(i.HAL_TIM_PWM_ConfigChannel) for HAL_TIM_PWM_ConfigChannel
    main.o(i.MX_TIM1_Init) refers to stm32f4xx_hal_tim_ex.o(i.HAL_TIMEx_ConfigBreakDeadTime) for HAL_TIMEx_ConfigBreakDeadTime
    main.o(i.MX_TIM1_Init) refers to stm32f4xx_hal_msp.o(i.HAL_TIM_MspPostInit) for HAL_TIM_MspPostInit
    main.o(i.MX_TIM1_Init) refers to main.o(.bss) for .bss
    main.o(i.SystemClock_Config) refers to rt_memclr_w.o(.text) for __aeabi_memclr4
    main.o(i.SystemClock_Config) refers to stm32f4xx_hal_rcc.o(i.HAL_RCC_OscConfig) for HAL_RCC_OscConfig
    main.o(i.SystemClock_Config) refers to stm32f4xx_hal_rcc.o(i.HAL_RCC_ClockConfig) for HAL_RCC_ClockConfig
    main.o(i.SystemClock_Config) refers to stm32f4xx_hal_rcc.o(i.HAL_RCC_EnableCSS) for HAL_RCC_EnableCSS
    main.o(i.main) refers to stm32f4xx_hal.o(i.HAL_Init) for HAL_Init
    main.o(i.main) refers to main.o(i.SystemClock_Config) for SystemClock_Config
    main.o(i.main) refers to main.o(i.MX_GPIO_Init) for MX_GPIO_Init
    main.o(i.main) refers to main.o(i.MX_ADC1_Init) for MX_ADC1_Init
    main.o(i.main) refers to main.o(i.MX_TIM1_Init) for MX_TIM1_Init
    main.o(i.main) refers to stm32f4xx_hal_uart.o(i.HAL_UART_Init) for HAL_UART_Init
    main.o(i.main) refers to motorcontrol.o(i.MX_MotorControl_Init) for MX_MotorControl_Init
    main.o(i.main) refers to main.o(i.MX_NVIC_Init) for MX_NVIC_Init
    main.o(i.main) refers to main.o(.bss) for .bss
    motorcontrol.o(i.MX_MotorControl_Init) refers to stm32f4xx_hal_rcc.o(i.HAL_RCC_GetHCLKFreq) for HAL_RCC_GetHCLKFreq
[...]
    TAMP_STAMP_IRQHandler                    0x0800028f   Thumb Code     0  startup_stm32f401xe.o(.text)
    TIM1_CC_IRQHandler                       0x0800028f   Thumb Code     0  startup_stm32f401xe.o(.text)
    TIM1_TRG_COM_TIM11_IRQHandler            0x0800028f   Thumb Code     0  startup_stm32f401xe.o(.text)
    TIM2_IRQHandler                          0x0800028f   Thumb Code     0  startup_stm32f401xe.o(.text)
    TIM3_IRQHandler                          0x0800028f   Thumb Code     0  startup_stm32f401xe.o(.text)
    TIM4_IRQHandler                          0x0800028f   Thumb Code     0  startup_stm32f401xe.o(.text)
    TIM5_IRQHandler                          0x0800028f   Thumb Code     0  startup_stm32f401xe.o(.text)
    USART2_IRQHandler                        0x0800028f   Thumb Code     0  startup_stm32f401xe.o(.text)
    USART6_IRQHandler                        0x0800028f   Thumb Code     0  startup_stm32f401xe.o(.text)
    WWDG_IRQHandler                          0x0800028f   Thumb Code     0  startup_stm32f401xe.o(.text)
    __user_initial_stackheap                 0x08000291   Thumb Code     0  startup_stm32f401xe.o(.text)
    __aeabi_uldivmod                         0x080002b5   Thumb Code     0  lludivv7m.o(.text)
    _ll_udiv                                 0x080002b5   Thumb Code   238  lludivv7m.o(.text)
    __aeabi_ldivmod                          0x080003a3   Thumb Code     0  llsdiv.o(.text)
    _ll_sdiv                                 0x080003a3   Thumb Code    72  llsdiv.o(.text)
    __aeabi_memcpy                           0x080003eb   Thumb Code     0  rt_memcpy_v6.o(.text)
    __rt_memcpy                              0x080003eb   Thumb Code   138  rt_memcpy_v6.o(.text)
    _memcpy_lastbytes                        0x08000451   Thumb Code     0  rt_memcpy_v6.o(.text)
    __aeabi_memcpy4                          0x08000475   Thumb Code     0  rt_memcpy_w.o(.text)
    __aeabi_memcpy8                          0x08000475   Thumb Code     0  rt_memcpy_w.o(.text)
    __rt_memcpy_w                            0x08000475   Thumb Code   100  rt_memcpy_w.o(.text)
    _memcpy_lastbytes_aligned                0x080004bd   Thumb Code     0  rt_memcpy_w.o(.text)
    __aeabi_memclr4                          0x080004d9   Thumb Code     0  rt_memclr_w.o(.text)
    __aeabi_memclr8                          0x080004d9   Thumb Code     0  rt_memclr_w.o(.text)
    __rt_memclr_w                            0x080004d9   Thumb Code    78  rt_memclr_w.o(.text)
    _memset_w                                0x080004dd   Thumb Code     0  rt_memclr_w.o(.text)
    __use_two_region_memory                  0x08000527   Thumb Code     2  heapauxi.o(.text)
    __rt_heap_escrow$2region                 0x08000529   Thumb Code     2  heapauxi.o(.text)
    __rt_heap_expand$2region                 0x0800052b   Thumb Code     2  heapauxi.o(.text)
    __user_setup_stackheap                   0x0800052d   Thumb Code    74  sys_stackheap_outer.o(.text)
    exit                                     0x08000577   Thumb Code    18  exit.o(.text)
    __user_libspace                          0x08000589   Thumb Code     8  libspace.o(.text)
    __user_perproc_libspace                  0x08000589   Thumb Code     0  libspace.o(.text)
    __user_perthread_libspace                0x08000589   Thumb Code     0  libspace.o(.text)
    _sys_exit                                0x08000591   Thumb Code     8  sys_exit.o(.text)
    __I$use$semihosting                      0x0800059d   Thumb Code     0  use_no_semi.o(.text)
    __use_no_semihosting_swi                 0x0800059d   Thumb Code     2  use_no_semi.o(.text)
    __semihosting_library_function           0x0800059f   Thumb Code     0  indicate_semi.o(.text)
    ADC_IRQHandler                           0x080005a1   Thumb Code    26  stm32f4xx_mc_it.o(i.ADC_IRQHandler)
    ASPEP_CheckBeacon                        0x080006e9   Thumb Code   122  aspep.o(i.ASPEP_CheckBeacon)
    ASPEP_HWDMAReset                         0x08000763   Thumb Code    24  aspep.o(i.ASPEP_HWDMAReset)
    ASPEP_HWDataReceivedIT                   0x0800077d   Thumb Code   140  aspep.o(i.ASPEP_HWDataReceivedIT)
    ASPEP_HWDataTransmittedIT                0x0800080d   Thumb Code   148  aspep.o(i.ASPEP_HWDataTransmittedIT)
    ASPEP_RXframeProcess                     0x080008a1   Thumb Code   268  aspep.o(i.ASPEP_RXframeProcess)
    ASPEP_getBuffer                          0x08000a7d   Thumb Code    84  aspep.o(i.ASPEP_getBuffer)
    ASPEP_sendBeacon                         0x08000ad1   Thumb Code    50  aspep.o(i.ASPEP_sendBeacon)
    ASPEP_sendPacket                         0x08000b1b   Thumb Code    78  aspep.o(i.ASPEP_sendPacket)
    ASPEP_sendPing                           0x08000b69   Thumb Code    62  aspep.o(i.ASPEP_sendPing)
    ASPEP_start                              0x08000ba7   Thumb Code    40  aspep.o(i.ASPEP_start)
    Circle_Limitation                        0x08000bcf   Thumb Code    88  circle_limitation.o(i.Circle_Limitation)
    DMA2_Stream2_IRQHandler                  0x08000c29   Thumb Code    28  stm32f4xx_mc_it.o(i.DMA2_Stream2_IRQHandler)
    EXTI4_IRQHandler                         0x08000cc9   Thumb Code    20  stm32f4xx_mc_it.o(i.EXTI4_IRQHandler)
    Error_Handler                            0x08000ce1   Thumb Code     4  main.o(i.Error_Handler)
    FOC_CalcCurrRef                          0x08000ce5   Thumb Code    40  mc_tasks.o(i.FOC_CalcCurrRef)
    FOC_Clear                                0x08000d15   Thumb Code    86  mc_tasks.o(i.FOC_Clear)
    FOC_InitAdditionalMethods                0x08000e35   Thumb Code     2  mc_tasks.o(i.FOC_InitAdditionalMethods)
    HAL_ADCEx_InjectedConfigChannel          0x08000e39   Thumb Code   428  stm32f4xx_hal_adc_ex.o(i.HAL_ADCEx_InjectedConfigChannel)
    HAL_ADC_ConfigChannel                    0x08000ff5   Thumb Code   316  stm32f4xx_hal_adc.o(i.HAL_ADC_ConfigChannel)
    HAL_ADC_Init                             0x08001141   Thumb Code    84  stm32f4xx_hal_adc.o(i.HAL_ADC_Init)
    HAL_ADC_MspInit                          0x08001195   Thumb Code   116  stm32f4xx_hal_msp.o(i.HAL_ADC_MspInit)
    HAL_DMA_Init                             0x08001219   Thumb Code   206  stm32f4xx_hal_dma.o(i.HAL_DMA_Init)
    HAL_GPIO_Init                            0x080012ed   Thumb Code   446  stm32f4xx_hal_gpio.o(i.HAL_GPIO_Init)
    HAL_GetTick                              0x080014cd   Thumb Code     6  stm32f4xx_hal.o(i.HAL_GetTick)
    HAL_IncTick                              0x080014d9   Thumb Code    12  stm32f4xx_hal.o(i.HAL_IncTick)
    HAL_Init                                 0x080014e9   Thumb Code    48  stm32f4xx_hal.o(i.HAL_Init)
    HAL_InitTick                             0x0800151d   Thumb Code    54  stm32f4xx_hal.o(i.HAL_InitTick)
    HAL_MspInit                              0x0800155d   Thumb Code    48  stm32f4xx_hal_msp.o(i.HAL_MspInit)
    HAL_NVIC_EnableIRQ                       0x08001591   Thumb Code    26  stm32f4xx_hal_cortex.o(i.HAL_NVIC_EnableIRQ)
    HAL_NVIC_SetPriority                     0x080015ad   Thumb Code    60  stm32f4xx_hal_cortex.o(i.HAL_NVIC_SetPriority)
    HAL_NVIC_SetPriorityGrouping             0x080015ed   Thumb Code    26  stm32f4xx_hal_cortex.o(i.HAL_NVIC_SetPriorityGrouping)
    HAL_RCC_ClockConfig                      0x08001611   Thumb Code   288  stm32f4xx_hal_rcc.o(i.HAL_RCC_ClockConfig)
    HAL_RCC_EnableCSS                        0x08001745   Thumb Code     8  stm32f4xx_hal_rcc.o(i.HAL_RCC_EnableCSS)
    HAL_RCC_GetHCLKFreq                      0x08001751   Thumb Code     6  stm32f4xx_hal_rcc.o(i.HAL_RCC_GetHCLKFreq)
    HAL_RCC_GetPCLK1Freq                     0x0800175d   Thumb Code    20  stm32f4xx_hal_rcc.o(i.HAL_RCC_GetPCLK1Freq)
    HAL_RCC_GetPCLK2Freq                     0x0800177d   Thumb Code    20  stm32f4xx_hal_rcc.o(i.HAL_RCC_GetPCLK2Freq)
    HAL_RCC_GetSysClockFreq                  0x0800179d   Thumb Code    88  stm32f4xx_hal_rcc.o(i.HAL_RCC_GetSysClockFreq)
    HAL_RCC_OscConfig                        0x080017fd   Thumb Code   856  stm32f4xx_hal_rcc.o(i.HAL_RCC_OscConfig)
    HAL_SYSTICK_Callback                     0x08001b69   Thumb Code     2  stm32f4xx_hal_cortex.o(i.HAL_SYSTICK_Callback)
    HAL_SYSTICK_Config                       0x08001b6b   Thumb Code    40  stm32f4xx_hal_cortex.o(i.HAL_SYSTICK_Config)
    HAL_SYSTICK_IRQHandler                   0x08001b93   Thumb Code     8  stm32f4xx_hal_cortex.o(i.HAL_SYSTICK_IRQHandler)
    HAL_TIMEx_ConfigBreakDeadTime            0x08001b9b   Thumb Code    84  stm32f4xx_hal_tim_ex.o(i.HAL_TIMEx_ConfigBreakDeadTime)
    HAL_TIMEx_MasterConfigSynchronization    0x08001bf1   Thumb Code   104  stm32f4xx_hal_tim_ex.o(i.HAL_TIMEx_MasterConfigSynchronization)
    HAL_TIM_Base_Init                        0x08001c6d   Thumb Code    90  stm32f4xx_hal_tim.o(i.HAL_TIM_Base_Init)
    HAL_TIM_Base_MspInit                     0x08001cc9   Thumb Code    30  stm32f4xx_hal_msp.o(i.HAL_TIM_Base_MspInit)
    HAL_TIM_MspPostInit                      0x08001cf1   Thumb Code   106  stm32f4xx_hal_msp.o(i.HAL_TIM_MspPostInit)
    HAL_TIM_PWM_ConfigChannel                0x08001d6d   Thumb Code   204  stm32f4xx_hal_tim.o(i.HAL_TIM_PWM_ConfigChannel)
    HAL_TIM_PWM_Init                         0x08001e39   Thumb Code    90  stm32f4xx_hal_tim.o(i.HAL_TIM_PWM_Init)
    HAL_TIM_PWM_MspInit                      0x08001e93   Thumb Code     2  stm32f4xx_hal_tim.o(i.HAL_TIM_PWM_MspInit)
    HAL_TIM_SlaveConfigSynchro               0x08001e95   Thumb Code    86  stm32f4xx_hal_tim.o(i.HAL_TIM_SlaveConfigSynchro)
    HAL_UART_Init                            0x08001eeb   Thumb Code    98  stm32f4xx_hal_uart.o(i.HAL_UART_Init)
    HAL_UART_MspInit                         0x08001f4d   Thumb Code   186  stm32f4xx_hal_msp.o(i.HAL_UART_MspInit)
    HardFault_Handler                        0x08002021   Thumb Code     6  stm32f4xx_mc_it.o(i.HardFault_Handler)
    MCI_Clear_Iqdref                         0x080020d1   Thumb Code    16  mc_interface.o(i.MCI_Clear_Iqdref)
    MCI_ExecBufferedCommands                 0x080020e1   Thumb Code   106  mc_interface.o(i.MCI_ExecBufferedCommands)
    MCI_ExecSpeedRamp                        0x0800214b   Thumb Code    14  mc_interface.o(i.MCI_ExecSpeedRamp)
    MCI_ExecTorqueRamp                       0x08002159   Thumb Code    18  mc_interface.o(i.MCI_ExecTorqueRamp)
    MCI_FaultAcknowledged                    0x0800216b   Thumb Code    36  mc_interface.o(i.MCI_FaultAcknowledged)
    MCI_FaultProcessing                      0x0800218f   Thumb Code    16  mc_interface.o(i.MCI_FaultProcessing)
    MCI_GetAvrgMecSpeedUnit                  0x0800219f   Thumb Code    16  mc_interface.o(i.MCI_GetAvrgMecSpeedUnit)
    MCI_GetControlMode                       0x080021af   Thumb Code     4  mc_interface.o(i.MCI_GetControlMode)
    MCI_GetCurrentFaults                     0x080021b3   Thumb Code     4  mc_interface.o(i.MCI_GetCurrentFaults)
    MCI_GetFaultState                        0x080021b7   Thumb Code    10  mc_interface.o(i.MCI_GetFaultState)
    MCI_GetIab                               0x080021c1   Thumb Code     6  mc_interface.o(i.MCI_GetIab)
    MCI_GetIalphabeta                        0x080021c7   Thumb Code     6  mc_interface.o(i.MCI_GetIalphabeta)
    MCI_GetImposedMotorDirection             0x080021cd   Thumb Code    46  mc_interface.o(i.MCI_GetImposedMotorDirection)
    MCI_GetIqd                               0x080021fb   Thumb Code     6  mc_interface.o(i.MCI_GetIqd)
    MCI_GetIqdref                            0x08002201   Thumb Code     6  mc_interface.o(i.MCI_GetIqdref)
    MCI_GetLastRampFinalDuration             0x08002207   Thumb Code     4  mc_interface.o(i.MCI_GetLastRampFinalDuration)
    MCI_GetLastRampFinalSpeed                0x0800220b   Thumb Code     6  mc_interface.o(i.MCI_GetLastRampFinalSpeed)
    MCI_GetLastRampFinalTorque               0x08002211   Thumb Code     6  mc_interface.o(i.MCI_GetLastRampFinalTorque)
    MCI_GetMecSpeedRefUnit                   0x08002217   Thumb Code     6  mc_interface.o(i.MCI_GetMecSpeedRefUnit)
    MCI_GetOccurredFaults                    0x0800221d   Thumb Code     4  mc_interface.o(i.MCI_GetOccurredFaults)
    MCI_GetSTMState                          0x08002221   Thumb Code     4  mc_interface.o(i.MCI_GetSTMState)
    MCI_GetTeref                             0x08002225   Thumb Code     8  mc_interface.o(i.MCI_GetTeref)
    MCI_GetValphabeta                        0x0800222d   Thumb Code     8  mc_interface.o(i.MCI_GetValphabeta)
    MCI_GetVqd                               0x08002235   Thumb Code     8  mc_interface.o(i.MCI_GetVqd)
    MCI_Init                                 0x0800223d   Thumb Code    26  mc_interface.o(i.MCI_Init)
    MCI_SetCurrentReferences                 0x08002257   Thumb Code    20  mc_interface.o(i.MCI_SetCurrentReferences)
    MCI_StartMotor                           0x0800226b   Thumb Code    38  mc_interface.o(i.MCI_StartMotor)
    MCI_StopMotor                            0x08002291   Thumb Code    52  mc_interface.o(i.MCI_StopMotor)
    MCI_StopRamp                             0x080022c5   Thumb Code     6  mc_interface.o(i.MCI_StopRamp)
    MCM_Clarke                               0x080022cd   Thumb Code    68  mc_math.o(i.MCM_Clarke)
    MCM_Park                                 0x08002315   Thumb Code   120  mc_math.o(i.MCM_Park)
    MCM_Rev_Park                             0x08002391   Thumb Code    52  mc_math.o(i.MCM_Rev_Park)
    MCM_Sqrt                                 0x080023c5   Thumb Code    56  mc_math.o(i.MCM_Sqrt)
    MCM_Trig_Functions                       0x080023fd   Thumb Code   108  mc_math.o(i.MCM_Trig_Functions)
    MCPA_cfgLog                              0x0800246d   Thumb Code   178  mcpa.o(i.MCPA_cfgLog)
    MCPA_dataLog                             0x08002521   Thumb Code   364  mcpa.o(i.MCPA_dataLog)
    MCPA_flushDataLog                        0x08002691   Thumb Code   102  mcpa.o(i.MCPA_flushDataLog)
    MCP_ReceivedPacket                       0x0800272d   Thumb Code   280  mcp.o(i.MCP_ReceivedPacket)
    MC_GetSTMStateMotor1                     0x0800284d   Thumb Code     8  mc_api.o(i.MC_GetSTMStateMotor1)
    MC_RunMotorControlTasks                  0x08002859   Thumb Code    20  mc_tasks.o(i.MC_RunMotorControlTasks)
    MC_Scheduler                             0x08002871   Thumb Code    98  mc_tasks.o(i.MC_Scheduler)
    MC_StartMotor1                           0x080028dd   Thumb Code     8  mc_api.o(i.MC_StartMotor1)
    MC_StopMotor1                            0x080028e9   Thumb Code     8  mc_api.o(i.MC_StopMotor1)
    MCboot                                   0x080028f5   Thumb Code   212  mc_tasks.o(i.MCboot)
    MPM_CalcElMotorPower                     0x08002a11   Thumb Code    70  motor_power_measurement.o(i.MPM_CalcElMotorPower)
    MPM_Clear                                0x08002a57   Thumb Code    26  motor_power_measurement.o(i.MPM_Clear)
    MPM_GetAvrgElMotorPowerW                 0x08002a71   Thumb Code     6  motor_power_measurement.o(i.MPM_GetAvrgElMotorPowerW)
    MX_MotorControl_Init                     0x08002bb1   Thumb Code    44  motorcontrol.o(i.MX_MotorControl_Init)
    NTC_CalcAvTemp                           0x08002d5d   Thumb Code    60  ntc_temperature_sensor.o(i.NTC_CalcAvTemp)
    NTC_Clear                                0x08002d99   Thumb Code     6  ntc_temperature_sensor.o(i.NTC_Clear)
    NTC_GetAvTemp_C                          0x08002d9f   Thumb Code    30  ntc_temperature_sensor.o(i.NTC_GetAvTemp_C)
    NTC_Init                                 0x08002dbd   Thumb Code    36  ntc_temperature_sensor.o(i.NTC_Init)
    NTC_SetFaultState                        0x08002de1   Thumb Code    26  ntc_temperature_sensor.o(i.NTC_SetFaultState)
    PID_GetKD                                0x08002dfb   Thumb Code     6  pid_regulator.o(i.PID_GetKD)
    PID_GetKDDivisorPOW2                     0x08002e01   Thumb Code     4  pid_regulator.o(i.PID_GetKDDivisorPOW2)
    PID_GetKI                                0x08002e05   Thumb Code     6  pid_regulator.o(i.PID_GetKI)
    PID_GetKIDivisor                         0x08002e0b   Thumb Code     4  pid_regulator.o(i.PID_GetKIDivisor)
    PID_GetKIDivisorPOW2                     0x08002e0f   Thumb Code     4  pid_regulator.o(i.PID_GetKIDivisorPOW2)
    PID_GetKP                                0x08002e13   Thumb Code     6  pid_regulator.o(i.PID_GetKP)
    PID_GetKPDivisorPOW2                     0x08002e19   Thumb Code     4  pid_regulator.o(i.PID_GetKPDivisorPOW2)
    PID_HandleInit                           0x08002e1d   Thumb Code    20  pid_regulator.o(i.PID_HandleInit)
    PID_SetIntegralTerm                      0x08002e31   Thumb Code     4  pid_regulator.o(i.PID_SetIntegralTerm)
    PID_SetKD                                0x08002e35   Thumb Code     4  pid_regulator.o(i.PID_SetKD)
    PID_SetKDDivisorPOW2                     0x08002e39   Thumb Code    10  pid_regulator.o(i.PID_SetKDDivisorPOW2)
    PID_SetKI                                0x08002e43   Thumb Code     4  pid_regulator.o(i.PID_SetKI)
    PID_SetKIDivisorPOW2                     0x08002e47   Thumb Code    32  pid_regulator.o(i.PID_SetKIDivisorPOW2)
    PID_SetKP                                0x08002e67   Thumb Code     4  pid_regulator.o(i.PID_SetKP)
    PID_SetKPDivisorPOW2                     0x08002e6b   Thumb Code    10  pid_regulator.o(i.PID_SetKPDivisorPOW2)
    PID_SetLowerIntegralTermLimit            0x08002e75   Thumb Code     4  pid_regulator.o(i.PID_SetLowerIntegralTermLimit)
    PID_SetUpperIntegralTermLimit            0x08002e79   Thumb Code     4  pid_regulator.o(i.PID_SetUpperIntegralTermLimit)
    PI_Controller                            0x08002e7d   Thumb Code   118  pid_regulator.o(i.PI_Controller)
    PQD_CalcElMotorPower                     0x08002ef9   Thumb Code    84  pqd_motor_power_measurement.o(i.PQD_CalcElMotorPower)
    PWMC_CheckOverCurrent                    0x08002f4d   Thumb Code     4  pwm_curr_fdbk.o(i.PWMC_CheckOverCurrent)
    PWMC_CurrentReadingCalibr                0x08002f51   Thumb Code    58  pwm_curr_fdbk.o(i.PWMC_CurrentReadingCalibr)
    PWMC_GetPhaseCurrents                    0x08002f8b   Thumb Code     4  pwm_curr_fdbk.o(i.PWMC_GetPhaseCurrents)
    PWMC_SetPhaseVoltage                     0x08002f8f   Thumb Code   474  pwm_curr_fdbk.o(i.PWMC_SetPhaseVoltage)
    PWMC_SwitchOffPWM                        0x08003169   Thumb Code     4  pwm_curr_fdbk.o(i.PWMC_SwitchOffPWM)
    PWMC_SwitchOnPWM                         0x0800316d   Thumb Code     4  pwm_curr_fdbk.o(i.PWMC_SwitchOnPWM)
    R3_1_BRK_IRQHandler                      0x08003171   Thumb Code    60  r3_1_f4xx_pwm_curr_fdbk.o(i.R3_1_BRK_IRQHandler)
    R3_1_CurrentReadingCalibration           0x080031ad   Thumb Code   274  r3_1_f4xx_pwm_curr_fdbk.o(i.R3_1_CurrentReadingCalibration)
    R3_1_GetOffsetCalib                      0x080032cd   Thumb Code    16  r3_1_f4xx_pwm_curr_fdbk.o(i.R3_1_GetOffsetCalib)
    R3_1_GetPhaseCurrents                    0x080032dd   Thumb Code   252  r3_1_f4xx_pwm_curr_fdbk.o(i.R3_1_GetPhaseCurrents)
    R3_1_HFCurrentsCalibrationAB             0x080033dd   Thumb Code    84  r3_1_f4xx_pwm_curr_fdbk.o(i.R3_1_HFCurrentsCalibrationAB)
    R3_1_HFCurrentsCalibrationC              0x08003431   Thumb Code    64  r3_1_f4xx_pwm_curr_fdbk.o(i.R3_1_HFCurrentsCalibrationC)
    R3_1_Init                                0x08003471   Thumb Code   146  r3_1_f4xx_pwm_curr_fdbk.o(i.R3_1_Init)
    R3_1_IsOverCurrentOccurred               0x0800350d   Thumb Code    22  r3_1_f4xx_pwm_curr_fdbk.o(i.R3_1_IsOverCurrentOccurred)
    R3_1_RLDetectionModeDisable              0x08003525   Thumb Code   256  r3_1_f4xx_pwm_curr_fdbk.o(i.R3_1_RLDetectionModeDisable)
    R3_1_RLDetectionModeEnable               0x08003635   Thumb Code   172  r3_1_f4xx_pwm_curr_fdbk.o(i.R3_1_RLDetectionModeEnable)
    R3_1_RLDetectionModeSetDuty              0x080036f1   Thumb Code    66  r3_1_f4xx_pwm_curr_fdbk.o(i.R3_1_RLDetectionModeSetDuty)
    R3_1_RLGetPhaseCurrents                  0x08003735   Thumb Code    60  r3_1_f4xx_pwm_curr_fdbk.o(i.R3_1_RLGetPhaseCurrents)
    R3_1_RLSwitchOnPWM                       0x08003775   Thumb Code   168  r3_1_f4xx_pwm_curr_fdbk.o(i.R3_1_RLSwitchOnPWM)
    R3_1_RLTurnOnLowSides                    0x0800381d   Thumb Code    74  r3_1_f4xx_pwm_curr_fdbk.o(i.R3_1_RLTurnOnLowSides)
    R3_1_SetADCSampPointCalibration          0x08003867   Thumb Code    32  r3_1_f4xx_pwm_curr_fdbk.o(i.R3_1_SetADCSampPointCalibration)
    R3_1_SetADCSampPointSectX                0x08003887   Thumb Code    92  r3_1_f4xx_pwm_curr_fdbk.o(i.R3_1_SetADCSampPointSectX)
    R3_1_SetOffsetCalib                      0x080038e3   Thumb Code    22  r3_1_f4xx_pwm_curr_fdbk.o(i.R3_1_SetOffsetCalib)
    R3_1_SwitchOffPWM                        0x080038f9   Thumb Code    96  r3_1_f4xx_pwm_curr_fdbk.o(i.R3_1_SwitchOffPWM)
    R3_1_SwitchOnPWM                         0x08003959   Thumb Code   164  r3_1_f4xx_pwm_curr_fdbk.o(i.R3_1_SwitchOnPWM)
    R3_1_TIMx_UP_IRQHandler                  0x080039fd   Thumb Code    58  r3_1_f4xx_pwm_curr_fdbk.o(i.R3_1_TIMx_UP_IRQHandler)
    R3_1_TurnOnLowSides                      0x08003a37   Thumb Code    80  r3_1_f4xx_pwm_curr_fdbk.o(i.R3_1_TurnOnLowSides)
    R3_1_WriteTIMRegisters                   0x08003a87   Thumb Code    58  r3_1_f4xx_pwm_curr_fdbk.o(i.R3_1_WriteTIMRegisters)
    RCM_ExecRegularConv                      0x08003ac1   Thumb Code   114  regular_conversion_manager.o(i.RCM_ExecRegularConv)
    RCM_ExecUserConv                         0x08003b3d   Thumb Code    54  regular_conversion_manager.o(i.RCM_ExecUserConv)
    RCM_RegisterRegConv                      0x08003b7d   Thumb Code   232  regular_conversion_manager.o(i.RCM_RegisterRegConv)
    REMNG_Calc                               0x08003c6d   Thumb Code    44  ramp_ext_mngr.o(i.REMNG_Calc)
    REMNG_ExecRamp                           0x08003c99   Thumb Code   132  ramp_ext_mngr.o(i.REMNG_ExecRamp)
    REMNG_Init                               0x08003d1d   Thumb Code    16  ramp_ext_mngr.o(i.REMNG_Init)
    REMNG_RampCompleted                      0x08003d2d   Thumb Code    14  ramp_ext_mngr.o(i.REMNG_RampCompleted)
    RI_GetIDSize                             0x08003d3b   Thumb Code    34  register_interface.o(i.RI_GetIDSize)
    RI_GetPtrReg                             0x08003d5d   Thumb Code   212  register_interface.o(i.RI_GetPtrReg)
    RI_GetRegCommandParser                   0x080043b9   Thumb Code    76  register_interface.o(i.RI_GetRegCommandParser)
    RI_SetRegCommandParser                   0x080048cd   Thumb Code   140  register_interface.o(i.RI_SetRegCommandParser)
    RUC_Clear                                0x08004959   Thumb Code   136  revup_ctrl.o(i.RUC_Clear)
    RUC_Exec                                 0x080049e1   Thumb Code   104  revup_ctrl.o(i.RUC_Exec)
    RUC_FirstAccelerationStageReached        0x08004a49   Thumb Code    20  revup_ctrl.o(i.RUC_FirstAccelerationStageReached)
    RUC_GetNumberOfPhases                    0x08004a5d   Thumb Code     6  revup_ctrl.o(i.RUC_GetNumberOfPhases)
    RUC_GetPhase                             0x08004a63   Thumb Code    26  revup_ctrl.o(i.RUC_GetPhase)
    RUC_Init                                 0x08004a7d   Thumb Code    80  revup_ctrl.o(i.RUC_Init)
    RUC_SetPhase                             0x08004acd   Thumb Code    28  revup_ctrl.o(i.RUC_SetPhase)
    RVBS_CalcAvVbus                          0x08004ae9   Thumb Code    96  r_divider_bus_voltage_sensor.o(i.RVBS_CalcAvVbus)
    RVBS_CheckFaultState                     0x08004b49   Thumb Code    26  r_divider_bus_voltage_sensor.o(i.RVBS_CheckFaultState)
    RVBS_Clear                               0x08004b63   Thumb Code    40  r_divider_bus_voltage_sensor.o(i.RVBS_Clear)
    RVBS_Init                                0x08004b8b   Thumb Code    22  r_divider_bus_voltage_sensor.o(i.RVBS_Init)
    SPD_GetAvrgMecSpeedUnit                  0x08004ba1   Thumb Code     6  speed_pos_fdbk.o(i.SPD_GetAvrgMecSpeedUnit)
    SPD_GetElAngle                           0x08004ba7   Thumb Code     6  speed_pos_fdbk.o(i.SPD_GetElAngle)
    SPD_GetInstElSpeedDpp                    0x08004bad   Thumb Code     6  speed_pos_fdbk.o(i.SPD_GetInstElSpeedDpp)
    SPD_GetS16Speed                          0x08004bb3   Thumb Code    20  speed_pos_fdbk.o(i.SPD_GetS16Speed)
    SPD_IsMecSpeedReliable                   0x08004bc7   Thumb Code    94  speed_pos_fdbk.o(i.SPD_IsMecSpeedReliable)
    STC_CalcTorqueReference                  0x08004c25   Thumb Code    80  speed_torq_ctrl.o(i.STC_CalcTorqueReference)
    STC_Clear                                0x08004c75   Thumb Code    16  speed_torq_ctrl.o(i.STC_Clear)
    STC_ExecRamp                             0x08004c85   Thumb Code   144  speed_torq_ctrl.o(i.STC_ExecRamp)
    STC_ForceSpeedReferenceToCurrentSpeed    0x08004d15   Thumb Code    16  speed_torq_ctrl.o(i.STC_ForceSpeedReferenceToCurrentSpeed)
    STC_GetDefaultIqdref                     0x08004d25   Thumb Code    16  speed_torq_ctrl.o(i.STC_GetDefaultIqdref)
    STC_GetMecSpeedRefUnit                   0x08004d35   Thumb Code     6  speed_torq_ctrl.o(i.STC_GetMecSpeedRefUnit)
    STC_GetMecSpeedRefUnitDefault            0x08004d3b   Thumb Code     6  speed_torq_ctrl.o(i.STC_GetMecSpeedRefUnitDefault)
    STC_GetSpeedSensor                       0x08004d41   Thumb Code     4  speed_torq_ctrl.o(i.STC_GetSpeedSensor)
    STC_GetTorqueRef                         0x08004d45   Thumb Code     6  speed_torq_ctrl.o(i.STC_GetTorqueRef)
    STC_Init                                 0x08004d4b   Thumb Code    32  speed_torq_ctrl.o(i.STC_Init)
    STC_SetControlMode                       0x08004d6b   Thumb Code     8  speed_torq_ctrl.o(i.STC_SetControlMode)
    STC_SetSpeedSensor                       0x08004d73   Thumb Code     4  speed_torq_ctrl.o(i.STC_SetSpeedSensor)
    STC_StopRamp                             0x08004d77   Thumb Code     8  speed_torq_ctrl.o(i.STC_StopRamp)
    STO_OTF_ResetPLL                         0x08004d7f   Thumb Code    10  sto_pll_speed_pos_fdbk.o(i.STO_OTF_ResetPLL)
    STO_PLL_CalcAvrgElSpeedDpp               0x08004d89   Thumb Code    74  sto_pll_speed_pos_fdbk.o(i.STO_PLL_CalcAvrgElSpeedDpp)
    STO_PLL_CalcAvrgMecSpeedUnit             0x08004dd3   Thumb Code   326  sto_pll_speed_pos_fdbk.o(i.STO_PLL_CalcAvrgMecSpeedUnit)
    STO_PLL_CalcElAngle                      0x08004f19   Thumb Code   454  sto_pll_speed_pos_fdbk.o(i.STO_PLL_CalcElAngle)
    STO_PLL_Clear                            0x080050df   Thumb Code    96  sto_pll_speed_pos_fdbk.o(i.STO_PLL_Clear)
    STO_PLL_ForceConvergency1                0x0800513f   Thumb Code    10  sto_pll_speed_pos_fdbk.o(i.STO_PLL_ForceConvergency1)
    STO_PLL_ForceConvergency2                0x08005149   Thumb Code    10  sto_pll_speed_pos_fdbk.o(i.STO_PLL_ForceConvergency2)
    STO_PLL_GetEstimatedBemf                 0x08005153   Thumb Code    18  sto_pll_speed_pos_fdbk.o(i.STO_PLL_GetEstimatedBemf)
    STO_PLL_GetEstimatedBemfLevel            0x08005165   Thumb Code     6  sto_pll_speed_pos_fdbk.o(i.STO_PLL_GetEstimatedBemfLevel)
    STO_PLL_GetEstimatedCurrent              0x0800516b   Thumb Code    24  sto_pll_speed_pos_fdbk.o(i.STO_PLL_GetEstimatedCurrent)
    STO_PLL_GetObservedBemfLevel             0x08005183   Thumb Code     6  sto_pll_speed_pos_fdbk.o(i.STO_PLL_GetObservedBemfLevel)
    STO_PLL_GetObserverGains                 0x08005189   Thumb Code    10  sto_pll_speed_pos_fdbk.o(i.STO_PLL_GetObserverGains)
    STO_PLL_Init                             0x08005195   Thumb Code    88  sto_pll_speed_pos_fdbk.o(i.STO_PLL_Init)
    STO_PLL_IsObserverConverged              0x080051f1   Thumb Code   162  sto_pll_speed_pos_fdbk.o(i.STO_PLL_IsObserverConverged)
    STO_PLL_IsVarianceTight                  0x08005293   Thumb Code     8  sto_pll_speed_pos_fdbk.o(i.STO_PLL_IsVarianceTight)
    STO_PLL_SetObserverGains                 0x0800529b   Thumb Code     6  sto_pll_speed_pos_fdbk.o(i.STO_PLL_SetObserverGains)
    STO_ResetPLL                             0x080052a1   Thumb Code     8  sto_pll_speed_pos_fdbk.o(i.STO_ResetPLL)
    SysTick_Handler                          0x080052a9   Thumb Code    36  stm32f4xx_mc_it.o(i.SysTick_Handler)
    SystemClock_Config                       0x080052d1   Thumb Code   140  main.o(i.SystemClock_Config)
    SystemInit                               0x08005365   Thumb Code    12  system_stm32f4xx.o(i.SystemInit)
    TIM1_BRK_TIM9_IRQHandler                 0x08005375   Thumb Code    38  stm32f4xx_mc_it.o(i.TIM1_BRK_TIM9_IRQHandler)
    TIM1_UP_TIM10_IRQHandler                 0x080053a1   Thumb Code    20  stm32f4xx_mc_it.o(i.TIM1_UP_TIM10_IRQHandler)
    TIM_Base_SetConfig                       0x080053b9   Thumb Code   122  stm32f4xx_hal_tim.o(i.TIM_Base_SetConfig)
    TIM_ETR_SetConfig                        0x08005451   Thumb Code    20  stm32f4xx_hal_tim.o(i.TIM_ETR_SetConfig)
    TIM_OC2_SetConfig                        0x080054b5   Thumb Code    84  stm32f4xx_hal_tim.o(i.TIM_OC2_SetConfig)
    TSK_ChargeBootCapDelayHasElapsedM1       0x0800567d   Thumb Code    14  mc_tasks.o(i.TSK_ChargeBootCapDelayHasElapsedM1)
    TSK_HardwareFaultTask                    0x08005691   Thumb Code    24  mc_tasks.o(i.TSK_HardwareFaultTask)
    TSK_HighFrequencyTask                    0x080056b1   Thumb Code   164  mc_tasks.o(i.TSK_HighFrequencyTask)
    TSK_MF_StopProcessing                    0x08005779   Thumb Code    50  mc_tasks.o(i.TSK_MF_StopProcessing)
    TSK_MediumFrequencyTaskM1                0x080057b9   Thumb Code   654  mc_tasks.o(i.TSK_MediumFrequencyTaskM1)
    TSK_SafetyTask                           0x08005a6d   Thumb Code    26  mc_tasks.o(i.TSK_SafetyTask)
    TSK_SafetyTask_PWMOFF                    0x08005a8d   Thumb Code   126  mc_tasks.o(i.TSK_SafetyTask_PWMOFF)
    TSK_SetChargeBootCapDelayM1              0x08005b29   Thumb Code     6  mc_tasks.o(i.TSK_SetChargeBootCapDelayM1)
    TSK_SetStopPermanencyTimeM1              0x08005b35   Thumb Code     6  mc_tasks.o(i.TSK_SetStopPermanencyTimeM1)
    TSK_StopPermanencyTimeHasElapsedM1       0x08005b41   Thumb Code    14  mc_tasks.o(i.TSK_StopPermanencyTimeHasElapsedM1)
    UASPEP_DAMCONFIG_RX                      0x08005c61   Thumb Code    86  usart_aspep_driver.o(i.UASPEP_DAMCONFIG_RX)
    UASPEP_DAMCONFIG_TX                      0x08005cbd   Thumb Code    74  usart_aspep_driver.o(i.UASPEP_DAMCONFIG_TX)
    UASPEP_IDLE_ENABLE                       0x08005d0d   Thumb Code    34  usart_aspep_driver.o(i.UASPEP_IDLE_ENABLE)
    UASPEP_INIT                              0x08005d2f   Thumb Code    18  usart_aspep_driver.o(i.UASPEP_INIT)
    UASPEP_RECEIVE_BUFFER                    0x08005d41   Thumb Code    36  usart_aspep_driver.o(i.UASPEP_RECEIVE_BUFFER)
    UASPEP_SEND_PACKET                       0x08005d69   Thumb Code   106  usart_aspep_driver.o(i.UASPEP_SEND_PACKET)
    UI_HandleStartStopButton_cb              0x08005dd9   Thumb Code    24  mc_tasks.o(i.UI_HandleStartStopButton_cb)
    USART1_IRQHandler                        0x08005df1   Thumb Code   258  stm32f4xx_mc_it.o(i.USART1_IRQHandler)
    VBS_GetAvBusVoltage_V                    0x08005f05   Thumb Code    10  bus_voltage_sensor.o(i.VBS_GetAvBusVoltage_V)
    VBS_GetAvBusVoltage_d                    0x08005f0f   Thumb Code     4  bus_voltage_sensor.o(i.VBS_GetAvBusVoltage_d)
    VSS_CalcAvrgMecSpeedUnit                 0x08005f13   Thumb Code   134  virtual_speed_sensor.o(i.VSS_CalcAvrgMecSpeedUnit)
    VSS_CalcElAngle                          0x08005f99   Thumb Code   150  virtual_speed_sensor.o(i.VSS_CalcElAngle)
    VSS_Clear                                0x0800602f   Thumb Code    44  virtual_speed_sensor.o(i.VSS_Clear)
    VSS_Init                                 0x0800605b   Thumb Code     8  virtual_speed_sensor.o(i.VSS_Init)
    VSS_SetMecAcceleration                   0x08006063   Thumb Code   122  virtual_speed_sensor.o(i.VSS_SetMecAcceleration)
    VSS_SetMecAngle                          0x080060dd   Thumb Code    14  virtual_speed_sensor.o(i.VSS_SetMecAngle)
    VSS_SetStartTransition                   0x080060eb   Thumb Code    28  virtual_speed_sensor.o(i.VSS_SetStartTransition)
    VSS_TransitionEnded                      0x08006107   Thumb Code     6  virtual_speed_sensor.o(i.VSS_TransitionEnded)
    getScalingFactor                         0x080061d5   Thumb Code    42  ramp_ext_mngr.o(i.getScalingFactor)
    main                                     0x08006201   Thumb Code    88  main.o(i.main)
    mc_lock_pins                             0x08006265   Thumb Code    94  mc_tasks.o(i.mc_lock_pins)
    startTimers                              0x080062d1   Thumb Code    88  pwm_common.o(i.startTimers)
    waitForPolarizationEnd                   0x0800632d   Thumb Code    56  pwm_common.o(i.waitForPolarizationEnd)
    _fp_init                                 0x08006365   Thumb Code    10  fpinit.o(x$fpl$fpinit)
    __fplib_config_fpu_vfp                   0x0800636d   Thumb Code     0  fpinit.o(x$fpl$fpinit)
    __fplib_config_pureend_doubles           0x0800636d   Thumb Code     0  fpinit.o(x$fpl$fpinit)
    hSin_Cos_Table                           0x08006372   Data         512  mc_math.o(.constdata)
    R3_1_ParamsM1                            0x0800657c   Data         120  mc_parameters.o(.constdata)
    CTL_BOARD                                0x08006600   Data          16  mc_configuration_registers.o(.constdata)
    FIRMWARE_NAME                            0x08006621   Data          24  mc_configuration_registers.o(.constdata)
    globalConfig_reg                         0x08006639   Data          10  mc_configuration_registers.o(.constdata)
    M1_MotorConfig_reg                       0x08006651   Data          60  mc_configuration_registers.o(.constdata)
    AHBPrescTable                            0x080067b3   Data          16  system_stm32f4xx.o(.constdata)
    APBPrescTable                            0x080067c3   Data           8  system_stm32f4xx.o(.constdata)
    Region$$Table$$Base                      0x080067dc   Number         0  anon$$obj.o(Region$$Table)
    Region$$Table$$Limit                     0x080067fc   Number         0  anon$$obj.o(Region$$Table)
    pMCI                                     0x20000000   Data           4  motorcontrol.o(.data)
    PQD_MotorPowMeasM1                       0x20000004   Data         276  mc_config.o(.data)
    PIDSpeedHandle_M1                        0x20000118   Data          44  mc_config.o(.data)
    PIDIqHandle_M1                           0x20000144   Data          44  mc_config.o(.data)
    PIDIdHandle_M1                           0x20000170   Data          44  mc_config.o(.data)
    SpeednTorqCtrlM1                         0x2000019c   Data          52  mc_config.o(.data)
    RevUpControlM1                           0x200001d0   Data         120  mc_config.o(.data)
    PWM_Handle_M1                            0x20000248   Data         152  mc_config.o(.data)
    VirtualSpeedSensorM1                     0x200002e0   Data          56  mc_config.o(.data)
    STO_PLL_M1                               0x20000318   Data         296  mc_config.o(.data)
    STO_M1                                   0x20000440   Data          20  mc_config.o(.data)
    TempSensor_M1                            0x20000454   Data          40  mc_config.o(.data)
    BusVoltageSensor_M1                      0x2000047c   Data          40  mc_config.o(.data)
    RampExtMngrHFParamsM1                    0x200004a4   Data          24  mc_config.o(.data)
    CircleLimitationM1                       0x200004bc   Data         180  mc_config.o(.data)
    pSTC                                     0x20000570   Data           4  mc_config.o(.data)
    pPIDIq                                   0x20000574   Data           4  mc_config.o(.data)
    pPIDId                                   0x20000578   Data           4  mc_config.o(.data)
    pTemperatureSensor                       0x2000057c   Data           4  mc_config.o(.data)
    pMPM                                     0x20000580   Data           4  mc_config.o(.data)
    aspepOverUartA                           0x20000598   Data         116  mcp_config.o(.data)
    MCP_Over_UartA                           0x2000060c   Data          16  mcp_config.o(.data)
    MCPA_UART_A                              0x2000061c   Data          44  mcp_config.o(.data)
    MCP_UserCallBack                         0x20000648   Data           8  mcp_config.o(.data)
    PWR_BOARD_NAME                           0x2000067c   Data           4  mc_configuration_registers.o(.data)
    FOCConfig_reg                            0x20000680   Data           4  mc_configuration_registers.o(.data)
    MotorConfig_reg                          0x20000684   Data           4  mc_configuration_registers.o(.data)
    ApplicationConfig_reg                    0x20000688   Data           4  mc_configuration_registers.o(.data)
    uwTickFreq                               0x2000068c   Data           1  stm32f4xx_hal.o(.data)
    uwTickPrio                               0x20000690   Data           4  stm32f4xx_hal.o(.data)
    uwTick                                   0x20000694   Data           4  stm32f4xx_hal.o(.data)
    SystemCoreClock                          0x20000698   Data           4  system_stm32f4xx.o(.data)
    GLOBAL_TIMESTAMP                         0x2000069c   Data           4  mcpa.o(.data)
    hadc1                                    0x200006a0   Data          72  main.o(.bss)
    htim1                                    0x200006e8   Data          72  main.o(.bss)
    huart1                                   0x20000730   Data          68  main.o(.bss)
    hdma_usart1_rx                           0x20000774   Data          96  main.o(.bss)
    hdma_usart1_tx                           0x200007d4   Data          96  main.o(.bss)
    Mci                                      0x20000848   Data          32  mc_config.o(.bss)
    dataPtrTableA                            0x20001a7c   Data          40  mcp_config.o(.bss)
    dataPtrTableBuffA                        0x20001aa4   Data          40  mcp_config.o(.bss)
    dataSizeTableA                           0x20001acc   Data          10  mcp_config.o(.bss)
    dataSizeTableBuffA                       0x20001ad6   Data          10  mcp_config.o(.bss)
    __libspace_start                         0x20001b38   Data          96  libspace.o(.bss)
    __temporary_stack_top$libspace           0x20001b98   Data           0  libspace.o(.bss)



==============================================================================

Memory Map of the image

  Image Entry point : 0x08000195

  Load Region LR_IROM1 (Base: 0x08000000, Size: 0x00006e9c, Max: 0x00080000, ABSOLUTE, COMPRESSED[0x000069d4])

    Execution Region ER_IROM1 (Exec base: 0x08000000, Load base: 0x08000000, Size: 0x000067fc, Max: 0x00080000, ABSOLUTE)

    Exec Addr    Load Addr    Size         Type   Attr      Idx    E Section Name        Object

    0x08000000   0x08000000   0x00000194   Data   RO            3    RESET               startup_stm32f401xe.o
    0x08000194   0x08000194   0x00000008   Code   RO         6417  * !!!main             c_w.l(__main.o)
    0x0800019c   0x0800019c   0x00000034   Code   RO         6611    !!!scatter          c_w.l(__scatter.o)
    0x080001d0   0x080001d0   0x0000005a   Code   RO         6609    !!dczerorl2         c_w.l(__dczerorl2.o)
    0x0800022a   0x0800022a   0x00000002   PAD
    0x0800022c   0x0800022c   0x0000001c   Code   RO         6613    !!handler_zi        c_w.l(__scatter_zi.o)
    0x08000248   0x08000248   0x00000002   Code   RO         6479    .ARM.Collect$$libinit$$00000000  c_w.l(libinit.o)
    0x0800024a   0x0800024a   0x00000004   Code   RO         6491    .ARM.Collect$$libinit$$00000001  c_w.l(libinit2.o)
    0x0800024e   0x0800024e   0x00000000   Code   RO         6494    .ARM.Collect$$libinit$$00000004  c_w.l(libinit2.o)
    0x0800024e   0x0800024e   0x00000000   Code   RO         6497    .ARM.Collect$$libinit$$0000000A  c_w.l(libinit2.o)
    0x0800024e   0x0800024e   0x00000000   Code   RO         6499    .ARM.Collect$$libinit$$0000000C  c_w.l(libinit2.o)
    0x0800024e   0x0800024e   0x00000000   Code   RO         6501    .ARM.Collect$$libinit$$0000000E  c_w.l(libinit2.o)
    0x0800024e   0x0800024e   0x00000000   Code   RO         6504    .ARM.Collect$$libinit$$00000011  c_w.l(libinit2.o)
    0x0800024e   0x0800024e   0x00000000   Code   RO         6506    .ARM.Collect$$libinit$$00000013  c_w.l(libinit2.o)
    0x0800024e   0x0800024e   0x00000000   Code   RO         6508    .ARM.Collect$$libinit$$00000015  c_w.l(libinit2.o)
    0x0800024e   0x0800024e   0x00000000   Code   RO         6510    .ARM.Collect$$libinit$$00000017  c_w.l(libinit2.o)
    0x0800024e   0x0800024e   0x00000000   Code   RO         6512    .ARM.Collect$$libinit$$00000019  c_w.l(libinit2.o)
    0x0800024e   0x0800024e   0x00000000   Code   RO         6514    .ARM.Collect$$libinit$$0000001B  c_w.l(libinit2.o)
    0x0800024e   0x0800024e   0x00000000   Code   RO         6516    .ARM.Collect$$libinit$$0000001D  c_w.l(libinit2.o)
    0x0800024e   0x0800024e   0x00000000   Code   RO         6518    .ARM.Collect$$libinit$$0000001F  c_w.l(libinit2.o)
    0x0800024e   0x0800024e   0x00000000   Code   RO         6520    .ARM.Collect$$libinit$$00000021  c_w.l(libinit2.o)
    0x0800024e   0x0800024e   0x00000000   Code   RO         6522    .ARM.Collect$$libinit$$00000023  c_w.l(libinit2.o)
    0x0800024e   0x0800024e   0x00000000   Code   RO         6524    .ARM.Collect$$libinit$$00000025  c_w.l(libinit2.o)
    0x0800024e   0x0800024e   0x00000000   Code   RO         6528    .ARM.Collect$$libinit$$0000002C  c_w.l(libinit2.o)
    0x0800024e   0x0800024e   0x00000000   Code   RO         6530    .ARM.Collect$$libinit$$0000002E  c_w.l(libinit2.o)
    0x0800024e   0x0800024e   0x00000000   Code   RO         6532    .ARM.Collect$$libinit$$00000030  c_w.l(libinit2.o)
    0x0800024e   0x0800024e   0x00000000   Code   RO         6534    .ARM.Collect$$libinit$$00000032  c_w.l(libinit2.o)
    0x0800024e   0x0800024e   0x00000002   Code   RO         6535    .ARM.Collect$$libinit$$00000033  c_w.l(libinit2.o)
    0x08000250   0x08000250   0x00000002   Code   RO         6566    .ARM.Collect$$libshutdown$$00000000  c_w.l(libshutdown.o)
    0x08000252   0x08000252   0x00000000   Code   RO         6592    .ARM.Collect$$libshutdown$$00000002  c_w.l(libshutdown2.o)
    0x08000252   0x08000252   0x00000000   Code   RO         6594    .ARM.Collect$$libshutdown$$00000004  c_w.l(libshutdown2.o)
    0x08000252   0x08000252   0x00000000   Code   RO         6597    .ARM.Collect$$libshutdown$$00000007  c_w.l(libshutdown2.o)
    0x08000252   0x08000252   0x00000000   Code   RO         6600    .ARM.Collect$$libshutdown$$0000000A  c_w.l(libshutdown2.o)
    0x08000252   0x08000252   0x00000000   Code   RO         6602    .ARM.Collect$$libshutdown$$0000000C  c_w.l(libshutdown2.o)
    0x08000252   0x08000252   0x00000000   Code   RO         6605    .ARM.Collect$$libshutdown$$0000000F  c_w.l(libshutdown2.o)
    0x08000252   0x08000252   0x00000002   Code   RO         6606    .ARM.Collect$$libshutdown$$00000010  c_w.l(libshutdown2.o)
    0x08000254   0x08000254   0x00000000   Code   RO         6435    .ARM.Collect$$rtentry$$00000000  c_w.l(__rtentry.o)
    0x08000254   0x08000254   0x00000000   Code   RO         6450    .ARM.Collect$$rtentry$$00000002  c_w.l(__rtentry2.o)
    0x08000254   0x08000254   0x00000006   Code   RO         6462    .ARM.Collect$$rtentry$$00000004  c_w.l(__rtentry4.o)
    0x0800025a   0x0800025a   0x00000000   Code   RO         6452    .ARM.Collect$$rtentry$$00000009  c_w.l(__rtentry2.o)
    0x0800025a   0x0800025a   0x00000004   Code   RO         6453    .ARM.Collect$$rtentry$$0000000A  c_w.l(__rtentry2.o)
    0x0800025e   0x0800025e   0x00000000   Code   RO         6455    .ARM.Collect$$rtentry$$0000000C  c_w.l(__rtentry2.o)
    0x0800025e   0x0800025e   0x00000008   Code   RO         6456    .ARM.Collect$$rtentry$$0000000D  c_w.l(__rtentry2.o)
    0x08000266   0x08000266   0x00000002   Code   RO         6483    .ARM.Collect$$rtexit$$00000000  c_w.l(rtexit.o)
    0x08000268   0x08000268   0x00000000   Code   RO         6539    .ARM.Collect$$rtexit$$00000002  c_w.l(rtexit2.o)
    0x08000268   0x08000268   0x00000004   Code   RO         6540    .ARM.Collect$$rtexit$$00000003  c_w.l(rtexit2.o)
    0x0800026c   0x0800026c   0x00000006   Code   RO         6541    .ARM.Collect$$rtexit$$00000004  c_w.l(rtexit2.o)
    0x08000272   0x08000272   0x00000002   PAD
    0x08000274   0x08000274   0x00000040   Code   RO            4    .text               startup_stm32f401xe.o
    0x080002b4   0x080002b4   0x000000ee   Code   RO         6405    .text               c_w.l(lludivv7m.o)
    0x080003a2   0x080003a2   0x00000048   Code   RO         6407    .text               c_w.l(llsdiv.o)
    0x080003ea   0x080003ea   0x0000008a   Code   RO         6409    .text               c_w.l(rt_memcpy_v6.o)
    0x08000474   0x08000474   0x00000064   Code   RO         6411    .text               c_w.l(rt_memcpy_w.o)
    0x080004d8   0x080004d8   0x0000004e   Code   RO         6413    .text               c_w.l(rt_memclr_w.o)
    0x08000526   0x08000526   0x00000006   Code   RO         6415    .text               c_w.l(heapauxi.o)
    0x0800052c   0x0800052c   0x0000004a   Code   RO         6466    .text               c_w.l(sys_stackheap_outer.o)
    0x08000576   0x08000576   0x00000012   Code   RO         6468    .text               c_w.l(exit.o)
    0x08000588   0x08000588   0x00000008   Code   RO         6480    .text               c_w.l(libspace.o)
    0x08000590   0x08000590   0x0000000c   Code   RO         6536    .text               c_w.l(sys_exit.o)
    0x0800059c   0x0800059c   0x00000002   Code   RO         6555    .text               c_w.l(use_no_semi.o)
    0x0800059e   0x0800059e   0x00000000   Code   RO         6557    .text               c_w.l(indicate_semi.o)
    0x0800059e   0x0800059e   0x00000002   PAD
    0x080005a0   0x080005a0   0x00000020   Code   RO         1552    i.ADC_IRQHandler    stm32f4xx_mc_it.o
    0x080005c0   0x080005c0   0x00000128   Code   RO         2095    i.ADC_Init          stm32f4xx_hal_adc.o
    0x080006e8   0x080006e8   0x0000007a   Code   RO         1914    i.ASPEP_CheckBeacon  aspep.o
    0x08000762   0x08000762   0x00000018   Code   RO         1915    i.ASPEP_HWDMAReset  aspep.o
    0x0800077a   0x0800077a   0x00000002   PAD
    0x0800077c   0x0800077c   0x00000090   Code   RO         1916    i.ASPEP_HWDataReceivedIT  aspep.o
    0x0800080c   0x0800080c   0x00000094   Code   RO         1917    i.ASPEP_HWDataTransmittedIT  aspep.o
    0x080008a0   0x080008a0   0x0000010c   Code   RO         1918    i.ASPEP_RXframeProcess  aspep.o
    0x080009ac   0x080009ac   0x000000d0   Code   RO         1919    i.ASPEP_TXframeProcess  aspep.o
    0x08000a7c   0x08000a7c   0x00000054   Code   RO         1920    i.ASPEP_getBuffer   aspep.o
    0x08000ad0   0x08000ad0   0x00000032   Code   RO         1921    i.ASPEP_sendBeacon  aspep.o
    0x08000b02   0x08000b02   0x00000018   Code   RO         1922    i.ASPEP_sendNack    aspep.o
    0x08000b1a   0x08000b1a   0x0000004e   Code   RO         1923    i.ASPEP_sendPacket  aspep.o
    0x08000b68   0x08000b68   0x0000003e   Code   RO         1924    i.ASPEP_sendPing    aspep.o
    0x08000ba6   0x08000ba6   0x00000028   Code   RO         1925    i.ASPEP_start       aspep.o
    0x08000bce   0x08000bce   0x00000058   Code   RO         4960    i.Circle_Limitation  circle_limitation.o
    0x08000c26   0x08000c26   0x00000002   PAD
    0x08000c28   0x08000c28   0x00000024   Code   RO         1553    i.DMA2_Stream2_IRQHandler  stm32f4xx_mc_it.o
    0x08000c4c   0x08000c4c   0x00000028   Code   RO         2853    i.DMA_CalcBaseAndBitshift  stm32f4xx_hal_dma.o
    0x08000c74   0x08000c74   0x00000054   Code   RO         2854    i.DMA_CheckFifoParam  stm32f4xx_hal_dma.o
    0x08000cc8   0x08000cc8   0x00000018   Code   RO         1554    i.EXTI4_IRQHandler  stm32f4xx_mc_it.o
    0x08000ce0   0x08000ce0   0x00000004   Code   RO           13    i.Error_Handler     main.o
    0x08000ce4   0x08000ce4   0x00000030   Code   RO          732    i.FOC_CalcCurrRef   mc_tasks.o
    0x08000d14   0x08000d14   0x0000006c   Code   RO          733    i.FOC_Clear         mc_tasks.o
    0x08000d80   0x08000d80   0x000000b4   Code   RO          734    i.FOC_CurrControllerM1  mc_tasks.o
    0x08000e34   0x08000e34   0x00000002   Code   RO          735    i.FOC_InitAdditionalMethods  mc_tasks.o
    0x08000e36   0x08000e36   0x00000002   PAD
    0x08000e38   0x08000e38   0x000001bc   Code   RO         2265    i.HAL_ADCEx_InjectedConfigChannel  stm32f4xx_hal_adc_ex.o
    0x08000ff4   0x08000ff4   0x0000014c   Code   RO         2097    i.HAL_ADC_ConfigChannel  stm32f4xx_hal_adc.o
    0x08001140   0x08001140   0x00000054   Code   RO         2106    i.HAL_ADC_Init      stm32f4xx_hal_adc.o
    0x08001194   0x08001194   0x00000084   Code   RO         2026    i.HAL_ADC_MspInit   stm32f4xx_hal_msp.o
    0x08001218   0x08001218   0x000000d4   Code   RO         2862    i.HAL_DMA_Init      stm32f4xx_hal_dma.o
    0x080012ec   0x080012ec   0x000001e0   Code   RO         2749    i.HAL_GPIO_Init     stm32f4xx_hal_gpio.o
    0x080014cc   0x080014cc   0x0000000c   Code   RO         3305    i.HAL_GetTick       stm32f4xx_hal.o
    0x080014d8   0x080014d8   0x00000010   Code   RO         3311    i.HAL_IncTick       stm32f4xx_hal.o
    0x080014e8   0x080014e8   0x00000034   Code   RO         3312    i.HAL_Init          stm32f4xx_hal.o
    0x0800151c   0x0800151c   0x00000040   Code   RO         3313    i.HAL_InitTick      stm32f4xx_hal.o
    0x0800155c   0x0800155c   0x00000034   Code   RO         2027    i.HAL_MspInit       stm32f4xx_hal_msp.o
    0x08001590   0x08001590   0x0000001a   Code   RO         3162    i.HAL_NVIC_EnableIRQ  stm32f4xx_hal_cortex.o
    0x080015aa   0x080015aa   0x00000002   PAD
    0x080015ac   0x080015ac   0x00000040   Code   RO         3168    i.HAL_NVIC_SetPriority  stm32f4xx_hal_cortex.o
    0x080015ec   0x080015ec   0x00000024   Code   RO         3169    i.HAL_NVIC_SetPriorityGrouping  stm32f4xx_hal_cortex.o
    0x08001610   0x08001610   0x00000134   Code   RO         2371    i.HAL_RCC_ClockConfig  stm32f4xx_hal_rcc.o
    0x08001744   0x08001744   0x0000000c   Code   RO         2374    i.HAL_RCC_EnableCSS  stm32f4xx_hal_rcc.o
    0x08001750   0x08001750   0x0000000c   Code   RO         2376    i.HAL_RCC_GetHCLKFreq  stm32f4xx_hal_rcc.o
    0x0800175c   0x0800175c   0x00000020   Code   RO         2378    i.HAL_RCC_GetPCLK1Freq  stm32f4xx_hal_rcc.o
    0x0800177c   0x0800177c   0x00000020   Code   RO         2379    i.HAL_RCC_GetPCLK2Freq  stm32f4xx_hal_rcc.o
    0x0800179c   0x0800179c   0x00000060   Code   RO         2380    i.HAL_RCC_GetSysClockFreq  stm32f4xx_hal_rcc.o
    0x080017fc   0x080017fc   0x0000036c   Code   RO         2383    i.HAL_RCC_OscConfig  stm32f4xx_hal_rcc.o
    0x08001b68   0x08001b68   0x00000002   Code   RO         3172    i.HAL_SYSTICK_Callback  stm32f4xx_hal_cortex.o
    0x08001b6a   0x08001b6a   0x00000028   Code   RO         3173    i.HAL_SYSTICK_Config  stm32f4xx_hal_cortex.o
    0x08001b92   0x08001b92   0x00000008   Code   RO         3174    i.HAL_SYSTICK_IRQHandler  stm32f4xx_hal_cortex.o
    0x08001b9a   0x08001b9a   0x00000054   Code   RO         4259    i.HAL_TIMEx_ConfigBreakDeadTime  stm32f4xx_hal_tim_ex.o
    0x08001bee   0x08001bee   0x00000002   PAD
    0x08001bf0   0x08001bf0   0x0000007c   Code   RO         4275    i.HAL_TIMEx_MasterConfigSynchronization  stm32f4xx_hal_tim_ex.o
    0x08001c6c   0x08001c6c   0x0000005a   Code   RO         3552    i.HAL_TIM_Base_Init  stm32f4xx_hal_tim.o
    0x08001cc6   0x08001cc6   0x00000002   PAD
    0x08001cc8   0x08001cc8   0x00000028   Code   RO         2029    i.HAL_TIM_Base_MspInit  stm32f4xx_hal_msp.o
    0x08001cf0   0x08001cf0   0x0000007c   Code   RO         2030    i.HAL_TIM_MspPostInit  stm32f4xx_hal_msp.o
    0x08001d6c   0x08001d6c   0x000000cc   Code   RO         3624    i.HAL_TIM_PWM_ConfigChannel  stm32f4xx_hal_tim.o
    0x08001e38   0x08001e38   0x0000005a   Code   RO         3627    i.HAL_TIM_PWM_Init  stm32f4xx_hal_tim.o
    0x08001e92   0x08001e92   0x00000002   Code   RO         3629    i.HAL_TIM_PWM_MspInit  stm32f4xx_hal_tim.o
    0x08001e94   0x08001e94   0x00000056   Code   RO         3641    i.HAL_TIM_SlaveConfigSynchro  stm32f4xx_hal_tim.o
    0x08001eea   0x08001eea   0x00000062   Code   RO         4552    i.HAL_UART_Init     stm32f4xx_hal_uart.o
    0x08001f4c   0x08001f4c   0x000000d4   Code   RO         2032    i.HAL_UART_MspInit  stm32f4xx_hal_msp.o
    0x08002020   0x08002020   0x00000006   Code   RO         1555    i.HardFault_Handler  stm32f4xx_mc_it.o
    0x08002026   0x08002026   0x00000002   PAD
    0x08002028   0x08002028   0x00000014   Code   RO         1804    i.LL_DMA_EnableStream  usart_aspep_driver.o
    0x0800203c   0x0800203c   0x00000018   Code   RO         1805    i.LL_DMA_SetDataLength  usart_aspep_driver.o
    0x08002054   0x08002054   0x00000012   Code   RO          737    i.LL_GPIO_LockPin   mc_tasks.o
    0x08002066   0x08002066   0x0000000e   Code   RO         6124    i.LL_TIM_CC_IsEnabledChannel  r3_1_f4xx_pwm_curr_fdbk.o
    0x08002074   0x08002074   0x0000005c   Code   RO         6125    i.LL_TIM_OC_SetMode  r3_1_f4xx_pwm_curr_fdbk.o
    0x080020d0   0x080020d0   0x00000010   Code   RO         1225    i.MCI_Clear_Iqdref  mc_interface.o
    0x080020e0   0x080020e0   0x0000006a   Code   RO         1226    i.MCI_ExecBufferedCommands  mc_interface.o
    0x0800214a   0x0800214a   0x0000000e   Code   RO         1227    i.MCI_ExecSpeedRamp  mc_interface.o
    0x08002158   0x08002158   0x00000012   Code   RO         1229    i.MCI_ExecTorqueRamp  mc_interface.o
    0x0800216a   0x0800216a   0x00000024   Code   RO         1231    i.MCI_FaultAcknowledged  mc_interface.o
    0x0800218e   0x0800218e   0x00000010   Code   RO         1232    i.MCI_FaultProcessing  mc_interface.o
    0x0800219e   0x0800219e   0x00000010   Code   RO         1233    i.MCI_GetAvrgMecSpeedUnit  mc_interface.o
    0x080021ae   0x080021ae   0x00000004   Code   RO         1236    i.MCI_GetControlMode  mc_interface.o
    0x080021b2   0x080021b2   0x00000004   Code   RO         1237    i.MCI_GetCurrentFaults  mc_interface.o
    0x080021b6   0x080021b6   0x0000000a   Code   RO         1239    i.MCI_GetFaultState  mc_interface.o
    0x080021c0   0x080021c0   0x00000006   Code   RO         1240    i.MCI_GetIab        mc_interface.o
    0x080021c6   0x080021c6   0x00000006   Code   RO         1242    i.MCI_GetIalphabeta  mc_interface.o
    0x080021cc   0x080021cc   0x0000002e   Code   RO         1243    i.MCI_GetImposedMotorDirection  mc_interface.o
    0x080021fa   0x080021fa   0x00000006   Code   RO         1244    i.MCI_GetIqd        mc_interface.o
    0x08002200   0x08002200   0x00000006   Code   RO         1247    i.MCI_GetIqdref     mc_interface.o
    0x08002206   0x08002206   0x00000004   Code   RO         1249    i.MCI_GetLastRampFinalDuration  mc_interface.o
    0x0800220a   0x0800220a   0x00000006   Code   RO         1250    i.MCI_GetLastRampFinalSpeed  mc_interface.o
    0x08002210   0x08002210   0x00000006   Code   RO         1252    i.MCI_GetLastRampFinalTorque  mc_interface.o
    0x08002216   0x08002216   0x00000006   Code   RO         1253    i.MCI_GetMecSpeedRefUnit  mc_interface.o
    0x0800221c   0x0800221c   0x00000004   Code   RO         1255    i.MCI_GetOccurredFaults  mc_interface.o
    0x08002220   0x08002220   0x00000004   Code   RO         1258    i.MCI_GetSTMState   mc_interface.o
    0x08002224   0x08002224   0x00000008   Code   RO         1260    i.MCI_GetTeref      mc_interface.o
    0x0800222c   0x0800222c   0x00000008   Code   RO         1262    i.MCI_GetValphabeta  mc_interface.o
    0x08002234   0x08002234   0x00000008   Code   RO         1263    i.MCI_GetVqd        mc_interface.o
    0x0800223c   0x0800223c   0x0000001a   Code   RO         1264    i.MCI_Init          mc_interface.o
    0x08002256   0x08002256   0x00000014   Code   RO         1268    i.MCI_SetCurrentReferences  mc_interface.o
    0x0800226a   0x0800226a   0x00000026   Code   RO         1270    i.MCI_StartMotor    mc_interface.o
    0x08002290   0x08002290   0x00000034   Code   RO         1273    i.MCI_StopMotor     mc_interface.o
    0x080022c4   0x080022c4   0x00000006   Code   RO         1274    i.MCI_StopRamp      mc_interface.o
    0x080022ca   0x080022ca   0x00000002   PAD
    0x080022cc   0x080022cc   0x00000048   Code   RO         1168    i.MCM_Clarke        mc_math.o
    0x08002314   0x08002314   0x0000007c   Code   RO         1169    i.MCM_Park          mc_math.o
    0x08002390   0x08002390   0x00000034   Code   RO         1170    i.MCM_Rev_Park      mc_math.o
    0x080023c4   0x080023c4   0x00000038   Code   RO         1171    i.MCM_Sqrt          mc_math.o
    0x080023fc   0x080023fc   0x00000070   Code   RO         1172    i.MCM_Trig_Functions  mc_math.o
    0x0800246c   0x0800246c   0x000000b2   Code   RO         6359    i.MCPA_cfgLog       mcpa.o
    0x0800251e   0x0800251e   0x00000002   PAD
    0x08002520   0x08002520   0x00000170   Code   RO         6360    i.MCPA_dataLog      mcpa.o
    0x08002690   0x08002690   0x00000066   Code   RO         6361    i.MCPA_flushDataLog  mcpa.o
    0x080026f6   0x080026f6   0x00000034   Code   RO         6362    i.MCPA_stopDataLog  mcpa.o
    0x0800272a   0x0800272a   0x00000002   PAD
    0x0800272c   0x0800272c   0x00000120   Code   RO         6329    i.MCP_ReceivedPacket  mcp.o
    0x0800284c   0x0800284c   0x0000000c   Code   RO          379    i.MC_GetSTMStateMotor1  mc_api.o
    0x08002858   0x08002858   0x00000018   Code   RO          738    i.MC_RunMotorControlTasks  mc_tasks.o
    0x08002870   0x08002870   0x0000006c   Code   RO          739    i.MC_Scheduler      mc_tasks.o
    0x080028dc   0x080028dc   0x0000000c   Code   RO          393    i.MC_StartMotor1    mc_api.o
    0x080028e8   0x080028e8   0x0000000c   Code   RO          395    i.MC_StopMotor1     mc_api.o
    0x080028f4   0x080028f4   0x0000011c   Code   RO          740    i.MCboot            mc_tasks.o
    0x08002a10   0x08002a10   0x00000046   Code   RO         5017    i.MPM_CalcElMotorPower  motor_power_measurement.o
    0x08002a56   0x08002a56   0x0000001a   Code   RO         5018    i.MPM_Clear         motor_power_measurement.o
    0x08002a70   0x08002a70   0x00000006   Code   RO         5019    i.MPM_GetAvrgElMotorPowerW  motor_power_measurement.o
    0x08002a76   0x08002a76   0x00000002   PAD
    0x08002a78   0x08002a78   0x000000c8   Code   RO           14    i.MX_ADC1_Init      main.o
    0x08002b40   0x08002b40   0x00000070   Code   RO           15    i.MX_GPIO_Init      main.o
    0x08002bb0   0x08002bb0   0x00000034   Code   RO          319    i.MX_MotorControl_Init  motorcontrol.o
    0x08002be4   0x08002be4   0x00000066   Code   RO           16    i.MX_NVIC_Init      main.o
    0x08002c4a   0x08002c4a   0x00000002   PAD
    0x08002c4c   0x08002c4c   0x00000110   Code   RO           17    i.MX_TIM1_Init      main.o
    0x08002d5c   0x08002d5c   0x0000003c   Code   RO         5059    i.NTC_CalcAvTemp    ntc_temperature_sensor.o
    0x08002d98   0x08002d98   0x00000006   Code   RO         5061    i.NTC_Clear         ntc_temperature_sensor.o
    0x08002d9e   0x08002d9e   0x0000001e   Code   RO         5062    i.NTC_GetAvTemp_C   ntc_temperature_sensor.o
    0x08002dbc   0x08002dbc   0x00000024   Code   RO         5064    i.NTC_Init          ntc_temperature_sensor.o
    0x08002de0   0x08002de0   0x0000001a   Code   RO         5065    i.NTC_SetFaultState  ntc_temperature_sensor.o
    0x08002dfa   0x08002dfa   0x00000006   Code   RO         5173    i.PID_GetKD         pid_regulator.o
    0x08002e00   0x08002e00   0x00000004   Code   RO         5175    i.PID_GetKDDivisorPOW2  pid_regulator.o
    0x08002e04   0x08002e04   0x00000006   Code   RO         5176    i.PID_GetKI         pid_regulator.o
    0x08002e0a   0x08002e0a   0x00000004   Code   RO         5177    i.PID_GetKIDivisor  pid_regulator.o
    0x08002e0e   0x08002e0e   0x00000004   Code   RO         5178    i.PID_GetKIDivisorPOW2  pid_regulator.o
    0x08002e12   0x08002e12   0x00000006   Code   RO         5179    i.PID_GetKP         pid_regulator.o
    0x08002e18   0x08002e18   0x00000004   Code   RO         5181    i.PID_GetKPDivisorPOW2  pid_regulator.o
    0x08002e1c   0x08002e1c   0x00000014   Code   RO         5182    i.PID_HandleInit    pid_regulator.o
    0x08002e30   0x08002e30   0x00000004   Code   RO         5183    i.PID_SetIntegralTerm  pid_regulator.o
    0x08002e34   0x08002e34   0x00000004   Code   RO         5184    i.PID_SetKD         pid_regulator.o
    0x08002e38   0x08002e38   0x0000000a   Code   RO         5185    i.PID_SetKDDivisorPOW2  pid_regulator.o
    0x08002e42   0x08002e42   0x00000004   Code   RO         5186    i.PID_SetKI         pid_regulator.o
    0x08002e46   0x08002e46   0x00000020   Code   RO         5187    i.PID_SetKIDivisorPOW2  pid_regulator.o
    0x08002e66   0x08002e66   0x00000004   Code   RO         5188    i.PID_SetKP         pid_regulator.o
    0x08002e6a   0x08002e6a   0x0000000a   Code   RO         5189    i.PID_SetKPDivisorPOW2  pid_regulator.o
    0x08002e74   0x08002e74   0x00000004   Code   RO         5190    i.PID_SetLowerIntegralTermLimit  pid_regulator.o
    0x08002e78   0x08002e78   0x00000004   Code   RO         5193    i.PID_SetUpperIntegralTermLimit  pid_regulator.o
    0x08002e7c   0x08002e7c   0x0000007c   Code   RO         5195    i.PI_Controller     pid_regulator.o
    0x08002ef8   0x08002ef8   0x00000054   Code   RO         5344    i.PQD_CalcElMotorPower  pqd_motor_power_measurement.o
    0x08002f4c   0x08002f4c   0x00000004   Code   RO          888    i.PWMC_CheckOverCurrent  pwm_curr_fdbk.o
    0x08002f50   0x08002f50   0x0000003a   Code   RO          890    i.PWMC_CurrentReadingCalibr  pwm_curr_fdbk.o
    0x08002f8a   0x08002f8a   0x00000004   Code   RO          895    i.PWMC_GetPhaseCurrents  pwm_curr_fdbk.o
    0x08002f8e   0x08002f8e   0x000001da   Code   RO          916    i.PWMC_SetPhaseVoltage  pwm_curr_fdbk.o
    0x08003168   0x08003168   0x00000004   Code   RO          917    i.PWMC_SwitchOffPWM  pwm_curr_fdbk.o
    0x0800316c   0x0800316c   0x00000004   Code   RO          918    i.PWMC_SwitchOnPWM  pwm_curr_fdbk.o
    0x08003170   0x08003170   0x0000003c   Code   RO         6126    i.R3_1_BRK_IRQHandler  r3_1_f4xx_pwm_curr_fdbk.o
    0x080031ac   0x080031ac   0x00000120   Code   RO         6127    i.R3_1_CurrentReadingCalibration  r3_1_f4xx_pwm_curr_fdbk.o
    0x080032cc   0x080032cc   0x00000010   Code   RO         6128    i.R3_1_GetOffsetCalib  r3_1_f4xx_pwm_curr_fdbk.o
    0x080032dc   0x080032dc   0x00000100   Code   RO         6129    i.R3_1_GetPhaseCurrents  r3_1_f4xx_pwm_curr_fdbk.o
    0x080033dc   0x080033dc   0x00000054   Code   RO         6131    i.R3_1_HFCurrentsCalibrationAB  r3_1_f4xx_pwm_curr_fdbk.o
    0x08003430   0x08003430   0x00000040   Code   RO         6132    i.R3_1_HFCurrentsCalibrationC  r3_1_f4xx_pwm_curr_fdbk.o
    0x08003470   0x08003470   0x0000009c   Code   RO         6133    i.R3_1_Init         r3_1_f4xx_pwm_curr_fdbk.o
    0x0800350c   0x0800350c   0x00000016   Code   RO         6134    i.R3_1_IsOverCurrentOccurred  r3_1_f4xx_pwm_curr_fdbk.o
    0x08003522   0x08003522   0x00000002   PAD
    0x08003524   0x08003524   0x00000110   Code   RO         6135    i.R3_1_RLDetectionModeDisable  r3_1_f4xx_pwm_curr_fdbk.o
    0x08003634   0x08003634   0x000000bc   Code   RO         6136    i.R3_1_RLDetectionModeEnable  r3_1_f4xx_pwm_curr_fdbk.o
    0x080036f0   0x080036f0   0x00000042   Code   RO         6137    i.R3_1_RLDetectionModeSetDuty  r3_1_f4xx_pwm_curr_fdbk.o
    0x08003732   0x08003732   0x00000002   PAD
    0x08003734   0x08003734   0x00000040   Code   RO         6138    i.R3_1_RLGetPhaseCurrents  r3_1_f4xx_pwm_curr_fdbk.o
    0x08003774   0x08003774   0x000000a8   Code   RO         6139    i.R3_1_RLSwitchOnPWM  r3_1_f4xx_pwm_curr_fdbk.o
    0x0800381c   0x0800381c   0x0000004a   Code   RO         6140    i.R3_1_RLTurnOnLowSides  r3_1_f4xx_pwm_curr_fdbk.o
    0x08003866   0x08003866   0x00000020   Code   RO         6141    i.R3_1_SetADCSampPointCalibration  r3_1_f4xx_pwm_curr_fdbk.o
    0x08003886   0x08003886   0x0000005c   Code   RO         6142    i.R3_1_SetADCSampPointSectX  r3_1_f4xx_pwm_curr_fdbk.o
    0x080038e2   0x080038e2   0x00000016   Code   RO         6144    i.R3_1_SetOffsetCalib  r3_1_f4xx_pwm_curr_fdbk.o
    0x080038f8   0x080038f8   0x00000060   Code   RO         6145    i.R3_1_SwitchOffPWM  r3_1_f4xx_pwm_curr_fdbk.o
    0x08003958   0x08003958   0x000000a4   Code   RO         6146    i.R3_1_SwitchOnPWM  r3_1_f4xx_pwm_curr_fdbk.o
    0x080039fc   0x080039fc   0x0000003a   Code   RO         6147    i.R3_1_TIMx_UP_IRQHandler  r3_1_f4xx_pwm_curr_fdbk.o
    0x08003a36   0x08003a36   0x00000050   Code   RO         6148    i.R3_1_TurnOnLowSides  r3_1_f4xx_pwm_curr_fdbk.o
    0x08003a86   0x08003a86   0x0000003a   Code   RO         6149    i.R3_1_WriteTIMRegisters  r3_1_f4xx_pwm_curr_fdbk.o
    0x08003ac0   0x08003ac0   0x0000007c   Code   RO         1102    i.RCM_ExecRegularConv  regular_conversion_manager.o
    0x08003b3c   0x08003b3c   0x00000040   Code   RO         1103    i.RCM_ExecUserConv  regular_conversion_manager.o
    0x08003b7c   0x08003b7c   0x000000f0   Code   RO         1106    i.RCM_RegisterRegConv  regular_conversion_manager.o
    0x08003c6c   0x08003c6c   0x0000002c   Code   RO         5452    i.REMNG_Calc        ramp_ext_mngr.o
    0x08003c98   0x08003c98   0x00000084   Code   RO         5453    i.REMNG_ExecRamp    ramp_ext_mngr.o
    0x08003d1c   0x08003d1c   0x00000010   Code   RO         5455    i.REMNG_Init        ramp_ext_mngr.o
    0x08003d2c   0x08003d2c   0x0000000e   Code   RO         5456    i.REMNG_RampCompleted  ramp_ext_mngr.o
    0x08003d3a   0x08003d3a   0x00000022   Code   RO         1663    i.RI_GetIDSize      register_interface.o
    0x08003d5c   0x08003d5c   0x000000dc   Code   RO         1664    i.RI_GetPtrReg      register_interface.o
    0x08003e38   0x08003e38   0x00000580   Code   RO         1665    i.RI_GetReg         register_interface.o
    0x080043b8   0x080043b8   0x0000004c   Code   RO         1666    i.RI_GetRegCommandParser  register_interface.o
    0x08004404   0x08004404   0x00000030   Code   RO         1667    i.RI_MovString      register_interface.o
    0x08004434   0x08004434   0x00000498   Code   RO         1668    i.RI_SetReg         register_interface.o
    0x080048cc   0x080048cc   0x0000008c   Code   RO         1669    i.RI_SetRegCommandParser  register_interface.o
    0x08004958   0x08004958   0x00000088   Code   RO         5512    i.RUC_Clear         revup_ctrl.o
    0x080049e0   0x080049e0   0x00000068   Code   RO         5514    i.RUC_Exec          revup_ctrl.o
    0x08004a48   0x08004a48   0x00000014   Code   RO         5515    i.RUC_FirstAccelerationStageReached  revup_ctrl.o
    0x08004a5c   0x08004a5c   0x00000006   Code   RO         5516    i.RUC_GetNumberOfPhases  revup_ctrl.o
    0x08004a62   0x08004a62   0x0000001a   Code   RO         5517    i.RUC_GetPhase      revup_ctrl.o
    0x08004a7c   0x08004a7c   0x00000050   Code   RO         5523    i.RUC_Init          revup_ctrl.o
    0x08004acc   0x08004acc   0x0000001c   Code   RO         5526    i.RUC_SetPhase      revup_ctrl.o
    0x08004ae8   0x08004ae8   0x00000060   Code   RO         5404    i.RVBS_CalcAvVbus   r_divider_bus_voltage_sensor.o
    0x08004b48   0x08004b48   0x0000001a   Code   RO         5406    i.RVBS_CheckFaultState  r_divider_bus_voltage_sensor.o
    0x08004b62   0x08004b62   0x00000028   Code   RO         5407    i.RVBS_Clear        r_divider_bus_voltage_sensor.o
    0x08004b8a   0x08004b8a   0x00000016   Code   RO         5408    i.RVBS_Init         r_divider_bus_voltage_sensor.o
    0x08004ba0   0x08004ba0   0x00000006   Code   RO         5645    i.SPD_GetAvrgMecSpeedUnit  speed_pos_fdbk.o
    0x08004ba6   0x08004ba6   0x00000006   Code   RO         5646    i.SPD_GetElAngle    speed_pos_fdbk.o
    0x08004bac   0x08004bac   0x00000006   Code   RO         5649    i.SPD_GetInstElSpeedDpp  speed_pos_fdbk.o
    0x08004bb2   0x08004bb2   0x00000014   Code   RO         5651    i.SPD_GetS16Speed   speed_pos_fdbk.o
    0x08004bc6   0x08004bc6   0x0000005e   Code   RO         5652    i.SPD_IsMecSpeedReliable  speed_pos_fdbk.o
    0x08004c24   0x08004c24   0x00000050   Code   RO         5722    i.STC_CalcTorqueReference  speed_torq_ctrl.o
    0x08004c74   0x08004c74   0x00000010   Code   RO         5723    i.STC_Clear         speed_torq_ctrl.o
    0x08004c84   0x08004c84   0x00000090   Code   RO         5724    i.STC_ExecRamp      speed_torq_ctrl.o
    0x08004d14   0x08004d14   0x00000010   Code   RO         5725    i.STC_ForceSpeedReferenceToCurrentSpeed  speed_torq_ctrl.o
    0x08004d24   0x08004d24   0x00000010   Code   RO         5727    i.STC_GetDefaultIqdref  speed_torq_ctrl.o
    0x08004d34   0x08004d34   0x00000006   Code   RO         5729    i.STC_GetMecSpeedRefUnit  speed_torq_ctrl.o
    0x08004d3a   0x08004d3a   0x00000006   Code   RO         5730    i.STC_GetMecSpeedRefUnitDefault  speed_torq_ctrl.o
    0x08004d40   0x08004d40   0x00000004   Code   RO         5732    i.STC_GetSpeedSensor  speed_torq_ctrl.o
    0x08004d44   0x08004d44   0x00000006   Code   RO         5733    i.STC_GetTorqueRef  speed_torq_ctrl.o
    0x08004d4a   0x08004d4a   0x00000020   Code   RO         5734    i.STC_Init          speed_torq_ctrl.o
    0x08004d6a   0x08004d6a   0x00000008   Code   RO         5736    i.STC_SetControlMode  speed_torq_ctrl.o
    0x08004d72   0x08004d72   0x00000004   Code   RO         5738    i.STC_SetSpeedSensor  speed_torq_ctrl.o
    0x08004d76   0x08004d76   0x00000008   Code   RO         5739    i.STC_StopRamp      speed_torq_ctrl.o
    0x08004d7e   0x08004d7e   0x0000000a   Code   RO         5855    i.STO_OTF_ResetPLL  sto_pll_speed_pos_fdbk.o
    0x08004d88   0x08004d88   0x0000004a   Code   RO         5857    i.STO_PLL_CalcAvrgElSpeedDpp  sto_pll_speed_pos_fdbk.o
    0x08004dd2   0x08004dd2   0x00000146   Code   RO         5858    i.STO_PLL_CalcAvrgMecSpeedUnit  sto_pll_speed_pos_fdbk.o
    0x08004f18   0x08004f18   0x000001c6   Code   RO         5859    i.STO_PLL_CalcElAngle  sto_pll_speed_pos_fdbk.o
    0x080050de   0x080050de   0x00000060   Code   RO         5860    i.STO_PLL_Clear     sto_pll_speed_pos_fdbk.o
    0x0800513e   0x0800513e   0x0000000a   Code   RO         5861    i.STO_PLL_ForceConvergency1  sto_pll_speed_pos_fdbk.o
    0x08005148   0x08005148   0x0000000a   Code   RO         5862    i.STO_PLL_ForceConvergency2  sto_pll_speed_pos_fdbk.o
    0x08005152   0x08005152   0x00000012   Code   RO         5863    i.STO_PLL_GetEstimatedBemf  sto_pll_speed_pos_fdbk.o
    0x08005164   0x08005164   0x00000006   Code   RO         5864    i.STO_PLL_GetEstimatedBemfLevel  sto_pll_speed_pos_fdbk.o
    0x0800516a   0x0800516a   0x00000018   Code   RO         5865    i.STO_PLL_GetEstimatedCurrent  sto_pll_speed_pos_fdbk.o
    0x08005182   0x08005182   0x00000006   Code   RO         5866    i.STO_PLL_GetObservedBemfLevel  sto_pll_speed_pos_fdbk.o
    0x08005188   0x08005188   0x0000000a   Code   RO         5867    i.STO_PLL_GetObserverGains  sto_pll_speed_pos_fdbk.o
    0x08005192   0x08005192   0x00000002   PAD
    0x08005194   0x08005194   0x0000005c   Code   RO         5868    i.STO_PLL_Init      sto_pll_speed_pos_fdbk.o
    0x080051f0   0x080051f0   0x000000a2   Code   RO         5870    i.STO_PLL_IsObserverConverged  sto_pll_speed_pos_fdbk.o
    0x08005292   0x08005292   0x00000008   Code   RO         5871    i.STO_PLL_IsVarianceTight  sto_pll_speed_pos_fdbk.o
    0x0800529a   0x0800529a   0x00000006   Code   RO         5874    i.STO_PLL_SetObserverGains  sto_pll_speed_pos_fdbk.o
    0x080052a0   0x080052a0   0x00000008   Code   RO         5875    i.STO_ResetPLL      sto_pll_speed_pos_fdbk.o
    0x080052a8   0x080052a8   0x00000028   Code   RO         1556    i.SysTick_Handler   stm32f4xx_mc_it.o
    0x080052d0   0x080052d0   0x00000094   Code   RO           18    i.SystemClock_Config  main.o
    0x08005364   0x08005364   0x00000010   Code   RO         4881    i.SystemInit        system_stm32f4xx.o
    0x08005374   0x08005374   0x0000002c   Code   RO         1557    i.TIM1_BRK_TIM9_IRQHandler  stm32f4xx_mc_it.o
    0x080053a0   0x080053a0   0x00000018   Code   RO         1558    i.TIM1_UP_TIM10_IRQHandler  stm32f4xx_mc_it.o
    0x080053b8   0x080053b8   0x00000098   Code   RO         3645    i.TIM_Base_SetConfig  stm32f4xx_hal_tim.o
    0x08005450   0x08005450   0x00000014   Code   RO         3656    i.TIM_ETR_SetConfig  stm32f4xx_hal_tim.o
    0x08005464   0x08005464   0x00000050   Code   RO         3658    i.TIM_OC1_SetConfig  stm32f4xx_hal_tim.o
    0x080054b4   0x080054b4   0x00000058   Code   RO         3659    i.TIM_OC2_SetConfig  stm32f4xx_hal_tim.o
    0x0800550c   0x0800550c   0x00000058   Code   RO         3660    i.TIM_OC3_SetConfig  stm32f4xx_hal_tim.o
    0x08005564   0x08005564   0x00000044   Code   RO         3661    i.TIM_OC4_SetConfig  stm32f4xx_hal_tim.o
    0x080055a8   0x080055a8   0x0000008c   Code   RO         3662    i.TIM_SlaveTimer_SetConfig  stm32f4xx_hal_tim.o
    0x08005634   0x08005634   0x00000022   Code   RO         3663    i.TIM_TI1_ConfigInputStage  stm32f4xx_hal_tim.o
    0x08005656   0x08005656   0x00000024   Code   RO         3665    i.TIM_TI2_ConfigInputStage  stm32f4xx_hal_tim.o
    0x0800567a   0x0800567a   0x00000002   PAD
    0x0800567c   0x0800567c   0x00000014   Code   RO          741    i.TSK_ChargeBootCapDelayHasElapsedM1  mc_tasks.o
    0x08005690   0x08005690   0x00000020   Code   RO          742    i.TSK_HardwareFaultTask  mc_tasks.o
    0x080056b0   0x080056b0   0x000000c8   Code   RO          743    i.TSK_HighFrequencyTask  mc_tasks.o
    0x08005778   0x08005778   0x00000040   Code   RO          744    i.TSK_MF_StopProcessing  mc_tasks.o
    0x080057b8   0x080057b8   0x000002b4   Code   RO          745    i.TSK_MediumFrequencyTaskM1  mc_tasks.o
    0x08005a6c   0x08005a6c   0x00000020   Code   RO          746    i.TSK_SafetyTask    mc_tasks.o
    0x08005a8c   0x08005a8c   0x0000009c   Code   RO          747    i.TSK_SafetyTask_PWMOFF  mc_tasks.o
    0x08005b28   0x08005b28   0x0000000c   Code   RO          748    i.TSK_SetChargeBootCapDelayM1  mc_tasks.o
    0x08005b34   0x08005b34   0x0000000c   Code   RO          749    i.TSK_SetStopPermanencyTimeM1  mc_tasks.o
    0x08005b40   0x08005b40   0x00000014   Code   RO          750    i.TSK_StopPermanencyTimeHasElapsedM1  mc_tasks.o
    0x08005b54   0x08005b54   0x0000010c   Code   RO         4578    i.UART_SetConfig    stm32f4xx_hal_uart.o
    0x08005c60   0x08005c60   0x0000005c   Code   RO         1806    i.UASPEP_DAMCONFIG_RX  usart_aspep_driver.o
    0x08005cbc   0x08005cbc   0x00000050   Code   RO         1807    i.UASPEP_DAMCONFIG_TX  usart_aspep_driver.o
    0x08005d0c   0x08005d0c   0x00000022   Code   RO         1808    i.UASPEP_IDLE_ENABLE  usart_aspep_driver.o
    0x08005d2e   0x08005d2e   0x00000012   Code   RO         1809    i.UASPEP_INIT       usart_aspep_driver.o
    0x08005d40   0x08005d40   0x00000028   Code   RO         1810    i.UASPEP_RECEIVE_BUFFER  usart_aspep_driver.o
    0x08005d68   0x08005d68   0x00000070   Code   RO         1811    i.UASPEP_SEND_PACKET  usart_aspep_driver.o
    0x08005dd8   0x08005dd8   0x00000018   Code   RO          751    i.UI_HandleStartStopButton_cb  mc_tasks.o
    0x08005df0   0x08005df0   0x00000114   Code   RO         1559    i.USART1_IRQHandler  stm32f4xx_mc_it.o
    0x08005f04   0x08005f04   0x0000000a   Code   RO         4919    i.VBS_GetAvBusVoltage_V  bus_voltage_sensor.o
    0x08005f0e   0x08005f0e   0x00000004   Code   RO         4920    i.VBS_GetAvBusVoltage_d  bus_voltage_sensor.o
    0x08005f12   0x08005f12   0x00000086   Code   RO         6028    i.VSS_CalcAvrgMecSpeedUnit  virtual_speed_sensor.o
    0x08005f98   0x08005f98   0x00000096   Code   RO         6029    i.VSS_CalcElAngle   virtual_speed_sensor.o
    0x0800602e   0x0800602e   0x0000002c   Code   RO         6030    i.VSS_Clear         virtual_speed_sensor.o
    0x0800605a   0x0800605a   0x00000008   Code   RO         6032    i.VSS_Init          virtual_speed_sensor.o
    0x08006062   0x08006062   0x0000007a   Code   RO         6037    i.VSS_SetMecAcceleration  virtual_speed_sensor.o
    0x080060dc   0x080060dc   0x0000000e   Code   RO         6038    i.VSS_SetMecAngle   virtual_speed_sensor.o
    0x080060ea   0x080060ea   0x0000001c   Code   RO         6039    i.VSS_SetStartTransition  virtual_speed_sensor.o
    0x08006106   0x08006106   0x00000006   Code   RO         6040    i.VSS_TransitionEnded  virtual_speed_sensor.o
    0x0800610c   0x0800610c   0x00000054   Code   RO         6152    i.__LL_TIM_OC_DisablePreload  r3_1_f4xx_pwm_curr_fdbk.o
    0x08006160   0x08006160   0x00000054   Code   RO         6153    i.__LL_TIM_OC_EnablePreload  r3_1_f4xx_pwm_curr_fdbk.o
    0x080061b4   0x080061b4   0x00000020   Code   RO         3175    i.__NVIC_SetPriority  stm32f4xx_hal_cortex.o
    0x080061d4   0x080061d4   0x0000002a   Code   RO         5458    i.getScalingFactor  ramp_ext_mngr.o
    0x080061fe   0x080061fe   0x00000002   PAD
    0x08006200   0x08006200   0x00000064   Code   RO           19    i.main              main.o
    0x08006264   0x08006264   0x0000006c   Code   RO          752    i.mc_lock_pins      mc_tasks.o
    0x080062d0   0x080062d0   0x0000005c   Code   RO         5368    i.startTimers       pwm_common.o
    0x0800632c   0x0800632c   0x00000038   Code   RO         5369    i.waitForPolarizationEnd  pwm_common.o
    0x08006364   0x08006364   0x0000000a   Code   RO         6551    x$fpl$fpinit        fz_wm.l(fpinit.o)
    0x0800636e   0x0800636e   0x00000002   PAD
    0x08006370   0x08006370   0x00000002   Data   RO          754    .constdata          mc_tasks.o
    0x08006372   0x08006372   0x00000200   Data   RO         1174    .constdata          mc_math.o
    0x08006572   0x08006572   0x00000008   Data   RO         1560    .constdata          stm32f4xx_mc_it.o
    0x0800657a   0x0800657a   0x00000002   PAD
    0x0800657c   0x0800657c   0x00000078   Data   RO         1639    .constdata          mc_parameters.o
    0x080065f4   0x080065f4   0x00000004   Data   RO         1670    .constdata          register_interface.o
    0x080065f8   0x080065f8   0x00000008   Data   RO         1812    .constdata          usart_aspep_driver.o
    0x08006600   0x08006600   0x00000010   Data   RO         1879    .constdata          mc_configuration_registers.o
    0x08006610   0x08006610   0x00000011   Data   RO         1880    .constdata          mc_configuration_registers.o
    0x08006621   0x08006621   0x00000018   Data   RO         1881    .constdata          mc_configuration_registers.o
    0x08006639   0x08006639   0x0000000a   Data   RO         1882    .constdata          mc_configuration_registers.o
    0x08006643   0x08006643   0x0000000e   Data   RO         1883    .constdata          mc_configuration_registers.o
    0x08006651   0x08006651   0x0000003c   Data   RO         1884    .constdata          mc_configuration_registers.o
    0x0800668d   0x0800668d   0x0000000e   Data   RO         1885    .constdata          mc_configuration_registers.o
    0x0800669b   0x0800669b   0x00000110   Data   RO         1926    .constdata          aspep.o
    0x080067ab   0x080067ab   0x00000008   Data   RO         2868    .constdata          stm32f4xx_hal_dma.o
    0x080067b3   0x080067b3   0x00000010   Data   RO         4882    .constdata          system_stm32f4xx.o
    0x080067c3   0x080067c3   0x00000008   Data   RO         4883    .constdata          system_stm32f4xx.o
    0x080067cb   0x080067cb   0x0000000e   Data   RO         6154    .constdata          r3_1_f4xx_pwm_curr_fdbk.o
    0x080067d9   0x080067d9   0x00000003   PAD
    0x080067dc   0x080067dc   0x00000020   Data   RO         6607    Region$$Table       anon$$obj.o


    Execution Region RW_IRAM1 (Exec base: 0x20000000, Load base: 0x080067fc, Size: 0x00002198, Max: 0x00018000, ABSOLUTE, COMPRESSED[0x000001d8])

    Exec Addr    Load Addr    Size         Type   Attr      Idx    E Section Name        Object

    0x20000000   COMPRESSED   0x00000004   Data   RW          320    .data               motorcontrol.o
    0x20000004   COMPRESSED   0x00000114   Data   RW          646    .data               mc_config.o
    0x20000118   COMPRESSED   0x0000002c   Data   RW          647    .data               mc_config.o
    0x20000144   COMPRESSED   0x0000002c   Data   RW          648    .data               mc_config.o
    0x20000170   COMPRESSED   0x0000002c   Data   RW          649    .data               mc_config.o
    0x2000019c   COMPRESSED   0x00000034   Data   RW          650    .data               mc_config.o
    0x200001d0   COMPRESSED   0x00000078   Data   RW          651    .data               mc_config.o
    0x20000248   COMPRESSED   0x00000098   Data   RW          652    .data               mc_config.o
    0x200002e0   COMPRESSED   0x00000038   Data   RW          653    .data               mc_config.o
    0x20000318   COMPRESSED   0x00000128   Data   RW          654    .data               mc_config.o
    0x20000440   COMPRESSED   0x00000014   Data   RW          655    .data               mc_config.o
    0x20000454   COMPRESSED   0x00000028   Data   RW          656    .data               mc_config.o
    0x2000047c   COMPRESSED   0x00000028   Data   RW          657    .data               mc_config.o
    0x200004a4   COMPRESSED   0x00000018   Data   RW          658    .data               mc_config.o
    0x200004bc   COMPRESSED   0x000000b4   Data   RW          659    .data               mc_config.o
    0x20000570   COMPRESSED   0x00000004   Data   RW          660    .data               mc_config.o
    0x20000574   COMPRESSED   0x00000004   Data   RW          661    .data               mc_config.o
    0x20000578   COMPRESSED   0x00000004   Data   RW          662    .data               mc_config.o
    0x2000057c   COMPRESSED   0x00000004   Data   RW          663    .data               mc_config.o
    0x20000580   COMPRESSED   0x00000004   Data   RW          664    .data               mc_config.o
    0x20000584   COMPRESSED   0x00000014   Data   RW          701    .data               mcp_config.o
    0x20000598   COMPRESSED   0x00000074   Data   RW          702    .data               mcp_config.o
    0x2000060c   COMPRESSED   0x00000010   Data   RW          703    .data               mcp_config.o
    0x2000061c   COMPRESSED   0x0000002c   Data   RW          704    .data               mcp_config.o
    0x20000648   COMPRESSED   0x00000008   Data   RW          705    .data               mcp_config.o
    0x20000650   COMPRESSED   0x00000014   Data   RW          755    .data               mc_tasks.o
    0x20000664   COMPRESSED   0x00000004   Data   RW         1110    .data               regular_conversion_manager.o
    0x20000668   COMPRESSED   0x00000001   Data   RW         1561    .data               stm32f4xx_mc_it.o
    0x20000669   COMPRESSED   0x00000003   PAD
    0x2000066c   COMPRESSED   0x00000010   Data   RW         1671    .data               register_interface.o
    0x2000067c   COMPRESSED   0x00000004   Data   RW         1886    .data               mc_configuration_registers.o
    0x20000680   COMPRESSED   0x00000004   Data   RW         1887    .data               mc_configuration_registers.o
    0x20000684   COMPRESSED   0x00000004   Data   RW         1888    .data               mc_configuration_registers.o
    0x20000688   COMPRESSED   0x00000004   Data   RW         1889    .data               mc_configuration_registers.o
    0x2000068c   COMPRESSED   0x0000000c   Data   RW         3319    .data               stm32f4xx_hal.o
    0x20000698   COMPRESSED   0x00000004   Data   RW         4884    .data               system_stm32f4xx.o
    0x2000069c   COMPRESSED   0x00000004   Data   RW         6363    .data               mcpa.o
    0x200006a0        -       0x000000d4   Zero   RW           20    .bss                main.o
    0x20000774        -       0x00000060   Zero   RW           21    .bss                main.o
    0x200007d4        -       0x00000060   Zero   RW           22    .bss                main.o
    0x20000834        -       0x00000014   Zero   RW          644    .bss                mc_config.o
    0x20000848        -       0x00000020   Zero   RW          645    .bss                mc_config.o
    0x20000868        -       0x00000106   Zero   RW          693    .bss                mcp_config.o
    0x2000096e        -       0x00000102   Zero   RW          694    .bss                mcp_config.o
    0x20000a70        -       0x00000806   Zero   RW          695    .bss                mcp_config.o
    0x20001276        -       0x00000806   Zero   RW          696    .bss                mcp_config.o
    0x20001a7c        -       0x00000028   Zero   RW          697    .bss                mcp_config.o
    0x20001aa4        -       0x00000028   Zero   RW          698    .bss                mcp_config.o
    0x20001acc        -       0x0000000a   Zero   RW          699    .bss                mcp_config.o
    0x20001ad6        -       0x0000000a   Zero   RW          700    .bss                mcp_config.o
    0x20001ae0        -       0x00000026   Zero   RW          753    .bss                mc_tasks.o
    0x20001b06   COMPRESSED   0x00000002   PAD
    0x20001b08        -       0x00000030   Zero   RW         1109    .bss                regular_conversion_manager.o
    0x20001b38        -       0x00000060   Zero   RW         6481    .bss                c_w.l(libspace.o)
    0x20001b98        -       0x00000200   Zero   RW            2    HEAP                startup_stm32f401xe.o
    0x20001d98        -       0x00000400   Zero   RW            1    STACK               startup_stm32f401xe.o


==============================================================================

Image component sizes


      Code (inc. data)   RO Data    RW Data    ZI Data      Debug   Object Name

      1252         12        272          0          0      10510   aspep.o
        14          0          0          0          0       1848   bus_voltage_sensor.o
        88          0          0          0          0       1716   circle_limitation.o
         0          0          0          0          0       4100   digital_output.o
       938         50          0          0        404     481911   main.o
        36         12          0          0          0       1544   mc_api.o
         0          0          0       1408         52       1796   mc_config.o
         0          0        155         16          0       3810   mc_configuration_registers.o
       506          0          0          0          0      18149   mc_interface.o
       416         12        512          0          0       6628   mc_math.o
         0          0        120          0          0        264   mc_parameters.o
      2144        306          2         20         38      19160   mc_tasks.o
       288          8          0          0          0       1769   mcp.o
         0          0          0        204       4728       1891   mcp_config.o
       700          4          0          4          0       5324   mcpa.o
       102          0          0          0          0       2770   motor_power_measurement.o
        52          8          0          4          0       1174   motorcontrol.o
       158          0          0          0          0       4246   ntc_temperature_sensor.o
       254          6          0          0          0      13144   pid_regulator.o
        84          0          0          0          0       1327   pqd_motor_power_measurement.o
       148          4          0          0          0      31919   pwm_common.o
       548          0          0          0          0       5122   pwm_curr_fdbk.o
      2654         84         14          0          0      95543   r3_1_f4xx_pwm_curr_fdbk.o
       184          0          0          0          0       3826   r_divider_bus_voltage_sensor.o
       248          0          0          0          0       4724   ramp_ext_mngr.o
      3102         92          4         16          0      11816   register_interface.o
       428         28          0          4         48      40443   regular_conversion_manager.o
       400          0          0          0          0       6180   revup_ctrl.o
       132          0          0          0          0       4334   speed_pos_fdbk.o
       346          0          0          0          0      10161   speed_torq_ctrl.o
        64         26        404          0       1536        888   startup_stm32f401xe.o
       144         24          0         12          0       8925   stm32f4xx_hal.o
       712         28          0          0          0       3055   stm32f4xx_hal_adc.o
       444         16          0          0          0       1602   stm32f4xx_hal_adc_ex.o
       208         14          0          0          0      35391   stm32f4xx_hal_cortex.o
       336         12          8          0          0       3071   stm32f4xx_hal_dma.o
       480         34          0          0          0       1596   stm32f4xx_hal_gpio.o
       560         74          0          0          0       4068   stm32f4xx_hal_msp.o
      1368         82          0          0          0       6596   stm32f4xx_hal_rcc.o
      1178         58          0          0          0      12249   stm32f4xx_hal_tim.o
       208         20          0          0          0       2292   stm32f4xx_hal_tim_ex.o
       366         10          0          0          0       2160   stm32f4xx_hal_uart.o
       482         50          8          1          0     100986   stm32f4xx_mc_it.o
      1320          4          0          0          0      16309   sto_pll_speed_pos_fdbk.o
        16          4         24          4          0       1235   system_stm32f4xx.o
       420         34          8          0          0      36920   usart_aspep_driver.o
       506          0          0          0          0       7006   virtual_speed_sensor.o

    ----------------------------------------------------------------------
     24068       1116       1568       1696       6808    1041498   Object Totals
         0          0         32          0          0          0   (incl. Generated)
        34          0          5          3          2          0   (incl. Padding)

    ----------------------------------------------------------------------

      Code (inc. data)   RO Data    RW Data    ZI Data      Debug   Library Member Name

        90          0          0          0          0          0   __dczerorl2.o
         8          0          0          0          0         68   __main.o
         0          0          0          0          0          0   __rtentry.o
        12          0          0          0          0          0   __rtentry2.o
         6          0          0          0          0          0   __rtentry4.o
        52          8          0          0          0          0   __scatter.o
        28          0          0          0          0          0   __scatter_zi.o
        18          0          0          0          0         80   exit.o
         6          0          0          0          0        152   heapauxi.o
         0          0          0          0          0          0   indicate_semi.o
         2          0          0          0          0          0   libinit.o
         6          0          0          0          0          0   libinit2.o
         2          0          0          0          0          0   libshutdown.o
         2          0          0          0          0          0   libshutdown2.o
         8          4          0          0         96         68   libspace.o
        72          0          0          0          0         76   llsdiv.o
       238          0          0          0          0        100   lludivv7m.o
        78          0          0          0          0         80   rt_memclr_w.o
       138          0          0          0          0         68   rt_memcpy_v6.o
       100          0          0          0          0         80   rt_memcpy_w.o
         2          0          0          0          0          0   rtexit.o
        10          0          0          0          0          0   rtexit2.o
        12          4          0          0          0         68   sys_exit.o
        74          0          0          0          0         80   sys_stackheap_outer.o
         2          0          0          0          0         68   use_no_semi.o
        10          0          0          0          0        116   fpinit.o

    ----------------------------------------------------------------------
       984         16          0          0         96       1104   Library Totals
         8          0          0          0          0          0   (incl. Padding)

    ----------------------------------------------------------------------

      Code (inc. data)   RO Data    RW Data    ZI Data      Debug   Library Name

       966         16          0          0         96        988   c_w.l
        10          0          0          0          0        116   fz_wm.l

    ----------------------------------------------------------------------
       984         16          0          0         96       1104   Library Totals

    ----------------------------------------------------------------------

==============================================================================


      Code (inc. data)   RO Data    RW Data    ZI Data      Debug   

     25052       1132       1568       1696       6904    1014886   Grand Totals
     25052       1132       1568        472       6904    1014886   ELF Image Totals (compressed)
     25052       1132       1568        472          0          0   ROM Totals

==============================================================================

    Total RO  Size (Code + RO Data)                26620 (  26.00kB)
    Total RW  Size (RW Data + ZI Data)              8600 (   8.40kB)
    Total ROM Size (Code + RO Data + RW Data)      27092 (  26.46kB)

==============================================================================

