<html>
<body>
<pre>
<h1>µVision Build Log</h1>
<h2>Tool Versions:</h2>
IDE-Version: ¦ÌVision V5.28.0.0
Copyright (C) 2019 ARM Ltd and ARM Germany GmbH. All rights reserved.
License Information: 1 SkyLin, 1, LIC=GE7DL-0ICB6-SG07K-Z8T9P-R27W0-6MLN0
 
Tool Versions:
Toolchain:       MDK-ARM Professional  Version: 5.28.0.0
Toolchain Path:  D:\IDE\MDK\ARM\ARMCC\Bin
C Compiler:      Armcc.exe V5.06 update 6 (build 750)
Assembler:       Armasm.exe V5.06 update 6 (build 750)
Linker/Locator:  ArmLink.exe V5.06 update 6 (build 750)
Library Manager: ArmAr.exe V5.06 update 6 (build 750)
Hex Converter:   FromElf.exe V5.06 update 6 (build 750)
CPU DLL:         SARMCM3.DLL V5.28.0.0
Dialog DLL:      DCM.DLL V1.17.3.0
Target DLL:      STLink\ST-LINKIII-KEIL_SWO.dll V3.0.6.0
Dialog DLL:      TCM.DLL V1.36.2.0
 
<h2>Project:</h2>
D:\Project\HongYuan_Project\MotorCtrl\SoftWare\PMSM\temp\F401RET6_Pump\MDK-ARM\F401RET6_Pump.uvprojx
Project File Date:  03/07/2023

<h2>Output:</h2>
*** Using Compiler 'V5.06 update 6 (build 750)', folder: 'D:\IDE\MDK\ARM\ARMCC\Bin'
Rebuild target 'F401RET6_Pump'
assembling startup_stm32f401xe.s...
compiling mc_math.c...
compiling pwm_curr_fdbk.c...
compiling motorcontrol.c...
compiling regular_conversion_manager.c...
compiling freertos.c...
compiling mcp_config.c...
compiling mc_api.c...
compiling mc_config.c...
compiling mc_interface.c...
compiling mc_tasks.c...
compiling main.c...
compiling stm32f4xx_hal_timebase_tim.c...
compiling stm32f4xx_hal_adc.c...
compiling stm32f4xx_ll_adc.c...
compiling usart_aspep_driver.c...
compiling mc_perf.c...
compiling mc_parameters.c...
compiling mc_configuration_registers.c...
compiling register_interface.c...
compiling stm32f4xx_mc_it.c...
compiling stm32f4xx_it.c...
compiling stm32f4xx_hal_msp.c...
compiling aspep.c...
compiling stm32f4xx_hal_adc_ex.c...
compiling stm32f4xx_hal_rcc_ex.c...
compiling stm32f4xx_hal_flash_ramfunc.c...
compiling stm32f4xx_hal_flash.c...
compiling stm32f4xx_hal_flash_ex.c...
compiling stm32f4xx_hal_pwr_ex.c...
compiling stm32f4xx_hal_rcc.c...
compiling stm32f4xx_hal_dma.c...
compiling stm32f4xx_hal_pwr.c...
compiling stm32f4xx_hal_gpio.c...
compiling stm32f4xx_hal_dma_ex.c...
compiling stm32f4xx_hal_cortex.c...
compiling croutine.c...
compiling event_groups.c...
compiling list.c...
compiling queue.c...
compiling stream_buffer.c...
compiling timers.c...
compiling tasks.c...
compiling stm32f4xx_hal.c...
compiling stm32f4xx_hal_i2c_ex.c...
compiling heap_4.c...
compiling cmsis_os.c...
compiling system_stm32f4xx.c...
compiling stm32f4xx_hal_exti.c...
compiling port.c...
compiling stm32f4xx_hal_tim_ex.c...
compiling stm32f4xx_hal_uart.c...
compiling stm32f4xx_hal_tim.c...
compiling stm32f4xx_hal_i2c.c...
compiling pid_regulator.c...
compiling ntc_temperature_sensor.c...
compiling pqd_motor_power_measurement.c...
compiling bus_voltage_sensor.c...
compiling motor_power_measurement.c...
compiling ramp_ext_mngr.c...
compiling digital_output.c...
compiling r_divider_bus_voltage_sensor.c...
compiling circle_limitation.c...
compiling pwm_common.c...
compiling open_loop.c...
compiling virtual_speed_sensor.c...
compiling speed_pos_fdbk.c...
compiling speed_torq_ctrl.c...
compiling mcpa.c...
compiling sto_pll_speed_pos_fdbk.c...
compiling revup_ctrl.c...
compiling r3_1_f4xx_pwm_curr_fdbk.c...
compiling mcp.c...
compiling variable.c...
compiling version.c...
compiling hal.c...
compiling tm1650.c...
compiling at24cxx.c...
compiling 74hc165d.c...
compiling softiic.c...
compiling system.c...
linking...
Program Size: Code=37616 RO-data=1832 RW-data=1852 ZI-data=24172  
FromELF: creating hex file...
"F401RET6_Pump\F401RET6_Pump.axf" - 0 Error(s), 0 Warning(s).

<h2>Software Packages used:</h2>

Package Vendor: ARM
                http://www.keil.com/pack/ARM.CMSIS.5.5.1.pack
                ARM.CMSIS.5.5.1
                CMSIS (Cortex Microcontroller Software Interface Standard)
   * Component: CORE Version: 5.2.0

Package Vendor: Keil
                http://www.keil.com/pack/Keil.STM32F4xx_DFP.2.9.0.pack
                Keil.STM32F4xx_DFP.2.9.0
                STMicroelectronics STM32F4 Series Device Support, Drivers and Examples

<h2>Collection of Component include folders:</h2>
  .\RTE\_F401RET6_Pump
  D:\IDE\MDK\PACK\ARM\CMSIS\5.5.1\CMSIS\Core\Include
  D:\IDE\MDK\PACK\Keil\STM32F4xx_DFP\2.9.0\Drivers\CMSIS\Device\ST\STM32F4xx\Include

<h2>Collection of Component Files used:</h2>

   * Component: ARM::CMSIS:CORE:5.2.0
Build Time Elapsed:  00:00:23
</pre>
</body>
</html>
