Component: ARM Compiler 5.06 update 6 (build 750) Tool: armlink [4d35ed]

==============================================================================

Section Cross References

    startup_stm32f401xe.o(RESET) refers to startup_stm32f401xe.o(STACK) for __initial_sp
    startup_stm32f401xe.o(RESET) refers to startup_stm32f401xe.o(.text) for Reset_Handler
    startup_stm32f401xe.o(RESET) refers to stm32f4xx_mc_it.o(i.HardFault_Handler) for HardFault_Handler
    startup_stm32f401xe.o(RESET) refers to port.o(.emb_text) for SVC_Handler
    startup_stm32f401xe.o(RESET) refers to port.o(i.SysTick_Handler) for SysTick_Handler
    startup_stm32f401xe.o(RESET) refers to stm32f4xx_mc_it.o(i.EXTI4_IRQHandler) for EXTI4_IRQHandler
    startup_stm32f401xe.o(RESET) refers to stm32f4xx_mc_it.o(i.ADC_IRQHandler) for ADC_IRQHandler
    startup_stm32f401xe.o(RESET) refers to stm32f4xx_mc_it.o(i.TIM1_BRK_TIM9_IRQHandler) for TIM1_BRK_TIM9_IRQHandler
    startup_stm32f401xe.o(RESET) refers to stm32f4xx_mc_it.o(i.TIM1_UP_TIM10_IRQHandler) for TIM1_UP_TIM10_IRQHandler
    startup_stm32f401xe.o(RESET) refers to stm32f4xx_it.o(i.TIM3_IRQHandler) for TIM3_IRQHandler
    startup_stm32f401xe.o(RESET) refers to stm32f4xx_mc_it.o(i.USART1_IRQHandler) for USART1_IRQHandler
    startup_stm32f401xe.o(RESET) refers to stm32f4xx_mc_it.o(i.DMA2_Stream2_IRQHandler) for DMA2_Stream2_IRQHandler
    startup_stm32f401xe.o(.text) refers to system_stm32f4xx.o(i.SystemInit) for SystemInit
    startup_stm32f401xe.o(.text) refers to entry.o(.ARM.Collect$$$$00000000) for __main
    main.o(i.HAL_TIM_PeriodElapsedCallback) refers to stm32f4xx_hal.o(i.HAL_IncTick) for HAL_IncTick
    main.o(i.MX_ADC1_Init) refers to memseta.o(.text) for __aeabi_memclr4
    main.o(i.MX_ADC1_Init) refers to stm32f4xx_hal_adc.o(i.HAL_ADC_Init) for HAL_ADC_Init
    main.o(i.MX_ADC1_Init) refers to stm32f4xx_hal_adc_ex.o(i.HAL_ADCEx_InjectedConfigChannel) for HAL_ADCEx_InjectedConfigChannel
    main.o(i.MX_ADC1_Init) refers to stm32f4xx_hal_adc.o(i.HAL_ADC_ConfigChannel) for HAL_ADC_ConfigChannel
    main.o(i.MX_ADC1_Init) refers to main.o(.bss) for .bss
    main.o(i.MX_GPIO_Init) refers to memseta.o(.text) for __aeabi_memclr4
    main.o(i.MX_GPIO_Init) refers to stm32f4xx_hal_gpio.o(i.HAL_GPIO_WritePin) for HAL_GPIO_WritePin
    main.o(i.MX_GPIO_Init) refers to stm32f4xx_hal_gpio.o(i.HAL_GPIO_Init) for HAL_GPIO_Init
    main.o(i.MX_NVIC_Init) refers to stm32f4xx_hal_cortex.o(i.HAL_NVIC_SetPriority) for HAL_NVIC_SetPriority
    main.o(i.MX_NVIC_Init) refers to stm32f4xx_hal_cortex.o(i.HAL_NVIC_EnableIRQ) for HAL_NVIC_EnableIRQ
    main.o(i.MX_TIM1_Init) refers to memseta.o(.text) for __aeabi_memclr4
    main.o(i.MX_TIM1_Init) refers to stm32f4xx_hal_tim.o(i.HAL_TIM_Base_Init) for HAL_TIM_Base_Init
    main.o(i.MX_TIM1_Init) refers to stm32f4xx_hal_tim.o(i.HAL_TIM_PWM_Init) for HAL_TIM_PWM_Init
    main.o(i.MX_TIM1_Init) refers to stm32f4xx_hal_tim.o(i.HAL_TIM_SlaveConfigSynchro) for HAL_TIM_SlaveConfigSynchro
    main.o(i.MX_TIM1_Init) refers to stm32f4xx_hal_tim_ex.o(i.HAL_TIMEx_MasterConfigSynchronization) for HAL_TIMEx_MasterConfigSynchronization
    main.o(i.MX_TIM1_Init) refers to stm32f4xx_hal_tim.o(i.HAL_TIM_PWM_ConfigChannel) for HAL_TIM_PWM_ConfigChannel
    main.o(i.MX_TIM1_Init) refers to stm32f4xx_hal_tim_ex.o(i.HAL_TIMEx_ConfigBreakDeadTime) for HAL_TIMEx_ConfigBreakDeadTime
    main.o(i.MX_TIM1_Init) refers to stm32f4xx_hal_msp.o(i.HAL_TIM_MspPostInit) for HAL_TIM_MspPostInit
    main.o(i.MX_TIM1_Init) refers to main.o(.bss) for .bss
    main.o(i.SystemClock_Config) refers to memseta.o(.text) for __aeabi_memclr4
    main.o(i.SystemClock_Config) refers to stm32f4xx_hal_rcc.o(i.HAL_RCC_OscConfig) for HAL_RCC_OscConfig
    main.o(i.SystemClock_Config) refers to stm32f4xx_hal_rcc.o(i.HAL_RCC_ClockConfig) for HAL_RCC_ClockConfig
    main.o(i.fputc) refers to stm32f4xx_hal_uart.o(i.HAL_UART_Transmit) for HAL_UART_Transmit
    main.o(i.fputc) refers to main.o(.bss) for .bss
    main.o(i.halTaskEntry) refers to system.o(i.UserAppliactionLoop) for UserAppliactionLoop
    main.o(i.halTaskEntry) refers to cmsis_os.o(i.osDelay) for osDelay
    main.o(i.heartTaskEntry) refers to stm32f4xx_hal_gpio.o(i.HAL_GPIO_TogglePin) for HAL_GPIO_TogglePin
    main.o(i.heartTaskEntry) refers to cmsis_os.o(i.osDelay) for osDelay
    main.o(i.main) refers to stm32f4xx_hal.o(i.HAL_Init) for HAL_Init
    main.o(i.main) refers to main.o(i.SystemClock_Config) for SystemClock_Config
    main.o(i.main) refers to main.o(i.MX_GPIO_Init) for MX_GPIO_Init
    main.o(i.main) refers to main.o(i.MX_ADC1_Init) for MX_ADC1_Init
    main.o(i.main) refers to main.o(i.MX_TIM1_Init) for MX_TIM1_Init
    main.o(i.main) refers to stm32f4xx_hal_uart.o(i.HAL_UART_Init) for HAL_UART_Init
    main.o(i.main) refers to motorcontrol.o(i.MX_MotorControl_Init) for MX_MotorControl_Init
    main.o(i.main) refers to stm32f4xx_hal_i2c.o(i.HAL_I2C_Init) for HAL_I2C_Init
[...]
    RUC_SetPhase                             0x08005cf9   Thumb Code    28  revup_ctrl.o(i.RUC_SetPhase)
    RVBS_CalcAvVbus                          0x08005d15   Thumb Code    96  r_divider_bus_voltage_sensor.o(i.RVBS_CalcAvVbus)
    RVBS_CheckFaultState                     0x08005d75   Thumb Code    26  r_divider_bus_voltage_sensor.o(i.RVBS_CheckFaultState)
    RVBS_Clear                               0x08005d8f   Thumb Code    40  r_divider_bus_voltage_sensor.o(i.RVBS_Clear)
    RVBS_Init                                0x08005db7   Thumb Code    22  r_divider_bus_voltage_sensor.o(i.RVBS_Init)
    Read74HC165D                             0x08005dcd   Thumb Code   158  74hc165d.o(i.Read74HC165D)
    SPD_GetAvrgMecSpeedUnit                  0x08005e75   Thumb Code     6  speed_pos_fdbk.o(i.SPD_GetAvrgMecSpeedUnit)
    SPD_GetElAngle                           0x08005e7b   Thumb Code     6  speed_pos_fdbk.o(i.SPD_GetElAngle)
    SPD_GetInstElSpeedDpp                    0x08005e81   Thumb Code     6  speed_pos_fdbk.o(i.SPD_GetInstElSpeedDpp)
    SPD_GetS16Speed                          0x08005e87   Thumb Code    20  speed_pos_fdbk.o(i.SPD_GetS16Speed)
    SPD_IsMecSpeedReliable                   0x08005e9b   Thumb Code    94  speed_pos_fdbk.o(i.SPD_IsMecSpeedReliable)
    STC_CalcTorqueReference                  0x08005ef9   Thumb Code    80  speed_torq_ctrl.o(i.STC_CalcTorqueReference)
    STC_Clear                                0x08005f49   Thumb Code    16  speed_torq_ctrl.o(i.STC_Clear)
    STC_ExecRamp                             0x08005f59   Thumb Code   144  speed_torq_ctrl.o(i.STC_ExecRamp)
    STC_ForceSpeedReferenceToCurrentSpeed    0x08005fe9   Thumb Code    16  speed_torq_ctrl.o(i.STC_ForceSpeedReferenceToCurrentSpeed)
    STC_GetDefaultIqdref                     0x08005ff9   Thumb Code    16  speed_torq_ctrl.o(i.STC_GetDefaultIqdref)
    STC_GetMecSpeedRefUnit                   0x08006009   Thumb Code     6  speed_torq_ctrl.o(i.STC_GetMecSpeedRefUnit)
    STC_GetMecSpeedRefUnitDefault            0x0800600f   Thumb Code     6  speed_torq_ctrl.o(i.STC_GetMecSpeedRefUnitDefault)
    STC_GetSpeedSensor                       0x08006015   Thumb Code     4  speed_torq_ctrl.o(i.STC_GetSpeedSensor)
    STC_GetTorqueRef                         0x08006019   Thumb Code     6  speed_torq_ctrl.o(i.STC_GetTorqueRef)
    STC_Init                                 0x0800601f   Thumb Code    32  speed_torq_ctrl.o(i.STC_Init)
    STC_SetControlMode                       0x0800603f   Thumb Code     8  speed_torq_ctrl.o(i.STC_SetControlMode)
    STC_SetSpeedSensor                       0x08006047   Thumb Code     4  speed_torq_ctrl.o(i.STC_SetSpeedSensor)
    STC_StopRamp                             0x0800604b   Thumb Code     8  speed_torq_ctrl.o(i.STC_StopRamp)
    STO_OTF_ResetPLL                         0x08006053   Thumb Code    10  sto_pll_speed_pos_fdbk.o(i.STO_OTF_ResetPLL)
    STO_PLL_CalcAvrgElSpeedDpp               0x0800605d   Thumb Code    74  sto_pll_speed_pos_fdbk.o(i.STO_PLL_CalcAvrgElSpeedDpp)
    STO_PLL_CalcAvrgMecSpeedUnit             0x080060a7   Thumb Code   326  sto_pll_speed_pos_fdbk.o(i.STO_PLL_CalcAvrgMecSpeedUnit)
    STO_PLL_CalcElAngle                      0x080061ed   Thumb Code   454  sto_pll_speed_pos_fdbk.o(i.STO_PLL_CalcElAngle)
    STO_PLL_Clear                            0x080063b3   Thumb Code    96  sto_pll_speed_pos_fdbk.o(i.STO_PLL_Clear)
    STO_PLL_ForceConvergency1                0x08006413   Thumb Code    10  sto_pll_speed_pos_fdbk.o(i.STO_PLL_ForceConvergency1)
    STO_PLL_ForceConvergency2                0x0800641d   Thumb Code    10  sto_pll_speed_pos_fdbk.o(i.STO_PLL_ForceConvergency2)
    STO_PLL_GetEstimatedBemf                 0x08006427   Thumb Code    18  sto_pll_speed_pos_fdbk.o(i.STO_PLL_GetEstimatedBemf)
    STO_PLL_GetEstimatedBemfLevel            0x08006439   Thumb Code     6  sto_pll_speed_pos_fdbk.o(i.STO_PLL_GetEstimatedBemfLevel)
    STO_PLL_GetEstimatedCurrent              0x0800643f   Thumb Code    24  sto_pll_speed_pos_fdbk.o(i.STO_PLL_GetEstimatedCurrent)
    STO_PLL_GetObservedBemfLevel             0x08006457   Thumb Code     6  sto_pll_speed_pos_fdbk.o(i.STO_PLL_GetObservedBemfLevel)
    STO_PLL_GetObserverGains                 0x0800645d   Thumb Code    10  sto_pll_speed_pos_fdbk.o(i.STO_PLL_GetObserverGains)
    STO_PLL_Init                             0x08006469   Thumb Code    88  sto_pll_speed_pos_fdbk.o(i.STO_PLL_Init)
    STO_PLL_IsObserverConverged              0x080064c5   Thumb Code   162  sto_pll_speed_pos_fdbk.o(i.STO_PLL_IsObserverConverged)
    STO_PLL_IsVarianceTight                  0x08006567   Thumb Code     8  sto_pll_speed_pos_fdbk.o(i.STO_PLL_IsVarianceTight)
    STO_PLL_SetObserverGains                 0x0800656f   Thumb Code     6  sto_pll_speed_pos_fdbk.o(i.STO_PLL_SetObserverGains)
    STO_ResetPLL                             0x08006575   Thumb Code     8  sto_pll_speed_pos_fdbk.o(i.STO_ResetPLL)
    StartSafetyTask                          0x0800657d   Thumb Code    12  mc_tasks.o(i.StartSafetyTask)
    SysTick_Handler                          0x08006589   Thumb Code    38  port.o(i.SysTick_Handler)
    SystemClock_Config                       0x080065b5   Thumb Code   138  main.o(i.SystemClock_Config)
    SystemInit                               0x08006649   Thumb Code    12  system_stm32f4xx.o(i.SystemInit)
    TIM1_BRK_TIM9_IRQHandler                 0x08006659   Thumb Code    38  stm32f4xx_mc_it.o(i.TIM1_BRK_TIM9_IRQHandler)
    TIM1_UP_TIM10_IRQHandler                 0x08006685   Thumb Code    20  stm32f4xx_mc_it.o(i.TIM1_UP_TIM10_IRQHandler)
    TIM3_IRQHandler                          0x0800669d   Thumb Code     6  stm32f4xx_it.o(i.TIM3_IRQHandler)
    TIM_Base_SetConfig                       0x080066a9   Thumb Code   122  stm32f4xx_hal_tim.o(i.TIM_Base_SetConfig)
    TIM_ETR_SetConfig                        0x08006741   Thumb Code    20  stm32f4xx_hal_tim.o(i.TIM_ETR_SetConfig)
    TIM_OC2_SetConfig                        0x080067a5   Thumb Code    84  stm32f4xx_hal_tim.o(i.TIM_OC2_SetConfig)
    TM1650_Clear                             0x0800696b   Thumb Code    24  tm1650.o(i.TM1650_Clear)
    TM1650_SetDisplay                        0x08006983   Thumb Code    34  tm1650.o(i.TM1650_SetDisplay)
    TM1650_SetIndexLetter                    0x080069a5   Thumb Code    74  tm1650.o(i.TM1650_SetIndexLetter)
    TM1650_SetIndexNumber                    0x080069f1   Thumb Code    66  tm1650.o(i.TM1650_SetIndexNumber)
    TM1650_SetNumber                         0x08006a39   Thumb Code    52  tm1650.o(i.TM1650_SetNumber)
    TM1650_ShowFaultCode                     0x08006a6d   Thumb Code   144  tm1650.o(i.TM1650_ShowFaultCode)
    TM1650_Write                             0x08006afd   Thumb Code    38  tm1650.o(i.TM1650_Write)
    TSK_ChargeBootCapDelayHasElapsedM1       0x08006b25   Thumb Code    14  mc_tasks.o(i.TSK_ChargeBootCapDelayHasElapsedM1)
    TSK_HardwareFaultTask                    0x08006b39   Thumb Code    24  mc_tasks.o(i.TSK_HardwareFaultTask)
    TSK_HighFrequencyTask                    0x08006b59   Thumb Code   164  mc_tasks.o(i.TSK_HighFrequencyTask)
    TSK_MF_StopProcessing                    0x08006c21   Thumb Code    50  mc_tasks.o(i.TSK_MF_StopProcessing)
    TSK_MediumFrequencyTaskM1                0x08006c61   Thumb Code   654  mc_tasks.o(i.TSK_MediumFrequencyTaskM1)
    TSK_SafetyTask                           0x08006f15   Thumb Code    26  mc_tasks.o(i.TSK_SafetyTask)
    TSK_SafetyTask_PWMOFF                    0x08006f35   Thumb Code   126  mc_tasks.o(i.TSK_SafetyTask_PWMOFF)
    TSK_SetChargeBootCapDelayM1              0x08006fd1   Thumb Code     6  mc_tasks.o(i.TSK_SetChargeBootCapDelayM1)
    TSK_SetStopPermanencyTimeM1              0x08006fdd   Thumb Code     6  mc_tasks.o(i.TSK_SetStopPermanencyTimeM1)
    TSK_StopPermanencyTimeHasElapsedM1       0x08006fe9   Thumb Code    14  mc_tasks.o(i.TSK_StopPermanencyTimeHasElapsedM1)
    UASPEP_DAMCONFIG_RX                      0x08007181   Thumb Code    86  usart_aspep_driver.o(i.UASPEP_DAMCONFIG_RX)
    UASPEP_DAMCONFIG_TX                      0x080071dd   Thumb Code    74  usart_aspep_driver.o(i.UASPEP_DAMCONFIG_TX)
    UASPEP_IDLE_ENABLE                       0x0800722d   Thumb Code    34  usart_aspep_driver.o(i.UASPEP_IDLE_ENABLE)
    UASPEP_INIT                              0x0800724f   Thumb Code    18  usart_aspep_driver.o(i.UASPEP_INIT)
    UASPEP_RECEIVE_BUFFER                    0x08007261   Thumb Code    36  usart_aspep_driver.o(i.UASPEP_RECEIVE_BUFFER)
    UASPEP_SEND_PACKET                       0x08007289   Thumb Code   106  usart_aspep_driver.o(i.UASPEP_SEND_PACKET)
    UI_HandleStartStopButton_cb              0x080072f9   Thumb Code    24  mc_tasks.o(i.UI_HandleStartStopButton_cb)
    USART1_IRQHandler                        0x08007311   Thumb Code   258  stm32f4xx_mc_it.o(i.USART1_IRQHandler)
    UpdateSystemVersion                      0x08007425   Thumb Code    68  version.o(i.UpdateSystemVersion)
    UserAppliactionLoop                      0x08007495   Thumb Code    84  system.o(i.UserAppliactionLoop)
    VBS_GetAvBusVoltage_V                    0x080074f5   Thumb Code    10  bus_voltage_sensor.o(i.VBS_GetAvBusVoltage_V)
    VBS_GetAvBusVoltage_d                    0x080074ff   Thumb Code     4  bus_voltage_sensor.o(i.VBS_GetAvBusVoltage_d)
    VSS_CalcAvrgMecSpeedUnit                 0x08007503   Thumb Code   134  virtual_speed_sensor.o(i.VSS_CalcAvrgMecSpeedUnit)
    VSS_CalcElAngle                          0x08007589   Thumb Code   150  virtual_speed_sensor.o(i.VSS_CalcElAngle)
    VSS_Clear                                0x0800761f   Thumb Code    44  virtual_speed_sensor.o(i.VSS_Clear)
    VSS_Init                                 0x0800764b   Thumb Code     8  virtual_speed_sensor.o(i.VSS_Init)
    VSS_SetMecAcceleration                   0x08007653   Thumb Code   122  virtual_speed_sensor.o(i.VSS_SetMecAcceleration)
    VSS_SetMecAngle                          0x080076cd   Thumb Code    14  virtual_speed_sensor.o(i.VSS_SetMecAngle)
    VSS_SetStartTransition                   0x080076db   Thumb Code    28  virtual_speed_sensor.o(i.VSS_SetStartTransition)
    VSS_TransitionEnded                      0x080076f7   Thumb Code     6  virtual_speed_sensor.o(i.VSS_TransitionEnded)
    VariableInit                             0x080076fd   Thumb Code    40  variable.o(i.VariableInit)
    __0printf$3                              0x08007731   Thumb Code    22  printf3.o(i.__0printf$3)
    __1printf$3                              0x08007731   Thumb Code     0  printf3.o(i.__0printf$3)
    __2printf                                0x08007731   Thumb Code     0  printf3.o(i.__0printf$3)
    __0sprintf$3                             0x08007751   Thumb Code    34  printf3.o(i.__0sprintf$3)
    __1sprintf$3                             0x08007751   Thumb Code     0  printf3.o(i.__0sprintf$3)
    __2sprintf                               0x08007751   Thumb Code     0  printf3.o(i.__0sprintf$3)
    __scatterload_copy                       0x08007841   Thumb Code    14  handlers.o(i.__scatterload_copy)
    __scatterload_null                       0x0800784f   Thumb Code     2  handlers.o(i.__scatterload_null)
    __scatterload_zeroinit                   0x08007851   Thumb Code    14  handlers.o(i.__scatterload_zeroinit)
    fputc                                    0x08007a25   Thumb Code    20  main.o(i.fputc)
    getScalingFactor                         0x08007a3d   Thumb Code    42  ramp_ext_mngr.o(i.getScalingFactor)
    halTaskEntry                             0x08007a67   Thumb Code    12  main.o(i.halTaskEntry)
    heartTaskEntry                           0x08007a75   Thumb Code    22  main.o(i.heartTaskEntry)
    iic_ack                                  0x08007a91   Thumb Code    66  softiic.o(i.iic_ack)
    iic_delay                                0x08007ad9   Thumb Code    10  softiic.o(i.iic_delay)
    iic_sendByte                             0x08007ae5   Thumb Code    94  softiic.o(i.iic_sendByte)
    iic_start                                0x08007b49   Thumb Code    62  softiic.o(i.iic_start)
    iic_stop                                 0x08007b8d   Thumb Code    64  softiic.o(i.iic_stop)
    iic_waitAck                              0x08007bd1   Thumb Code    70  softiic.o(i.iic_waitAck)
    main                                     0x08007c29   Thumb Code   326  main.o(i.main)
    mc_lock_pins                             0x08007da1   Thumb Code   102  mc_tasks.o(i.mc_lock_pins)
    osDelay                                  0x08007e15   Thumb Code    14  cmsis_os.o(i.osDelay)
    osKernelStart                            0x08007e23   Thumb Code    10  cmsis_os.o(i.osKernelStart)
    osMutexCreate                            0x08007e2d   Thumb Code    16  cmsis_os.o(i.osMutexCreate)
    osMutexRelease                           0x08007e3d   Thumb Code    74  cmsis_os.o(i.osMutexRelease)
    osMutexWait                              0x08007e8d   Thumb Code    96  cmsis_os.o(i.osMutexWait)
    osThreadCreate                           0x08007ef1   Thumb Code    84  cmsis_os.o(i.osThreadCreate)
    pvPortMalloc                             0x080083d9   Thumb Code   216  heap_4.o(i.pvPortMalloc)
    pvTaskIncrementMutexHeldCount            0x080084b5   Thumb Code    18  tasks.o(i.pvTaskIncrementMutexHeldCount)
    pxPortInitialiseStack                    0x080084cd   Thumb Code    40  port.o(i.pxPortInitialiseStack)
    sda_input                                0x080084f9   Thumb Code    24  softiic.o(i.sda_input)
    sda_ouput                                0x08008515   Thumb Code    24  softiic.o(i.sda_ouput)
    startMediumFrequencyTask                 0x08008531   Thumb Code    12  mc_tasks.o(i.startMediumFrequencyTask)
    startTimers                              0x0800853d   Thumb Code    88  pwm_common.o(i.startTimers)
    uxListRemove                             0x08008599   Thumb Code    38  list.o(i.uxListRemove)
    vApplicationGetIdleTaskMemory            0x080085c1   Thumb Code    16  freertos.o(i.vApplicationGetIdleTaskMemory)
    vListInitialise                          0x080085d5   Thumb Code    22  list.o(i.vListInitialise)
    vListInitialiseItem                      0x080085eb   Thumb Code     6  list.o(i.vListInitialiseItem)
    vListInsert                              0x080085f1   Thumb Code    48  list.o(i.vListInsert)
    vListInsertEnd                           0x08008621   Thumb Code    24  list.o(i.vListInsertEnd)
    vPortEnterCritical                       0x08008639   Thumb Code    54  port.o(i.vPortEnterCritical)
    vPortExitCritical                        0x08008679   Thumb Code    34  port.o(i.vPortExitCritical)
    vPortFree                                0x080086a1   Thumb Code    94  heap_4.o(i.vPortFree)
    vPortSetupTimerInterrupt                 0x08008705   Thumb Code    22  motorcontrol.o(i.vPortSetupTimerInterrupt)
    vPortValidateInterruptPriority           0x0800871d   Thumb Code    74  port.o(i.vPortValidateInterruptPriority)
    vTaskDelay                               0x08008771   Thumb Code    66  tasks.o(i.vTaskDelay)
    vTaskInternalSetTimeOutState             0x080087bd   Thumb Code    12  tasks.o(i.vTaskInternalSetTimeOutState)
    vTaskMissedYield                         0x080087cd   Thumb Code     8  tasks.o(i.vTaskMissedYield)
    vTaskPlaceOnEventList                    0x080087d9   Thumb Code    44  tasks.o(i.vTaskPlaceOnEventList)
    vTaskPriorityDisinheritAfterTimeout      0x08008809   Thumb Code   152  tasks.o(i.vTaskPriorityDisinheritAfterTimeout)
    vTaskStartScheduler                      0x080088a9   Thumb Code    90  tasks.o(i.vTaskStartScheduler)
    vTaskSuspendAll                          0x08008915   Thumb Code    10  tasks.o(i.vTaskSuspendAll)
    vTaskSwitchContext                       0x08008925   Thumb Code    82  tasks.o(i.vTaskSwitchContext)
    waitForPolarizationEnd                   0x08008981   Thumb Code    56  pwm_common.o(i.waitForPolarizationEnd)
    xPortStartScheduler                      0x080089b9   Thumb Code   222  port.o(i.xPortStartScheduler)
    xQueueCreateMutex                        0x08008aad   Thumb Code    22  queue.o(i.xQueueCreateMutex)
    xQueueCreateMutexStatic                  0x08008ac3   Thumb Code    26  queue.o(i.xQueueCreateMutexStatic)
    xQueueGenericCreate                      0x08008add   Thumb Code    66  queue.o(i.xQueueGenericCreate)
    xQueueGenericCreateStatic                0x08008b1f   Thumb Code   102  queue.o(i.xQueueGenericCreateStatic)
    xQueueGenericReset                       0x08008b85   Thumb Code   132  queue.o(i.xQueueGenericReset)
    xQueueGenericSend                        0x08008c0d   Thumb Code   346  queue.o(i.xQueueGenericSend)
    xQueueGiveFromISR                        0x08008d6d   Thumb Code   156  queue.o(i.xQueueGiveFromISR)
    xQueueReceiveFromISR                     0x08008e09   Thumb Code   154  queue.o(i.xQueueReceiveFromISR)
    xQueueSemaphoreTake                      0x08008ea5   Thumb Code   372  queue.o(i.xQueueSemaphoreTake)
    xTaskCheckForTimeOut                     0x0800901d   Thumb Code   112  tasks.o(i.xTaskCheckForTimeOut)
    xTaskCreate                              0x08009091   Thumb Code    90  tasks.o(i.xTaskCreate)
    xTaskCreateStatic                        0x080090eb   Thumb Code    86  tasks.o(i.xTaskCreateStatic)
    xTaskGetSchedulerState                   0x08009141   Thumb Code    22  tasks.o(i.xTaskGetSchedulerState)
    xTaskIncrementTick                       0x0800915d   Thumb Code   194  tasks.o(i.xTaskIncrementTick)
    xTaskPriorityDisinherit                  0x08009229   Thumb Code   144  tasks.o(i.xTaskPriorityDisinherit)
    xTaskPriorityInherit                     0x080092c1   Thumb Code   130  tasks.o(i.xTaskPriorityInherit)
    xTaskRemoveFromEventList                 0x0800934d   Thumb Code   108  tasks.o(i.xTaskRemoveFromEventList)
    xTaskResumeAll                           0x080093c1   Thumb Code   182  tasks.o(i.xTaskResumeAll)
    hSin_Cos_Table                           0x080094fe   Data         512  mc_math.o(.constdata)
    R3_1_ParamsM1                            0x08009708   Data         120  mc_parameters.o(.constdata)
    CTL_BOARD                                0x0800978c   Data          16  mc_configuration_registers.o(.constdata)
    FIRMWARE_NAME                            0x080097ad   Data          24  mc_configuration_registers.o(.constdata)
    globalConfig_reg                         0x080097c5   Data          10  mc_configuration_registers.o(.constdata)
    M1_MotorConfig_reg                       0x080097dd   Data          60  mc_configuration_registers.o(.constdata)
    AHBPrescTable                            0x0800993f   Data          16  system_stm32f4xx.o(.constdata)
    APBPrescTable                            0x0800994f   Data           8  system_stm32f4xx.o(.constdata)
    Region$$Table$$Base                      0x080099f8   Number         0  anon$$obj.o(Region$$Table)
    Region$$Table$$Limit                     0x08009a18   Number         0  anon$$obj.o(Region$$Table)
    mediumFrequencyHandle                    0x20000000   Data           4  main.o(.data)
    safetyHandle                             0x20000004   Data           4  main.o(.data)
    heartTaskHandle                          0x20000008   Data           4  main.o(.data)
    halTaskHandle                            0x2000000c   Data           4  main.o(.data)
    my74HCMutexHandle                        0x20000010   Data           4  main.o(.data)
    pMCI                                     0x20000014   Data           4  motorcontrol.o(.data)
    PQD_MotorPowMeasM1                       0x20000018   Data         276  mc_config.o(.data)
    PIDSpeedHandle_M1                        0x2000012c   Data          44  mc_config.o(.data)
    PIDIqHandle_M1                           0x20000158   Data          44  mc_config.o(.data)
    PIDIdHandle_M1                           0x20000184   Data          44  mc_config.o(.data)
    SpeednTorqCtrlM1                         0x200001b0   Data          52  mc_config.o(.data)
    RevUpControlM1                           0x200001e4   Data         120  mc_config.o(.data)
    PWM_Handle_M1                            0x2000025c   Data         152  mc_config.o(.data)
    VirtualSpeedSensorM1                     0x200002f4   Data          56  mc_config.o(.data)
    STO_PLL_M1                               0x2000032c   Data         296  mc_config.o(.data)
    STO_M1                                   0x20000454   Data          20  mc_config.o(.data)
    TempSensor_M1                            0x20000468   Data          40  mc_config.o(.data)
    BusVoltageSensor_M1                      0x20000490   Data          40  mc_config.o(.data)
    RampExtMngrHFParamsM1                    0x200004b8   Data          24  mc_config.o(.data)
    CircleLimitationM1                       0x200004d0   Data         180  mc_config.o(.data)
    pSTC                                     0x20000584   Data           4  mc_config.o(.data)
    pPIDIq                                   0x20000588   Data           4  mc_config.o(.data)
    pPIDId                                   0x2000058c   Data           4  mc_config.o(.data)
    pTemperatureSensor                       0x20000590   Data           4  mc_config.o(.data)
    pMPM                                     0x20000594   Data           4  mc_config.o(.data)
    aspepOverUartA                           0x200005ac   Data         116  mcp_config.o(.data)
    MCP_Over_UartA                           0x20000620   Data          16  mcp_config.o(.data)
    MCPA_UART_A                              0x20000630   Data          44  mcp_config.o(.data)
    MCP_UserCallBack                         0x2000065c   Data           8  mcp_config.o(.data)
    PWR_BOARD_NAME                           0x2000068c   Data           4  mc_configuration_registers.o(.data)
    FOCConfig_reg                            0x20000690   Data           4  mc_configuration_registers.o(.data)
    MotorConfig_reg                          0x20000694   Data           4  mc_configuration_registers.o(.data)
    ApplicationConfig_reg                    0x20000698   Data           4  mc_configuration_registers.o(.data)
    uwTickFreq                               0x2000069c   Data           1  stm32f4xx_hal.o(.data)
    uwTickPrio                               0x200006a0   Data           4  stm32f4xx_hal.o(.data)
    uwTick                                   0x200006a4   Data           4  stm32f4xx_hal.o(.data)
    SystemCoreClock                          0x200006a8   Data           4  system_stm32f4xx.o(.data)
    pxCurrentTCB                             0x200006ac   Data           4  tasks.o(.data)
    GLOBAL_TIMESTAMP                         0x20000714   Data           4  mcpa.o(.data)
    systemState                              0x2000072e   Data           2  variable.o(.data)
    ui                                       0x20000730   Data           2  variable.o(.data)
    __stdout                                 0x20000738   Data           4  stdout.o(.data)
    hadc1                                    0x2000073c   Data          72  main.o(.bss)
    hi2c1                                    0x20000784   Data          84  main.o(.bss)
    htim1                                    0x200007d8   Data          72  main.o(.bss)
    huart1                                   0x20000820   Data          68  main.o(.bss)
    huart2                                   0x20000864   Data          68  main.o(.bss)
    huart6                                   0x200008a8   Data          68  main.o(.bss)
    hdma_usart1_rx                           0x200008ec   Data          96  main.o(.bss)
    hdma_usart1_tx                           0x2000094c   Data          96  main.o(.bss)
    heartTaskBuffer                          0x200009ac   Data         512  main.o(.bss)
    heartTaskControlBlock                    0x20000bac   Data          84  main.o(.bss)
    halTaskBuffer                            0x20000c00   Data         512  main.o(.bss)
    halTaskControlBlock                      0x20000e00   Data          84  main.o(.bss)
    myMutex01ControlBlock                    0x20000e54   Data          72  main.o(.bss)
    Mci                                      0x20001104   Data          32  mc_config.o(.bss)
    dataPtrTableA                            0x20002338   Data          40  mcp_config.o(.bss)
    dataPtrTableBuffA                        0x20002360   Data          40  mcp_config.o(.bss)
    dataSizeTableA                           0x20002388   Data          10  mcp_config.o(.bss)
    dataSizeTableBuffA                       0x20002392   Data          10  mcp_config.o(.bss)
    htim3                                    0x200023f4   Data          72  stm32f4xx_hal_timebase_tim.o(.bss)
    motor                                    0x2000612c   Data          24  variable.o(.bss)
    systemInfo                               0x20006144   Data          96  version.o(.bss)
    __initial_sp                             0x200065a8   Data           0  startup_stm32f401xe.o(STACK)



==============================================================================

Memory Map of the image

  Image Entry point : 0x08000195

  Load Region LR_IROM1 (Base: 0x08000000, Size: 0x0000a154, Max: 0x00080000, ABSOLUTE, COMPRESSED[0x00009c0c])

    Execution Region ER_IROM1 (Exec base: 0x08000000, Load base: 0x08000000, Size: 0x00009a18, Max: 0x00080000, ABSOLUTE)

    Exec Addr    Load Addr    Size         Type   Attr      Idx    E Section Name        Object

    0x08000000   0x08000000   0x00000194   Data   RO            3    RESET               startup_stm32f401xe.o
    0x08000194   0x08000194   0x00000000   Code   RO         8749  * .ARM.Collect$$$$00000000  mc_w.l(entry.o)
    0x08000194   0x08000194   0x00000004   Code   RO         9037    .ARM.Collect$$$$00000001  mc_w.l(entry2.o)
    0x08000198   0x08000198   0x00000004   Code   RO         9040    .ARM.Collect$$$$00000004  mc_w.l(entry5.o)
    0x0800019c   0x0800019c   0x00000000   Code   RO         9042    .ARM.Collect$$$$00000008  mc_w.l(entry7b.o)
    0x0800019c   0x0800019c   0x00000000   Code   RO         9044    .ARM.Collect$$$$0000000A  mc_w.l(entry8b.o)
    0x0800019c   0x0800019c   0x00000008   Code   RO         9045    .ARM.Collect$$$$0000000B  mc_w.l(entry9a.o)
    0x080001a4   0x080001a4   0x00000000   Code   RO         9047    .ARM.Collect$$$$0000000D  mc_w.l(entry10a.o)
    0x080001a4   0x080001a4   0x00000000   Code   RO         9049    .ARM.Collect$$$$0000000F  mc_w.l(entry11a.o)
    0x080001a4   0x080001a4   0x00000004   Code   RO         9038    .ARM.Collect$$$$00002712  mc_w.l(entry2.o)
    0x080001a8   0x080001a8   0x000000be   Code   RO         6810    .emb_text           port.o
    0x08000266   0x08000266   0x00000002   PAD
    0x08000268   0x08000268   0x00000024   Code   RO            4    .text               startup_stm32f401xe.o
    0x0800028c   0x0800028c   0x00000062   Code   RO         8752    .text               mc_w.l(uldiv.o)
    0x080002ee   0x080002ee   0x00000062   Code   RO         8754    .text               mc_w.l(ldiv.o)
    0x08000350   0x08000350   0x00000024   Code   RO         8756    .text               mc_w.l(memcpya.o)
    0x08000374   0x08000374   0x00000024   Code   RO         8760    .text               mc_w.l(memseta.o)
    0x08000398   0x08000398   0x00000012   Code   RO         8762    .text               mc_w.l(strcpy.o)
    0x080003aa   0x080003aa   0x0000002c   Code   RO         9052    .text               mc_w.l(uidiv.o)
    0x080003d6   0x080003d6   0x0000001e   Code   RO         9054    .text               mc_w.l(llshl.o)
    0x080003f4   0x080003f4   0x00000020   Code   RO         9056    .text               mc_w.l(llushr.o)
    0x08000414   0x08000414   0x00000024   Code   RO         9071    .text               mc_w.l(init.o)
    0x08000438   0x08000438   0x00000056   Code   RO         9083    .text               mc_w.l(__dczerorl2.o)
    0x0800048e   0x0800048e   0x00000002   PAD
    0x08000490   0x08000490   0x00000020   Code   RO         1714    i.ADC_IRQHandler    stm32f4xx_mc_it.o
    0x080004b0   0x080004b0   0x00000128   Code   RO         2308    i.ADC_Init          stm32f4xx_hal_adc.o
    0x080005d8   0x080005d8   0x0000007a   Code   RO         2069    i.ASPEP_CheckBeacon  aspep.o
    0x08000652   0x08000652   0x00000018   Code   RO         2070    i.ASPEP_HWDMAReset  aspep.o
    0x0800066a   0x0800066a   0x00000002   PAD
    0x0800066c   0x0800066c   0x00000090   Code   RO         2071    i.ASPEP_HWDataReceivedIT  aspep.o
    0x080006fc   0x080006fc   0x00000094   Code   RO         2072    i.ASPEP_HWDataTransmittedIT  aspep.o
    0x08000790   0x08000790   0x0000010c   Code   RO         2073    i.ASPEP_RXframeProcess  aspep.o
    0x0800089c   0x0800089c   0x000000d0   Code   RO         2074    i.ASPEP_TXframeProcess  aspep.o
    0x0800096c   0x0800096c   0x00000054   Code   RO         2075    i.ASPEP_getBuffer   aspep.o
    0x080009c0   0x080009c0   0x00000032   Code   RO         2076    i.ASPEP_sendBeacon  aspep.o
    0x080009f2   0x080009f2   0x00000018   Code   RO         2077    i.ASPEP_sendNack    aspep.o
    0x08000a0a   0x08000a0a   0x0000004e   Code   RO         2078    i.ASPEP_sendPacket  aspep.o
    0x08000a58   0x08000a58   0x0000003e   Code   RO         2079    i.ASPEP_sendPing    aspep.o
    0x08000a96   0x08000a96   0x00000028   Code   RO         2080    i.ASPEP_start       aspep.o
    0x08000abe   0x08000abe   0x0000002e   Code   RO         8379    i.At24cxx_Read      at24cxx.o
    0x08000aec   0x08000aec   0x0000002c   Code   RO         8380    i.At24cxx_ReadOneByte  at24cxx.o
    0x08000b18   0x08000b18   0x0000003c   Code   RO         8381    i.At24cxx_Write     at24cxx.o
    0x08000b54   0x08000b54   0x0000002c   Code   RO         8382    i.At24cxx_WriteOneByte  at24cxx.o
    0x08000b80   0x08000b80   0x00000058   Code   RO         6932    i.Circle_Limitation  circle_limitation.o
    0x08000bd8   0x08000bd8   0x00000024   Code   RO         1715    i.DMA2_Stream2_IRQHandler  stm32f4xx_mc_it.o
    0x08000bfc   0x08000bfc   0x00000028   Code   RO         3066    i.DMA_CalcBaseAndBitshift  stm32f4xx_hal_dma.o
    0x08000c24   0x08000c24   0x00000054   Code   RO         3067    i.DMA_CheckFifoParam  stm32f4xx_hal_dma.o
    0x08000c78   0x08000c78   0x00000038   Code   RO         8679    i.DecreaseSpeed     system.o
    0x08000cb0   0x08000cb0   0x00000018   Code   RO         1716    i.EXTI4_IRQHandler  stm32f4xx_mc_it.o
    0x08000cc8   0x08000cc8   0x00000004   Code   RO           13    i.Error_Handler     main.o
    0x08000ccc   0x08000ccc   0x00000030   Code   RO          882    i.FOC_CalcCurrRef   mc_tasks.o
    0x08000cfc   0x08000cfc   0x0000006c   Code   RO          883    i.FOC_Clear         mc_tasks.o
    0x08000d68   0x08000d68   0x000000b4   Code   RO          884    i.FOC_CurrControllerM1  mc_tasks.o
    0x08000e1c   0x08000e1c   0x00000002   Code   RO          885    i.FOC_InitAdditionalMethods  mc_tasks.o
    0x08000e1e   0x08000e1e   0x00000002   PAD
    0x08000e20   0x08000e20   0x00000060   Code   RO         8570    i.FirstUpadteVersionInfo  version.o
    0x08000e80   0x08000e80   0x00000018   Code   RO         8680    i.GetVbusVoltage    system.o
    0x08000e98   0x08000e98   0x000001bc   Code   RO         2478    i.HAL_ADCEx_InjectedConfigChannel  stm32f4xx_hal_adc_ex.o
    0x08001054   0x08001054   0x0000014c   Code   RO         2310    i.HAL_ADC_ConfigChannel  stm32f4xx_hal_adc.o
    0x080011a0   0x080011a0   0x00000054   Code   RO         2319    i.HAL_ADC_Init      stm32f4xx_hal_adc.o
    0x080011f4   0x080011f4   0x00000084   Code   RO         2188    i.HAL_ADC_MspInit   stm32f4xx_hal_msp.o
    0x08001278   0x08001278   0x000000d4   Code   RO         3075    i.HAL_DMA_Init      stm32f4xx_hal_dma.o
    0x0800134c   0x0800134c   0x00000024   Code   RO         3512    i.HAL_Delay         stm32f4xx_hal.o
    0x08001370   0x08001370   0x000001e0   Code   RO         2962    i.HAL_GPIO_Init     stm32f4xx_hal_gpio.o
    0x08001550   0x08001550   0x0000000a   Code   RO         2964    i.HAL_GPIO_ReadPin  stm32f4xx_hal_gpio.o
    0x0800155a   0x0800155a   0x00000010   Code   RO         2965    i.HAL_GPIO_TogglePin  stm32f4xx_hal_gpio.o
    0x0800156a   0x0800156a   0x0000000a   Code   RO         2966    i.HAL_GPIO_WritePin  stm32f4xx_hal_gpio.o
    0x08001574   0x08001574   0x0000000c   Code   RO         3518    i.HAL_GetTick       stm32f4xx_hal.o
    0x08001580   0x08001580   0x00000188   Code   RO         3774    i.HAL_I2C_Init      stm32f4xx_hal_i2c.o
    0x08001708   0x08001708   0x000001f8   Code   RO         3792    i.HAL_I2C_Mem_Read  stm32f4xx_hal_i2c.o
    0x08001900   0x08001900   0x00000130   Code   RO         3795    i.HAL_I2C_Mem_Write  stm32f4xx_hal_i2c.o
    0x08001a30   0x08001a30   0x0000006c   Code   RO         2190    i.HAL_I2C_MspInit   stm32f4xx_hal_msp.o
    0x08001a9c   0x08001a9c   0x00000010   Code   RO         3524    i.HAL_IncTick       stm32f4xx_hal.o
    0x08001aac   0x08001aac   0x00000034   Code   RO         3525    i.HAL_Init          stm32f4xx_hal.o
    0x08001ae0   0x08001ae0   0x00000098   Code   RO         2266    i.HAL_InitTick      stm32f4xx_hal_timebase_tim.o
    0x08001b78   0x08001b78   0x00000038   Code   RO         2191    i.HAL_MspInit       stm32f4xx_hal_msp.o
    0x08001bb0   0x08001bb0   0x0000001a   Code   RO         3375    i.HAL_NVIC_EnableIRQ  stm32f4xx_hal_cortex.o
    0x08001bca   0x08001bca   0x00000002   PAD
    0x08001bcc   0x08001bcc   0x00000040   Code   RO         3381    i.HAL_NVIC_SetPriority  stm32f4xx_hal_cortex.o
    0x08001c0c   0x08001c0c   0x00000024   Code   RO         3382    i.HAL_NVIC_SetPriorityGrouping  stm32f4xx_hal_cortex.o
    0x08001c30   0x08001c30   0x00000134   Code   RO         2584    i.HAL_RCC_ClockConfig  stm32f4xx_hal_rcc.o
    0x08001d64   0x08001d64   0x00000040   Code   RO         2588    i.HAL_RCC_GetClockConfig  stm32f4xx_hal_rcc.o
    0x08001da4   0x08001da4   0x0000000c   Code   RO         2589    i.HAL_RCC_GetHCLKFreq  stm32f4xx_hal_rcc.o
    0x08001db0   0x08001db0   0x00000020   Code   RO         2591    i.HAL_RCC_GetPCLK1Freq  stm32f4xx_hal_rcc.o
    0x08001dd0   0x08001dd0   0x00000020   Code   RO         2592    i.HAL_RCC_GetPCLK2Freq  stm32f4xx_hal_rcc.o
    0x08001df0   0x08001df0   0x00000060   Code   RO         2593    i.HAL_RCC_GetSysClockFreq  stm32f4xx_hal_rcc.o
    0x08001e50   0x08001e50   0x0000036c   Code   RO         2596    i.HAL_RCC_OscConfig  stm32f4xx_hal_rcc.o
    0x080021bc   0x080021bc   0x00000028   Code   RO         3386    i.HAL_SYSTICK_Config  stm32f4xx_hal_cortex.o
    0x080021e4   0x080021e4   0x00000002   Code   RO         4931    i.HAL_TIMEx_BreakCallback  stm32f4xx_hal_tim_ex.o
    0x080021e6   0x080021e6   0x00000002   Code   RO         4932    i.HAL_TIMEx_CommutCallback  stm32f4xx_hal_tim_ex.o
    0x080021e8   0x080021e8   0x00000054   Code   RO         4934    i.HAL_TIMEx_ConfigBreakDeadTime  stm32f4xx_hal_tim_ex.o
    0x0800223c   0x0800223c   0x0000007c   Code   RO         4950    i.HAL_TIMEx_MasterConfigSynchronization  stm32f4xx_hal_tim_ex.o
    0x080022b8   0x080022b8   0x0000005a   Code   RO         4227    i.HAL_TIM_Base_Init  stm32f4xx_hal_tim.o
    0x08002312   0x08002312   0x00000002   PAD
    0x08002314   0x08002314   0x00000068   Code   RO         2193    i.HAL_TIM_Base_MspInit  stm32f4xx_hal_msp.o
    0x0800237c   0x0800237c   0x0000006c   Code   RO         4232    i.HAL_TIM_Base_Start_IT  stm32f4xx_hal_tim.o
    0x080023e8   0x080023e8   0x00000002   Code   RO         4261    i.HAL_TIM_IC_CaptureCallback  stm32f4xx_hal_tim.o
    0x080023ea   0x080023ea   0x00000166   Code   RO         4275    i.HAL_TIM_IRQHandler  stm32f4xx_hal_tim.o
    0x08002550   0x08002550   0x0000007c   Code   RO         2194    i.HAL_TIM_MspPostInit  stm32f4xx_hal_msp.o
    0x080025cc   0x080025cc   0x00000002   Code   RO         4278    i.HAL_TIM_OC_DelayElapsedCallback  stm32f4xx_hal_tim.o
    0x080025ce   0x080025ce   0x000000cc   Code   RO         4299    i.HAL_TIM_PWM_ConfigChannel  stm32f4xx_hal_tim.o
    0x0800269a   0x0800269a   0x0000005a   Code   RO         4302    i.HAL_TIM_PWM_Init  stm32f4xx_hal_tim.o
    0x080026f4   0x080026f4   0x00000002   Code   RO         4304    i.HAL_TIM_PWM_MspInit  stm32f4xx_hal_tim.o
    0x080026f6   0x080026f6   0x00000002   Code   RO         4305    i.HAL_TIM_PWM_PulseFinishedCallback  stm32f4xx_hal_tim.o
    0x080026f8   0x080026f8   0x00000014   Code   RO           14    i.HAL_TIM_PeriodElapsedCallback  main.o
    0x0800270c   0x0800270c   0x00000056   Code   RO         4316    i.HAL_TIM_SlaveConfigSynchro  stm32f4xx_hal_tim.o
    0x08002762   0x08002762   0x00000002   Code   RO         4318    i.HAL_TIM_TriggerCallback  stm32f4xx_hal_tim.o
    0x08002764   0x08002764   0x00000062   Code   RO         5227    i.HAL_UART_Init     stm32f4xx_hal_uart.o
    0x080027c6   0x080027c6   0x00000002   PAD
    0x080027c8   0x080027c8   0x00000158   Code   RO         2196    i.HAL_UART_MspInit  stm32f4xx_hal_msp.o
    0x08002920   0x08002920   0x000000b2   Code   RO         5235    i.HAL_UART_Transmit  stm32f4xx_hal_uart.o
    0x080029d2   0x080029d2   0x0000001c   Code   RO         8498    i.HalInit           hal.o
    0x080029ee   0x080029ee   0x00000006   Code   RO         1717    i.HardFault_Handler  stm32f4xx_mc_it.o
    0x080029f4   0x080029f4   0x0000002e   Code   RO         3816    i.I2C_IsAcknowledgeFailed  stm32f4xx_hal_i2c.o
    0x08002a22   0x08002a22   0x00000002   PAD
    0x08002a24   0x08002a24   0x000000fc   Code   RO         3826    i.I2C_RequestMemoryRead  stm32f4xx_hal_i2c.o
    0x08002b20   0x08002b20   0x000000a8   Code   RO         3827    i.I2C_RequestMemoryWrite  stm32f4xx_hal_i2c.o
    0x08002bc8   0x08002bc8   0x0000004c   Code   RO         3831    i.I2C_WaitOnBTFFlagUntilTimeout  stm32f4xx_hal_i2c.o
    0x08002c14   0x08002c14   0x00000068   Code   RO         3832    i.I2C_WaitOnFlagUntilTimeout  stm32f4xx_hal_i2c.o
    0x08002c7c   0x08002c7c   0x00000096   Code   RO         3833    i.I2C_WaitOnMasterAddressFlagUntilTimeout  stm32f4xx_hal_i2c.o
    0x08002d12   0x08002d12   0x00000066   Code   RO         3834    i.I2C_WaitOnRXNEFlagUntilTimeout  stm32f4xx_hal_i2c.o
    0x08002d78   0x08002d78   0x0000004c   Code   RO         3835    i.I2C_WaitOnTXEFlagUntilTimeout  stm32f4xx_hal_i2c.o
    0x08002dc4   0x08002dc4   0x00000038   Code   RO         8681    i.IncreaseSpeed     system.o
    0x08002dfc   0x08002dfc   0x00000014   Code   RO         1959    i.LL_DMA_EnableStream  usart_aspep_driver.o
    0x08002e10   0x08002e10   0x00000018   Code   RO         1960    i.LL_DMA_SetDataLength  usart_aspep_driver.o
    0x08002e28   0x08002e28   0x00000012   Code   RO          887    i.LL_GPIO_LockPin   mc_tasks.o
    0x08002e3a   0x08002e3a   0x0000000e   Code   RO         8096    i.LL_TIM_CC_IsEnabledChannel  r3_1_f4xx_pwm_curr_fdbk.o
    0x08002e48   0x08002e48   0x0000005c   Code   RO         8097    i.LL_TIM_OC_SetMode  r3_1_f4xx_pwm_curr_fdbk.o
    0x08002ea4   0x08002ea4   0x00000014   Code   RO         8682    i.LimitSpeed        system.o
    0x08002eb8   0x08002eb8   0x00000010   Code   RO         1387    i.MCI_Clear_Iqdref  mc_interface.o
    0x08002ec8   0x08002ec8   0x0000006a   Code   RO         1388    i.MCI_ExecBufferedCommands  mc_interface.o
    0x08002f32   0x08002f32   0x0000000e   Code   RO         1389    i.MCI_ExecSpeedRamp  mc_interface.o
    0x08002f40   0x08002f40   0x00000028   Code   RO         1390    i.MCI_ExecSpeedRamp_F  mc_interface.o
    0x08002f68   0x08002f68   0x00000012   Code   RO         1391    i.MCI_ExecTorqueRamp  mc_interface.o
    0x08002f7a   0x08002f7a   0x00000024   Code   RO         1393    i.MCI_FaultAcknowledged  mc_interface.o
    0x08002f9e   0x08002f9e   0x00000010   Code   RO         1394    i.MCI_FaultProcessing  mc_interface.o
    0x08002fae   0x08002fae   0x00000010   Code   RO         1395    i.MCI_GetAvrgMecSpeedUnit  mc_interface.o
    0x08002fbe   0x08002fbe   0x00000004   Code   RO         1398    i.MCI_GetControlMode  mc_interface.o
    0x08002fc2   0x08002fc2   0x00000004   Code   RO         1399    i.MCI_GetCurrentFaults  mc_interface.o
    0x08002fc6   0x08002fc6   0x0000000a   Code   RO         1401    i.MCI_GetFaultState  mc_interface.o
    0x08002fd0   0x08002fd0   0x00000006   Code   RO         1402    i.MCI_GetIab        mc_interface.o
    0x08002fd6   0x08002fd6   0x00000006   Code   RO         1404    i.MCI_GetIalphabeta  mc_interface.o
    0x08002fdc   0x08002fdc   0x0000002e   Code   RO         1405    i.MCI_GetImposedMotorDirection  mc_interface.o
    0x0800300a   0x0800300a   0x00000006   Code   RO         1406    i.MCI_GetIqd        mc_interface.o
    0x08003010   0x08003010   0x00000006   Code   RO         1409    i.MCI_GetIqdref     mc_interface.o
    0x08003016   0x08003016   0x00000004   Code   RO         1411    i.MCI_GetLastRampFinalDuration  mc_interface.o
    0x0800301a   0x0800301a   0x00000006   Code   RO         1412    i.MCI_GetLastRampFinalSpeed  mc_interface.o
    0x08003020   0x08003020   0x00000006   Code   RO         1414    i.MCI_GetLastRampFinalTorque  mc_interface.o
    0x08003026   0x08003026   0x00000006   Code   RO         1415    i.MCI_GetMecSpeedRefUnit  mc_interface.o
    0x0800302c   0x0800302c   0x00000004   Code   RO         1417    i.MCI_GetOccurredFaults  mc_interface.o
    0x08003030   0x08003030   0x00000004   Code   RO         1420    i.MCI_GetSTMState   mc_interface.o
    0x08003034   0x08003034   0x00000008   Code   RO         1422    i.MCI_GetTeref      mc_interface.o
    0x0800303c   0x0800303c   0x00000008   Code   RO         1424    i.MCI_GetValphabeta  mc_interface.o
    0x08003044   0x08003044   0x00000008   Code   RO         1425    i.MCI_GetVqd        mc_interface.o
    0x0800304c   0x0800304c   0x0000001a   Code   RO         1426    i.MCI_Init          mc_interface.o
    0x08003066   0x08003066   0x00000014   Code   RO         1430    i.MCI_SetCurrentReferences  mc_interface.o
    0x0800307a   0x0800307a   0x00000026   Code   RO         1432    i.MCI_StartMotor    mc_interface.o
    0x080030a0   0x080030a0   0x00000034   Code   RO         1435    i.MCI_StopMotor     mc_interface.o
    0x080030d4   0x080030d4   0x00000006   Code   RO         1436    i.MCI_StopRamp      mc_interface.o
    0x080030da   0x080030da   0x00000002   PAD
    0x080030dc   0x080030dc   0x00000048   Code   RO         1330    i.MCM_Clarke        mc_math.o
    0x08003124   0x08003124   0x0000007c   Code   RO         1331    i.MCM_Park          mc_math.o
    0x080031a0   0x080031a0   0x00000034   Code   RO         1332    i.MCM_Rev_Park      mc_math.o
    0x080031d4   0x080031d4   0x00000038   Code   RO         1333    i.MCM_Sqrt          mc_math.o
    0x0800320c   0x0800320c   0x00000070   Code   RO         1334    i.MCM_Trig_Functions  mc_math.o
    0x0800327c   0x0800327c   0x000000b2   Code   RO         8331    i.MCPA_cfgLog       mcpa.o
    0x0800332e   0x0800332e   0x00000002   PAD
    0x08003330   0x08003330   0x00000170   Code   RO         8332    i.MCPA_dataLog      mcpa.o
    0x080034a0   0x080034a0   0x00000066   Code   RO         8333    i.MCPA_flushDataLog  mcpa.o
    0x08003506   0x08003506   0x00000034   Code   RO         8334    i.MCPA_stopDataLog  mcpa.o
    0x0800353a   0x0800353a   0x00000002   PAD
    0x0800353c   0x0800353c   0x00000120   Code   RO         8301    i.MCP_ReceivedPacket  mcp.o
    0x0800365c   0x0800365c   0x0000000c   Code   RO          503    i.MC_AcknowledgeFaultMotor1  mc_api.o
    0x08003668   0x08003668   0x0000000c   Code   RO          510    i.MC_GetCurrentFaultsMotor1  mc_api.o
    0x08003674   0x08003674   0x0000000c   Code   RO          512    i.MC_GetIabMotor1   mc_api.o
    0x08003680   0x08003680   0x0000000c   Code   RO          529    i.MC_GetSTMStateMotor1  mc_api.o
    0x0800368c   0x0800368c   0x00000014   Code   RO          536    i.MC_ProgramSpeedRampMotor1  mc_api.o
    0x080036a0   0x080036a0   0x00000010   Code   RO          537    i.MC_ProgramSpeedRampMotor1_F  mc_api.o
    0x080036b0   0x080036b0   0x00000014   Code   RO          888    i.MC_RunMotorControlTasks  mc_tasks.o
    0x080036c4   0x080036c4   0x0000006c   Code   RO          889    i.MC_Scheduler      mc_tasks.o
    0x08003730   0x08003730   0x0000000c   Code   RO          543    i.MC_StartMotor1    mc_api.o
    0x0800373c   0x0800373c   0x0000000c   Code   RO          545    i.MC_StopMotor1     mc_api.o
    0x08003748   0x08003748   0x0000011c   Code   RO          890    i.MCboot            mc_tasks.o
    0x08003864   0x08003864   0x00000046   Code   RO         6989    i.MPM_CalcElMotorPower  motor_power_measurement.o
    0x080038aa   0x080038aa   0x0000001a   Code   RO         6990    i.MPM_Clear         motor_power_measurement.o
    0x080038c4   0x080038c4   0x00000006   Code   RO         6991    i.MPM_GetAvrgElMotorPowerW  motor_power_measurement.o
    0x080038ca   0x080038ca   0x00000002   PAD
    0x080038cc   0x080038cc   0x000000c8   Code   RO           15    i.MX_ADC1_Init      main.o
    0x08003994   0x08003994   0x000000f4   Code   RO           16    i.MX_GPIO_Init      main.o
    0x08003a88   0x08003a88   0x00000014   Code   RO          463    i.MX_MotorControl_Init  motorcontrol.o
    0x08003a9c   0x08003a9c   0x00000066   Code   RO           17    i.MX_NVIC_Init      main.o
    0x08003b02   0x08003b02   0x00000002   PAD
    0x08003b04   0x08003b04   0x00000114   Code   RO           18    i.MX_TIM1_Init      main.o
    0x08003c18   0x08003c18   0x00000030   Code   RO         8683    i.ModePageProcess   system.o
    0x08003c48   0x08003c48   0x00000088   Code   RO         8684    i.ModeUi            system.o
    0x08003cd0   0x08003cd0   0x000000c0   Code   RO         8685    i.MotorCtrl         system.o
    0x08003d90   0x08003d90   0x0000003c   Code   RO         7031    i.NTC_CalcAvTemp    ntc_temperature_sensor.o
    0x08003dcc   0x08003dcc   0x00000006   Code   RO         7033    i.NTC_Clear         ntc_temperature_sensor.o
    0x08003dd2   0x08003dd2   0x0000001e   Code   RO         7034    i.NTC_GetAvTemp_C   ntc_temperature_sensor.o
    0x08003df0   0x08003df0   0x00000024   Code   RO         7036    i.NTC_Init          ntc_temperature_sensor.o
    0x08003e14   0x08003e14   0x0000001a   Code   RO         7037    i.NTC_SetFaultState  ntc_temperature_sensor.o
    0x08003e2e   0x08003e2e   0x00000006   Code   RO         7145    i.PID_GetKD         pid_regulator.o
    0x08003e34   0x08003e34   0x00000004   Code   RO         7147    i.PID_GetKDDivisorPOW2  pid_regulator.o
    0x08003e38   0x08003e38   0x00000006   Code   RO         7148    i.PID_GetKI         pid_regulator.o
    0x08003e3e   0x08003e3e   0x00000004   Code   RO         7149    i.PID_GetKIDivisor  pid_regulator.o
    0x08003e42   0x08003e42   0x00000004   Code   RO         7150    i.PID_GetKIDivisorPOW2  pid_regulator.o
    0x08003e46   0x08003e46   0x00000006   Code   RO         7151    i.PID_GetKP         pid_regulator.o
    0x08003e4c   0x08003e4c   0x00000004   Code   RO         7153    i.PID_GetKPDivisorPOW2  pid_regulator.o
    0x08003e50   0x08003e50   0x00000014   Code   RO         7154    i.PID_HandleInit    pid_regulator.o
    0x08003e64   0x08003e64   0x00000004   Code   RO         7155    i.PID_SetIntegralTerm  pid_regulator.o
    0x08003e68   0x08003e68   0x00000004   Code   RO         7156    i.PID_SetKD         pid_regulator.o
    0x08003e6c   0x08003e6c   0x0000000a   Code   RO         7157    i.PID_SetKDDivisorPOW2  pid_regulator.o
    0x08003e76   0x08003e76   0x00000004   Code   RO         7158    i.PID_SetKI         pid_regulator.o
    0x08003e7a   0x08003e7a   0x00000020   Code   RO         7159    i.PID_SetKIDivisorPOW2  pid_regulator.o
    0x08003e9a   0x08003e9a   0x00000004   Code   RO         7160    i.PID_SetKP         pid_regulator.o
    0x08003e9e   0x08003e9e   0x0000000a   Code   RO         7161    i.PID_SetKPDivisorPOW2  pid_regulator.o
    0x08003ea8   0x08003ea8   0x00000004   Code   RO         7162    i.PID_SetLowerIntegralTermLimit  pid_regulator.o
    0x08003eac   0x08003eac   0x00000004   Code   RO         7165    i.PID_SetUpperIntegralTermLimit  pid_regulator.o
    0x08003eb0   0x08003eb0   0x0000007c   Code   RO         7167    i.PI_Controller     pid_regulator.o
    0x08003f2c   0x08003f2c   0x00000054   Code   RO         7316    i.PQD_CalcElMotorPower  pqd_motor_power_measurement.o
    0x08003f80   0x08003f80   0x00000004   Code   RO         1050    i.PWMC_CheckOverCurrent  pwm_curr_fdbk.o
    0x08003f84   0x08003f84   0x0000003a   Code   RO         1052    i.PWMC_CurrentReadingCalibr  pwm_curr_fdbk.o
    0x08003fbe   0x08003fbe   0x00000004   Code   RO         1057    i.PWMC_GetPhaseCurrents  pwm_curr_fdbk.o
    0x08003fc2   0x08003fc2   0x000001da   Code   RO         1078    i.PWMC_SetPhaseVoltage  pwm_curr_fdbk.o
    0x0800419c   0x0800419c   0x00000004   Code   RO         1079    i.PWMC_SwitchOffPWM  pwm_curr_fdbk.o
    0x080041a0   0x080041a0   0x00000004   Code   RO         1080    i.PWMC_SwitchOnPWM  pwm_curr_fdbk.o
    0x080041a4   0x080041a4   0x00000108   Code   RO         8686    i.PanelKeyProcess   system.o
    0x080042ac   0x080042ac   0x000000f0   Code   RO         8571    i.QuerySystemInfo   version.o
    0x0800439c   0x0800439c   0x0000003c   Code   RO         8098    i.R3_1_BRK_IRQHandler  r3_1_f4xx_pwm_curr_fdbk.o
    0x080043d8   0x080043d8   0x00000120   Code   RO         8099    i.R3_1_CurrentReadingCalibration  r3_1_f4xx_pwm_curr_fdbk.o
    0x080044f8   0x080044f8   0x00000010   Code   RO         8100    i.R3_1_GetOffsetCalib  r3_1_f4xx_pwm_curr_fdbk.o
    0x08004508   0x08004508   0x00000100   Code   RO         8101    i.R3_1_GetPhaseCurrents  r3_1_f4xx_pwm_curr_fdbk.o
    0x08004608   0x08004608   0x00000054   Code   RO         8103    i.R3_1_HFCurrentsCalibrationAB  r3_1_f4xx_pwm_curr_fdbk.o
    0x0800465c   0x0800465c   0x00000040   Code   RO         8104    i.R3_1_HFCurrentsCalibrationC  r3_1_f4xx_pwm_curr_fdbk.o
    0x0800469c   0x0800469c   0x0000009c   Code   RO         8105    i.R3_1_Init         r3_1_f4xx_pwm_curr_fdbk.o
    0x08004738   0x08004738   0x00000016   Code   RO         8106    i.R3_1_IsOverCurrentOccurred  r3_1_f4xx_pwm_curr_fdbk.o
    0x0800474e   0x0800474e   0x00000002   PAD
    0x08004750   0x08004750   0x00000110   Code   RO         8107    i.R3_1_RLDetectionModeDisable  r3_1_f4xx_pwm_curr_fdbk.o
    0x08004860   0x08004860   0x000000bc   Code   RO         8108    i.R3_1_RLDetectionModeEnable  r3_1_f4xx_pwm_curr_fdbk.o
    0x0800491c   0x0800491c   0x00000042   Code   RO         8109    i.R3_1_RLDetectionModeSetDuty  r3_1_f4xx_pwm_curr_fdbk.o
    0x0800495e   0x0800495e   0x00000002   PAD
    0x08004960   0x08004960   0x00000040   Code   RO         8110    i.R3_1_RLGetPhaseCurrents  r3_1_f4xx_pwm_curr_fdbk.o
    0x080049a0   0x080049a0   0x000000a8   Code   RO         8111    i.R3_1_RLSwitchOnPWM  r3_1_f4xx_pwm_curr_fdbk.o
    0x08004a48   0x08004a48   0x0000004a   Code   RO         8112    i.R3_1_RLTurnOnLowSides  r3_1_f4xx_pwm_curr_fdbk.o
    0x08004a92   0x08004a92   0x00000020   Code   RO         8113    i.R3_1_SetADCSampPointCalibration  r3_1_f4xx_pwm_curr_fdbk.o
    0x08004ab2   0x08004ab2   0x0000005c   Code   RO         8114    i.R3_1_SetADCSampPointSectX  r3_1_f4xx_pwm_curr_fdbk.o
    0x08004b0e   0x08004b0e   0x00000016   Code   RO         8116    i.R3_1_SetOffsetCalib  r3_1_f4xx_pwm_curr_fdbk.o
    0x08004b24   0x08004b24   0x00000060   Code   RO         8117    i.R3_1_SwitchOffPWM  r3_1_f4xx_pwm_curr_fdbk.o
    0x08004b84   0x08004b84   0x000000a4   Code   RO         8118    i.R3_1_SwitchOnPWM  r3_1_f4xx_pwm_curr_fdbk.o
    0x08004c28   0x08004c28   0x0000003a   Code   RO         8119    i.R3_1_TIMx_UP_IRQHandler  r3_1_f4xx_pwm_curr_fdbk.o
    0x08004c62   0x08004c62   0x00000050   Code   RO         8120    i.R3_1_TurnOnLowSides  r3_1_f4xx_pwm_curr_fdbk.o
    0x08004cb2   0x08004cb2   0x0000003a   Code   RO         8121    i.R3_1_WriteTIMRegisters  r3_1_f4xx_pwm_curr_fdbk.o
    0x08004cec   0x08004cec   0x0000007c   Code   RO         1264    i.RCM_ExecRegularConv  regular_conversion_manager.o
    0x08004d68   0x08004d68   0x00000040   Code   RO         1265    i.RCM_ExecUserConv  regular_conversion_manager.o
    0x08004da8   0x08004da8   0x000000f0   Code   RO         1268    i.RCM_RegisterRegConv  regular_conversion_manager.o
    0x08004e98   0x08004e98   0x0000002c   Code   RO         7424    i.REMNG_Calc        ramp_ext_mngr.o
    0x08004ec4   0x08004ec4   0x00000084   Code   RO         7425    i.REMNG_ExecRamp    ramp_ext_mngr.o
    0x08004f48   0x08004f48   0x00000010   Code   RO         7427    i.REMNG_Init        ramp_ext_mngr.o
    0x08004f58   0x08004f58   0x0000000e   Code   RO         7428    i.REMNG_RampCompleted  ramp_ext_mngr.o
    0x08004f66   0x08004f66   0x00000022   Code   RO         1818    i.RI_GetIDSize      register_interface.o
    0x08004f88   0x08004f88   0x000000dc   Code   RO         1819    i.RI_GetPtrReg      register_interface.o
    0x08005064   0x08005064   0x00000580   Code   RO         1820    i.RI_GetReg         register_interface.o
    0x080055e4   0x080055e4   0x0000004c   Code   RO         1821    i.RI_GetRegCommandParser  register_interface.o
    0x08005630   0x08005630   0x00000030   Code   RO         1822    i.RI_MovString      register_interface.o
    0x08005660   0x08005660   0x00000498   Code   RO         1823    i.RI_SetReg         register_interface.o
    0x08005af8   0x08005af8   0x0000008c   Code   RO         1824    i.RI_SetRegCommandParser  register_interface.o
    0x08005b84   0x08005b84   0x00000088   Code   RO         7484    i.RUC_Clear         revup_ctrl.o
    0x08005c0c   0x08005c0c   0x00000068   Code   RO         7486    i.RUC_Exec          revup_ctrl.o
    0x08005c74   0x08005c74   0x00000014   Code   RO         7487    i.RUC_FirstAccelerationStageReached  revup_ctrl.o
    0x08005c88   0x08005c88   0x00000006   Code   RO         7488    i.RUC_GetNumberOfPhases  revup_ctrl.o
    0x08005c8e   0x08005c8e   0x0000001a   Code   RO         7489    i.RUC_GetPhase      revup_ctrl.o
    0x08005ca8   0x08005ca8   0x00000050   Code   RO         7495    i.RUC_Init          revup_ctrl.o
    0x08005cf8   0x08005cf8   0x0000001c   Code   RO         7498    i.RUC_SetPhase      revup_ctrl.o
    0x08005d14   0x08005d14   0x00000060   Code   RO         7376    i.RVBS_CalcAvVbus   r_divider_bus_voltage_sensor.o
    0x08005d74   0x08005d74   0x0000001a   Code   RO         7378    i.RVBS_CheckFaultState  r_divider_bus_voltage_sensor.o
    0x08005d8e   0x08005d8e   0x00000028   Code   RO         7379    i.RVBS_Clear        r_divider_bus_voltage_sensor.o
    0x08005db6   0x08005db6   0x00000016   Code   RO         7380    i.RVBS_Init         r_divider_bus_voltage_sensor.o
    0x08005dcc   0x08005dcc   0x000000a8   Code   RO         8522    i.Read74HC165D      74hc165d.o
    0x08005e74   0x08005e74   0x00000006   Code   RO         7617    i.SPD_GetAvrgMecSpeedUnit  speed_pos_fdbk.o
    0x08005e7a   0x08005e7a   0x00000006   Code   RO         7618    i.SPD_GetElAngle    speed_pos_fdbk.o
    0x08005e80   0x08005e80   0x00000006   Code   RO         7621    i.SPD_GetInstElSpeedDpp  speed_pos_fdbk.o
    0x08005e86   0x08005e86   0x00000014   Code   RO         7623    i.SPD_GetS16Speed   speed_pos_fdbk.o
    0x08005e9a   0x08005e9a   0x0000005e   Code   RO         7624    i.SPD_IsMecSpeedReliable  speed_pos_fdbk.o
    0x08005ef8   0x08005ef8   0x00000050   Code   RO         7694    i.STC_CalcTorqueReference  speed_torq_ctrl.o
    0x08005f48   0x08005f48   0x00000010   Code   RO         7695    i.STC_Clear         speed_torq_ctrl.o
    0x08005f58   0x08005f58   0x00000090   Code   RO         7696    i.STC_ExecRamp      speed_torq_ctrl.o
    0x08005fe8   0x08005fe8   0x00000010   Code   RO         7697    i.STC_ForceSpeedReferenceToCurrentSpeed  speed_torq_ctrl.o
    0x08005ff8   0x08005ff8   0x00000010   Code   RO         7699    i.STC_GetDefaultIqdref  speed_torq_ctrl.o
    0x08006008   0x08006008   0x00000006   Code   RO         7701    i.STC_GetMecSpeedRefUnit  speed_torq_ctrl.o
    0x0800600e   0x0800600e   0x00000006   Code   RO         7702    i.STC_GetMecSpeedRefUnitDefault  speed_torq_ctrl.o
    0x08006014   0x08006014   0x00000004   Code   RO         7704    i.STC_GetSpeedSensor  speed_torq_ctrl.o
    0x08006018   0x08006018   0x00000006   Code   RO         7705    i.STC_GetTorqueRef  speed_torq_ctrl.o
    0x0800601e   0x0800601e   0x00000020   Code   RO         7706    i.STC_Init          speed_torq_ctrl.o
    0x0800603e   0x0800603e   0x00000008   Code   RO         7708    i.STC_SetControlMode  speed_torq_ctrl.o
    0x08006046   0x08006046   0x00000004   Code   RO         7710    i.STC_SetSpeedSensor  speed_torq_ctrl.o
    0x0800604a   0x0800604a   0x00000008   Code   RO         7711    i.STC_StopRamp      speed_torq_ctrl.o
    0x08006052   0x08006052   0x0000000a   Code   RO         7827    i.STO_OTF_ResetPLL  sto_pll_speed_pos_fdbk.o
    0x0800605c   0x0800605c   0x0000004a   Code   RO         7829    i.STO_PLL_CalcAvrgElSpeedDpp  sto_pll_speed_pos_fdbk.o
    0x080060a6   0x080060a6   0x00000146   Code   RO         7830    i.STO_PLL_CalcAvrgMecSpeedUnit  sto_pll_speed_pos_fdbk.o
    0x080061ec   0x080061ec   0x000001c6   Code   RO         7831    i.STO_PLL_CalcElAngle  sto_pll_speed_pos_fdbk.o
    0x080063b2   0x080063b2   0x00000060   Code   RO         7832    i.STO_PLL_Clear     sto_pll_speed_pos_fdbk.o
    0x08006412   0x08006412   0x0000000a   Code   RO         7833    i.STO_PLL_ForceConvergency1  sto_pll_speed_pos_fdbk.o
    0x0800641c   0x0800641c   0x0000000a   Code   RO         7834    i.STO_PLL_ForceConvergency2  sto_pll_speed_pos_fdbk.o
    0x08006426   0x08006426   0x00000012   Code   RO         7835    i.STO_PLL_GetEstimatedBemf  sto_pll_speed_pos_fdbk.o
    0x08006438   0x08006438   0x00000006   Code   RO         7836    i.STO_PLL_GetEstimatedBemfLevel  sto_pll_speed_pos_fdbk.o
    0x0800643e   0x0800643e   0x00000018   Code   RO         7837    i.STO_PLL_GetEstimatedCurrent  sto_pll_speed_pos_fdbk.o
    0x08006456   0x08006456   0x00000006   Code   RO         7838    i.STO_PLL_GetObservedBemfLevel  sto_pll_speed_pos_fdbk.o
    0x0800645c   0x0800645c   0x0000000a   Code   RO         7839    i.STO_PLL_GetObserverGains  sto_pll_speed_pos_fdbk.o
    0x08006466   0x08006466   0x00000002   PAD
    0x08006468   0x08006468   0x0000005c   Code   RO         7840    i.STO_PLL_Init      sto_pll_speed_pos_fdbk.o
    0x080064c4   0x080064c4   0x000000a2   Code   RO         7842    i.STO_PLL_IsObserverConverged  sto_pll_speed_pos_fdbk.o
    0x08006566   0x08006566   0x00000008   Code   RO         7843    i.STO_PLL_IsVarianceTight  sto_pll_speed_pos_fdbk.o
    0x0800656e   0x0800656e   0x00000006   Code   RO         7846    i.STO_PLL_SetObserverGains  sto_pll_speed_pos_fdbk.o
    0x08006574   0x08006574   0x00000008   Code   RO         7847    i.STO_ResetPLL      sto_pll_speed_pos_fdbk.o
    0x0800657c   0x0800657c   0x0000000c   Code   RO          891    i.StartSafetyTask   mc_tasks.o
    0x08006588   0x08006588   0x0000002c   Code   RO         6811    i.SysTick_Handler   port.o
    0x080065b4   0x080065b4   0x00000094   Code   RO           19    i.SystemClock_Config  main.o
    0x08006648   0x08006648   0x00000010   Code   RO         5556    i.SystemInit        system_stm32f4xx.o
    0x08006658   0x08006658   0x0000002c   Code   RO         1718    i.TIM1_BRK_TIM9_IRQHandler  stm32f4xx_mc_it.o
    0x08006684   0x08006684   0x00000018   Code   RO         1719    i.TIM1_UP_TIM10_IRQHandler  stm32f4xx_mc_it.o
    0x0800669c   0x0800669c   0x0000000c   Code   RO         2159    i.TIM3_IRQHandler   stm32f4xx_it.o
    0x080066a8   0x080066a8   0x00000098   Code   RO         4320    i.TIM_Base_SetConfig  stm32f4xx_hal_tim.o
    0x08006740   0x08006740   0x00000014   Code   RO         4331    i.TIM_ETR_SetConfig  stm32f4xx_hal_tim.o
    0x08006754   0x08006754   0x00000050   Code   RO         4333    i.TIM_OC1_SetConfig  stm32f4xx_hal_tim.o
    0x080067a4   0x080067a4   0x00000058   Code   RO         4334    i.TIM_OC2_SetConfig  stm32f4xx_hal_tim.o
    0x080067fc   0x080067fc   0x00000058   Code   RO         4335    i.TIM_OC3_SetConfig  stm32f4xx_hal_tim.o
    0x08006854   0x08006854   0x00000044   Code   RO         4336    i.TIM_OC4_SetConfig  stm32f4xx_hal_tim.o
    0x08006898   0x08006898   0x0000008c   Code   RO         4337    i.TIM_SlaveTimer_SetConfig  stm32f4xx_hal_tim.o
    0x08006924   0x08006924   0x00000022   Code   RO         4338    i.TIM_TI1_ConfigInputStage  stm32f4xx_hal_tim.o
    0x08006946   0x08006946   0x00000024   Code   RO         4340    i.TIM_TI2_ConfigInputStage  stm32f4xx_hal_tim.o
    0x0800696a   0x0800696a   0x00000018   Code   RO         8428    i.TM1650_Clear      tm1650.o
    0x08006982   0x08006982   0x00000022   Code   RO         8429    i.TM1650_SetDisplay  tm1650.o
    0x080069a4   0x080069a4   0x0000004a   Code   RO         8431    i.TM1650_SetIndexLetter  tm1650.o
    0x080069ee   0x080069ee   0x00000002   PAD
    0x080069f0   0x080069f0   0x00000048   Code   RO         8432    i.TM1650_SetIndexNumber  tm1650.o
    0x08006a38   0x08006a38   0x00000034   Code   RO         8433    i.TM1650_SetNumber  tm1650.o
    0x08006a6c   0x08006a6c   0x00000090   Code   RO         8434    i.TM1650_ShowFaultCode  tm1650.o
    0x08006afc   0x08006afc   0x00000026   Code   RO         8435    i.TM1650_Write      tm1650.o
    0x08006b22   0x08006b22   0x00000002   PAD
    0x08006b24   0x08006b24   0x00000014   Code   RO          892    i.TSK_ChargeBootCapDelayHasElapsedM1  mc_tasks.o
    0x08006b38   0x08006b38   0x00000020   Code   RO          893    i.TSK_HardwareFaultTask  mc_tasks.o
    0x08006b58   0x08006b58   0x000000c8   Code   RO          894    i.TSK_HighFrequencyTask  mc_tasks.o
    0x08006c20   0x08006c20   0x00000040   Code   RO          895    i.TSK_MF_StopProcessing  mc_tasks.o
    0x08006c60   0x08006c60   0x000002b4   Code   RO          896    i.TSK_MediumFrequencyTaskM1  mc_tasks.o
    0x08006f14   0x08006f14   0x00000020   Code   RO          897    i.TSK_SafetyTask    mc_tasks.o
    0x08006f34   0x08006f34   0x0000009c   Code   RO          898    i.TSK_SafetyTask_PWMOFF  mc_tasks.o
    0x08006fd0   0x08006fd0   0x0000000c   Code   RO          899    i.TSK_SetChargeBootCapDelayM1  mc_tasks.o
    0x08006fdc   0x08006fdc   0x0000000c   Code   RO          900    i.TSK_SetStopPermanencyTimeM1  mc_tasks.o
    0x08006fe8   0x08006fe8   0x00000014   Code   RO          901    i.TSK_StopPermanencyTimeHasElapsedM1  mc_tasks.o
    0x08006ffc   0x08006ffc   0x0000010c   Code   RO         5253    i.UART_SetConfig    stm32f4xx_hal_uart.o
    0x08007108   0x08007108   0x00000078   Code   RO         5256    i.UART_WaitOnFlagUntilTimeout  stm32f4xx_hal_uart.o
    0x08007180   0x08007180   0x0000005c   Code   RO         1961    i.UASPEP_DAMCONFIG_RX  usart_aspep_driver.o
    0x080071dc   0x080071dc   0x00000050   Code   RO         1962    i.UASPEP_DAMCONFIG_TX  usart_aspep_driver.o
    0x0800722c   0x0800722c   0x00000022   Code   RO         1963    i.UASPEP_IDLE_ENABLE  usart_aspep_driver.o
    0x0800724e   0x0800724e   0x00000012   Code   RO         1964    i.UASPEP_INIT       usart_aspep_driver.o
    0x08007260   0x08007260   0x00000028   Code   RO         1965    i.UASPEP_RECEIVE_BUFFER  usart_aspep_driver.o
    0x08007288   0x08007288   0x00000070   Code   RO         1966    i.UASPEP_SEND_PACKET  usart_aspep_driver.o
    0x080072f8   0x080072f8   0x00000018   Code   RO          902    i.UI_HandleStartStopButton_cb  mc_tasks.o
    0x08007310   0x08007310   0x00000114   Code   RO         1720    i.USART1_IRQHandler  stm32f4xx_mc_it.o
    0x08007424   0x08007424   0x00000070   Code   RO         8572    i.UpdateSystemVersion  version.o
    0x08007494   0x08007494   0x00000060   Code   RO         8687    i.UserAppliactionLoop  system.o
    0x080074f4   0x080074f4   0x0000000a   Code   RO         6891    i.VBS_GetAvBusVoltage_V  bus_voltage_sensor.o
    0x080074fe   0x080074fe   0x00000004   Code   RO         6892    i.VBS_GetAvBusVoltage_d  bus_voltage_sensor.o
    0x08007502   0x08007502   0x00000086   Code   RO         8000    i.VSS_CalcAvrgMecSpeedUnit  virtual_speed_sensor.o
    0x08007588   0x08007588   0x00000096   Code   RO         8001    i.VSS_CalcElAngle   virtual_speed_sensor.o
    0x0800761e   0x0800761e   0x0000002c   Code   RO         8002    i.VSS_Clear         virtual_speed_sensor.o
    0x0800764a   0x0800764a   0x00000008   Code   RO         8004    i.VSS_Init          virtual_speed_sensor.o
    0x08007652   0x08007652   0x0000007a   Code   RO         8009    i.VSS_SetMecAcceleration  virtual_speed_sensor.o
    0x080076cc   0x080076cc   0x0000000e   Code   RO         8010    i.VSS_SetMecAngle   virtual_speed_sensor.o
    0x080076da   0x080076da   0x0000001c   Code   RO         8011    i.VSS_SetStartTransition  virtual_speed_sensor.o
    0x080076f6   0x080076f6   0x00000006   Code   RO         8012    i.VSS_TransitionEnded  virtual_speed_sensor.o
    0x080076fc   0x080076fc   0x00000034   Code   RO         8550    i.VariableInit      variable.o
    0x08007730   0x08007730   0x00000020   Code   RO         8855    i.__0printf$3       mc_w.l(printf3.o)
    0x08007750   0x08007750   0x00000028   Code   RO         8857    i.__0sprintf$3      mc_w.l(printf3.o)
    0x08007778   0x08007778   0x00000054   Code   RO         8124    i.__LL_TIM_OC_DisablePreload  r3_1_f4xx_pwm_curr_fdbk.o
    0x080077cc   0x080077cc   0x00000054   Code   RO         8125    i.__LL_TIM_OC_EnablePreload  r3_1_f4xx_pwm_curr_fdbk.o
    0x08007820   0x08007820   0x00000020   Code   RO         3388    i.__NVIC_SetPriority  stm32f4xx_hal_cortex.o
    0x08007840   0x08007840   0x0000000e   Code   RO         9077    i.__scatterload_copy  mc_w.l(handlers.o)
    0x0800784e   0x0800784e   0x00000002   Code   RO         9078    i.__scatterload_null  mc_w.l(handlers.o)
    0x08007850   0x08007850   0x0000000e   Code   RO         9079    i.__scatterload_zeroinit  mc_w.l(handlers.o)
    0x0800785e   0x0800785e   0x00000002   PAD
    0x08007860   0x08007860   0x000001b8   Code   RO         8862    i._printf_core      mc_w.l(printf3.o)
    0x08007a18   0x08007a18   0x0000000a   Code   RO         8864    i._sputc            mc_w.l(printf3.o)
    0x08007a22   0x08007a22   0x00000002   PAD
    0x08007a24   0x08007a24   0x00000018   Code   RO           20    i.fputc             main.o
    0x08007a3c   0x08007a3c   0x0000002a   Code   RO         7430    i.getScalingFactor  ramp_ext_mngr.o
    0x08007a66   0x08007a66   0x0000000c   Code   RO           21    i.halTaskEntry      main.o
    0x08007a72   0x08007a72   0x00000002   PAD
    0x08007a74   0x08007a74   0x0000001c   Code   RO           22    i.heartTaskEntry    main.o
    0x08007a90   0x08007a90   0x00000048   Code   RO         8609    i.iic_ack           softiic.o
    0x08007ad8   0x08007ad8   0x0000000a   Code   RO         8611    i.iic_delay         softiic.o
    0x08007ae2   0x08007ae2   0x00000002   PAD
    0x08007ae4   0x08007ae4   0x00000064   Code   RO         8612    i.iic_sendByte      softiic.o
    0x08007b48   0x08007b48   0x00000044   Code   RO         8613    i.iic_start         softiic.o
    0x08007b8c   0x08007b8c   0x00000044   Code   RO         8614    i.iic_stop          softiic.o
    0x08007bd0   0x08007bd0   0x0000004c   Code   RO         8615    i.iic_waitAck       softiic.o
    0x08007c1c   0x08007c1c   0x0000000c   Code   RO         6374    i.inHandlerMode     cmsis_os.o
    0x08007c28   0x08007c28   0x0000016c   Code   RO           23    i.main              main.o
    0x08007d94   0x08007d94   0x0000000c   Code   RO         6376    i.makeFreeRtosPriority  cmsis_os.o
    0x08007da0   0x08007da0   0x00000074   Code   RO          903    i.mc_lock_pins      mc_tasks.o
    0x08007e14   0x08007e14   0x0000000e   Code   RO         6378    i.osDelay           cmsis_os.o
    0x08007e22   0x08007e22   0x0000000a   Code   RO         6381    i.osKernelStart     cmsis_os.o
    0x08007e2c   0x08007e2c   0x00000010   Code   RO         6396    i.osMutexCreate     cmsis_os.o
    0x08007e3c   0x08007e3c   0x00000050   Code   RO         6398    i.osMutexRelease    cmsis_os.o
    0x08007e8c   0x08007e8c   0x00000064   Code   RO         6399    i.osMutexWait       cmsis_os.o
    0x08007ef0   0x08007ef0   0x00000054   Code   RO         6415    i.osThreadCreate    cmsis_os.o
    0x08007f44   0x08007f44   0x00000070   Code   RO         6058    i.prvAddCurrentTaskToDelayedList  tasks.o
    0x08007fb4   0x08007fb4   0x000000d0   Code   RO         6059    i.prvAddNewTaskToReadyList  tasks.o
    0x08008084   0x08008084   0x00000026   Code   RO         5734    i.prvCopyDataFromQueue  queue.o
    0x080080aa   0x080080aa   0x0000006c   Code   RO         5735    i.prvCopyDataToQueue  queue.o
    0x08008116   0x08008116   0x00000034   Code   RO         6060    i.prvDeleteTCB      tasks.o
    0x0800814a   0x0800814a   0x00000002   PAD
    0x0800814c   0x0800814c   0x0000004c   Code   RO         6743    i.prvHeapInit       heap_4.o
    0x08008198   0x08008198   0x00000060   Code   RO         6061    i.prvIdleTask       tasks.o
    0x080081f8   0x080081f8   0x00000016   Code   RO         5736    i.prvInitialiseMutex  queue.o
    0x0800820e   0x0800820e   0x00000016   Code   RO         5737    i.prvInitialiseNewQueue  queue.o
    0x08008224   0x08008224   0x00000098   Code   RO         6062    i.prvInitialiseNewTask  tasks.o
    0x080082bc   0x080082bc   0x0000004c   Code   RO         6744    i.prvInsertBlockIntoFreeList  heap_4.o
    0x08008308   0x08008308   0x0000001c   Code   RO         5738    i.prvIsQueueEmpty   queue.o
    0x08008324   0x08008324   0x00000020   Code   RO         6063    i.prvResetNextTaskUnblockTime  tasks.o
    0x08008344   0x08008344   0x00000028   Code   RO         6812    i.prvTaskExitError  port.o
    0x0800836c   0x0800836c   0x0000006a   Code   RO         5739    i.prvUnlockQueue    queue.o
    0x080083d6   0x080083d6   0x00000002   PAD
    0x080083d8   0x080083d8   0x000000dc   Code   RO         6745    i.pvPortMalloc      heap_4.o
    0x080084b4   0x080084b4   0x00000018   Code   RO         6065    i.pvTaskIncrementMutexHeldCount  tasks.o
    0x080084cc   0x080084cc   0x0000002c   Code   RO         6813    i.pxPortInitialiseStack  port.o
    0x080084f8   0x080084f8   0x0000001c   Code   RO         8616    i.sda_input         softiic.o
    0x08008514   0x08008514   0x0000001c   Code   RO         8617    i.sda_ouput         softiic.o
    0x08008530   0x08008530   0x0000000c   Code   RO          904    i.startMediumFrequencyTask  mc_tasks.o
    0x0800853c   0x0800853c   0x0000005c   Code   RO         7340    i.startTimers       pwm_common.o
    0x08008598   0x08008598   0x00000026   Code   RO         5694    i.uxListRemove      list.o
    0x080085be   0x080085be   0x00000002   PAD
    0x080085c0   0x080085c0   0x00000014   Code   RO          429    i.vApplicationGetIdleTaskMemory  freertos.o
    0x080085d4   0x080085d4   0x00000016   Code   RO         5695    i.vListInitialise   list.o
    0x080085ea   0x080085ea   0x00000006   Code   RO         5696    i.vListInitialiseItem  list.o
    0x080085f0   0x080085f0   0x00000030   Code   RO         5697    i.vListInsert       list.o
    0x08008620   0x08008620   0x00000018   Code   RO         5698    i.vListInsertEnd    list.o
    0x08008638   0x08008638   0x00000040   Code   RO         6815    i.vPortEnterCritical  port.o
    0x08008678   0x08008678   0x00000028   Code   RO         6816    i.vPortExitCritical  port.o
    0x080086a0   0x080086a0   0x00000064   Code   RO         6746    i.vPortFree         heap_4.o
    0x08008704   0x08008704   0x00000016   Code   RO          464    i.vPortSetupTimerInterrupt  motorcontrol.o
    0x0800871a   0x0800871a   0x00000002   PAD
    0x0800871c   0x0800871c   0x00000054   Code   RO         6818    i.vPortValidateInterruptPriority  port.o
    0x08008770   0x08008770   0x0000004c   Code   RO         6072    i.vTaskDelay        tasks.o
    0x080087bc   0x080087bc   0x00000010   Code   RO         6075    i.vTaskInternalSetTimeOutState  tasks.o
    0x080087cc   0x080087cc   0x0000000c   Code   RO         6076    i.vTaskMissedYield  tasks.o
    0x080087d8   0x080087d8   0x00000030   Code   RO         6078    i.vTaskPlaceOnEventList  tasks.o
    0x08008808   0x08008808   0x000000a0   Code   RO         6080    i.vTaskPriorityDisinheritAfterTimeout  tasks.o
    0x080088a8   0x080088a8   0x0000006c   Code   RO         6085    i.vTaskStartScheduler  tasks.o
    0x08008914   0x08008914   0x00000010   Code   RO         6087    i.vTaskSuspendAll   tasks.o
    0x08008924   0x08008924   0x0000005c   Code   RO         6088    i.vTaskSwitchContext  tasks.o
    0x08008980   0x08008980   0x00000038   Code   RO         7341    i.waitForPolarizationEnd  pwm_common.o
    0x080089b8   0x080089b8   0x000000f4   Code   RO         6819    i.xPortStartScheduler  port.o
    0x08008aac   0x08008aac   0x00000016   Code   RO         5746    i.xQueueCreateMutex  queue.o
    0x08008ac2   0x08008ac2   0x0000001a   Code   RO         5747    i.xQueueCreateMutexStatic  queue.o
    0x08008adc   0x08008adc   0x00000042   Code   RO         5748    i.xQueueGenericCreate  queue.o
    0x08008b1e   0x08008b1e   0x00000066   Code   RO         5749    i.xQueueGenericCreateStatic  queue.o
    0x08008b84   0x08008b84   0x00000088   Code   RO         5750    i.xQueueGenericReset  queue.o
    0x08008c0c   0x08008c0c   0x00000160   Code   RO         5751    i.xQueueGenericSend  queue.o
    0x08008d6c   0x08008d6c   0x0000009c   Code   RO         5753    i.xQueueGiveFromISR  queue.o
    0x08008e08   0x08008e08   0x0000009a   Code   RO         5759    i.xQueueReceiveFromISR  queue.o
    0x08008ea2   0x08008ea2   0x00000002   PAD
    0x08008ea4   0x08008ea4   0x00000178   Code   RO         5760    i.xQueueSemaphoreTake  queue.o
    0x0800901c   0x0800901c   0x00000074   Code   RO         6090    i.xTaskCheckForTimeOut  tasks.o
    0x08009090   0x08009090   0x0000005a   Code   RO         6091    i.xTaskCreate       tasks.o
    0x080090ea   0x080090ea   0x00000056   Code   RO         6092    i.xTaskCreateStatic  tasks.o
    0x08009140   0x08009140   0x0000001c   Code   RO         6096    i.xTaskGetSchedulerState  tasks.o
    0x0800915c   0x0800915c   0x000000cc   Code   RO         6099    i.xTaskIncrementTick  tasks.o
    0x08009228   0x08009228   0x00000098   Code   RO         6102    i.xTaskPriorityDisinherit  tasks.o
    0x080092c0   0x080092c0   0x0000008c   Code   RO         6103    i.xTaskPriorityInherit  tasks.o
    0x0800934c   0x0800934c   0x00000074   Code   RO         6104    i.xTaskRemoveFromEventList  tasks.o
    0x080093c0   0x080093c0   0x000000c4   Code   RO         6105    i.xTaskResumeAll    tasks.o
    0x08009484   0x08009484   0x00000078   Data   RO           33    .constdata          main.o
    0x080094fc   0x080094fc   0x00000002   Data   RO          906    .constdata          mc_tasks.o
    0x080094fe   0x080094fe   0x00000200   Data   RO         1336    .constdata          mc_math.o
    0x080096fe   0x080096fe   0x00000008   Data   RO         1721    .constdata          stm32f4xx_mc_it.o
    0x08009706   0x08009706   0x00000002   PAD
    0x08009708   0x08009708   0x00000078   Data   RO         1794    .constdata          mc_parameters.o
    0x08009780   0x08009780   0x00000004   Data   RO         1825    .constdata          register_interface.o
    0x08009784   0x08009784   0x00000008   Data   RO         1967    .constdata          usart_aspep_driver.o
    0x0800978c   0x0800978c   0x00000010   Data   RO         2034    .constdata          mc_configuration_registers.o
    0x0800979c   0x0800979c   0x00000011   Data   RO         2035    .constdata          mc_configuration_registers.o
    0x080097ad   0x080097ad   0x00000018   Data   RO         2036    .constdata          mc_configuration_registers.o
    0x080097c5   0x080097c5   0x0000000a   Data   RO         2037    .constdata          mc_configuration_registers.o
    0x080097cf   0x080097cf   0x0000000e   Data   RO         2038    .constdata          mc_configuration_registers.o
    0x080097dd   0x080097dd   0x0000003c   Data   RO         2039    .constdata          mc_configuration_registers.o
    0x08009819   0x08009819   0x0000000e   Data   RO         2040    .constdata          mc_configuration_registers.o
    0x08009827   0x08009827   0x00000110   Data   RO         2081    .constdata          aspep.o
    0x08009937   0x08009937   0x00000008   Data   RO         3081    .constdata          stm32f4xx_hal_dma.o
    0x0800993f   0x0800993f   0x00000010   Data   RO         5557    .constdata          system_stm32f4xx.o
    0x0800994f   0x0800994f   0x00000008   Data   RO         5558    .constdata          system_stm32f4xx.o
    0x08009957   0x08009957   0x0000000e   Data   RO         8126    .constdata          r3_1_f4xx_pwm_curr_fdbk.o
    0x08009965   0x08009965   0x00000003   PAD
    0x08009968   0x08009968   0x00000060   Data   RO         8574    .constdata          version.o
    0x080099c8   0x080099c8   0x00000004   Data   RO         8688    .constdata          system.o
    0x080099cc   0x080099cc   0x0000002b   Data   RO           34    .conststring        main.o
    0x080099f7   0x080099f7   0x00000001   PAD
    0x080099f8   0x080099f8   0x00000020   Data   RO         9075    Region$$Table       anon$$obj.o


    Execution Region RW_IRAM1 (Exec base: 0x20000000, Load base: 0x08009a18, Size: 0x000065a8, Max: 0x00018000, ABSOLUTE, COMPRESSED[0x000001f4])

    Exec Addr    Load Addr    Size         Type   Attr      Idx    E Section Name        Object

    0x20000000   COMPRESSED   0x00000014   Data   RW           36    .data               main.o
    0x20000014   COMPRESSED   0x00000004   Data   RW          465    .data               motorcontrol.o
    0x20000018   COMPRESSED   0x00000114   Data   RW          796    .data               mc_config.o
    0x2000012c   COMPRESSED   0x0000002c   Data   RW          797    .data               mc_config.o
    0x20000158   COMPRESSED   0x0000002c   Data   RW          798    .data               mc_config.o
    0x20000184   COMPRESSED   0x0000002c   Data   RW          799    .data               mc_config.o
    0x200001b0   COMPRESSED   0x00000034   Data   RW          800    .data               mc_config.o
    0x200001e4   COMPRESSED   0x00000078   Data   RW          801    .data               mc_config.o
    0x2000025c   COMPRESSED   0x00000098   Data   RW          802    .data               mc_config.o
    0x200002f4   COMPRESSED   0x00000038   Data   RW          803    .data               mc_config.o
    0x2000032c   COMPRESSED   0x00000128   Data   RW          804    .data               mc_config.o
    0x20000454   COMPRESSED   0x00000014   Data   RW          805    .data               mc_config.o
    0x20000468   COMPRESSED   0x00000028   Data   RW          806    .data               mc_config.o
    0x20000490   COMPRESSED   0x00000028   Data   RW          807    .data               mc_config.o
    0x200004b8   COMPRESSED   0x00000018   Data   RW          808    .data               mc_config.o
    0x200004d0   COMPRESSED   0x000000b4   Data   RW          809    .data               mc_config.o
    0x20000584   COMPRESSED   0x00000004   Data   RW          810    .data               mc_config.o
    0x20000588   COMPRESSED   0x00000004   Data   RW          811    .data               mc_config.o
    0x2000058c   COMPRESSED   0x00000004   Data   RW          812    .data               mc_config.o
    0x20000590   COMPRESSED   0x00000004   Data   RW          813    .data               mc_config.o
    0x20000594   COMPRESSED   0x00000004   Data   RW          814    .data               mc_config.o
    0x20000598   COMPRESSED   0x00000014   Data   RW          851    .data               mcp_config.o
    0x200005ac   COMPRESSED   0x00000074   Data   RW          852    .data               mcp_config.o
    0x20000620   COMPRESSED   0x00000010   Data   RW          853    .data               mcp_config.o
    0x20000630   COMPRESSED   0x0000002c   Data   RW          854    .data               mcp_config.o
    0x2000065c   COMPRESSED   0x00000008   Data   RW          855    .data               mcp_config.o
    0x20000664   COMPRESSED   0x00000014   Data   RW          907    .data               mc_tasks.o
    0x20000678   COMPRESSED   0x00000004   Data   RW         1272    .data               regular_conversion_manager.o
    0x2000067c   COMPRESSED   0x00000010   Data   RW         1826    .data               register_interface.o
    0x2000068c   COMPRESSED   0x00000004   Data   RW         2041    .data               mc_configuration_registers.o
    0x20000690   COMPRESSED   0x00000004   Data   RW         2042    .data               mc_configuration_registers.o
    0x20000694   COMPRESSED   0x00000004   Data   RW         2043    .data               mc_configuration_registers.o
    0x20000698   COMPRESSED   0x00000004   Data   RW         2044    .data               mc_configuration_registers.o
    0x2000069c   COMPRESSED   0x0000000c   Data   RW         3532    .data               stm32f4xx_hal.o
    0x200006a8   COMPRESSED   0x00000004   Data   RW         5559    .data               system_stm32f4xx.o
    0x200006ac   COMPRESSED   0x0000003c   Data   RW         6108    .data               tasks.o
    0x200006e8   COMPRESSED   0x00000020   Data   RW         6752    .data               heap_4.o
    0x20000708   COMPRESSED   0x0000000c   Data   RW         6820    .data               port.o
    0x20000714   COMPRESSED   0x00000004   Data   RW         8335    .data               mcpa.o
    0x20000718   COMPRESSED   0x00000016   Data   RW         8436    .data               tm1650.o
    0x2000072e   COMPRESSED   0x00000004   Data   RW         8552    .data               variable.o
    0x20000732   COMPRESSED   0x00000002   PAD
    0x20000734   COMPRESSED   0x00000004   Data   RW         8689    .data               system.o
    0x20000738   COMPRESSED   0x00000004   Data   RW         9051    .data               mc_w.l(stdout.o)
    0x2000073c        -       0x000001b0   Zero   RW           25    .bss                main.o
    0x200008ec        -       0x00000060   Zero   RW           26    .bss                main.o
    0x2000094c        -       0x00000060   Zero   RW           27    .bss                main.o
    0x200009ac        -       0x00000200   Zero   RW           28    .bss                main.o
    0x20000bac        -       0x00000054   Zero   RW           29    .bss                main.o
    0x20000c00        -       0x00000200   Zero   RW           30    .bss                main.o
    0x20000e00        -       0x00000054   Zero   RW           31    .bss                main.o
    0x20000e54        -       0x00000048   Zero   RW           32    .bss                main.o
    0x20000e9c        -       0x00000254   Zero   RW          430    .bss                freertos.o
    0x200010f0        -       0x00000014   Zero   RW          794    .bss                mc_config.o
    0x20001104        -       0x00000020   Zero   RW          795    .bss                mc_config.o
    0x20001124        -       0x00000106   Zero   RW          843    .bss                mcp_config.o
    0x2000122a        -       0x00000102   Zero   RW          844    .bss                mcp_config.o
    0x2000132c        -       0x00000806   Zero   RW          845    .bss                mcp_config.o
    0x20001b32        -       0x00000806   Zero   RW          846    .bss                mcp_config.o
    0x20002338        -       0x00000028   Zero   RW          847    .bss                mcp_config.o
    0x20002360        -       0x00000028   Zero   RW          848    .bss                mcp_config.o
    0x20002388        -       0x0000000a   Zero   RW          849    .bss                mcp_config.o
    0x20002392        -       0x0000000a   Zero   RW          850    .bss                mcp_config.o
    0x2000239c        -       0x00000026   Zero   RW          905    .bss                mc_tasks.o
    0x200023c2   COMPRESSED   0x00000002   PAD
    0x200023c4        -       0x00000030   Zero   RW         1271    .bss                regular_conversion_manager.o
    0x200023f4        -       0x00000048   Zero   RW         2269    .bss                stm32f4xx_hal_timebase_tim.o
    0x2000243c        -       0x000000f0   Zero   RW         6107    .bss                tasks.o
    0x2000252c        -       0x00003c00   Zero   RW         6751    .bss                heap_4.o
    0x2000612c        -       0x00000018   Zero   RW         8551    .bss                variable.o
    0x20006144        -       0x00000060   Zero   RW         8573    .bss                version.o
    0x200061a4   COMPRESSED   0x00000004   PAD
    0x200061a8        -       0x00000400   Zero   RW            1    STACK               startup_stm32f401xe.o


==============================================================================

Image component sizes


      Code (inc. data)   RO Data    RW Data    ZI Data      Debug   Object Name

       168         10          0          0          0        695   74hc165d.o
      1252         12        272          0          0      10386   aspep.o
       194         12          0          0          0       3364   at24cxx.o
        14          0          0          0          0       1820   bus_voltage_sensor.o
        88          0          0          0          0       1700   circle_limitation.o
       328         10          0          0          0      31684   cmsis_os.o
         0          0          0          0          0       4092   digital_output.o
         0          0          0          0          0      20144   event_groups.o
        20          4          0          0        596       1312   freertos.o
        28          0          0          0          0        502   hal.o
       472         24          0         32      15360       7651   heap_4.o
       138          0          0          0          0       3750   list.o
      1422        104        163         20       1888     528112   main.o
       108         36          0          0          0       4268   mc_api.o
         0          0          0       1408         52       1776   mc_config.o
         0          0        155         16          0       3782   mc_configuration_registers.o
       546          4          0          0          0      18595   mc_interface.o
       416         12        512          0          0       6568   mc_math.o
         0          0        120          0          0        252   mc_parameters.o
      2172        306          2         20         38      20141   mc_tasks.o
       288          8          0          0          0       1749   mcp.o
         0          0          0        204       4728       1863   mcp_config.o
       700          4          0          4          0       5264   mcpa.o
       102          0          0          0          0       2734   motor_power_measurement.o
        42          4          0          4          0       1689   motorcontrol.o
       158          0          0          0          0       4186   ntc_temperature_sensor.o
       254          6          0          0          0      12972   pid_regulator.o
       750         78          0         12          0      11630   port.o
        84          0          0          0          0       1307   pqd_motor_power_measurement.o
       148          4          0          0          0      31879   pwm_common.o
       548          0          0          0          0       5062   pwm_curr_fdbk.o
      1714         14          0          0          0      20582   queue.o
      2654         84         14          0          0      95255   r3_1_f4xx_pwm_curr_fdbk.o
       184          0          0          0          0       3786   r_divider_bus_voltage_sensor.o
       248          0          0          0          0       4676   ramp_ext_mngr.o
      3102         92          4         16          0      11736   register_interface.o
       428         28          0          4         48      40387   regular_conversion_manager.o
       400          0          0          0          0       6096   revup_ctrl.o
       450         36          0          0          0       5366   softiic.o
       132          0          0          0          0       4278   speed_pos_fdbk.o
       346          0          0          0          0      10033   speed_torq_ctrl.o
        36          8        404          0       1024        868   startup_stm32f401xe.o
       116         18          0         12          0       8806   stm32f4xx_hal.o
       712         28          0          0          0       3015   stm32f4xx_hal_adc.o
       444         16          0          0          0       1582   stm32f4xx_hal_adc_ex.o
       198         14          0          0          0      34151   stm32f4xx_hal_cortex.o
       336         12          8          0          0       3039   stm32f4xx_hal_dma.o
       516         34          0          0          0       3644   stm32f4xx_hal_gpio.o
      2174         52          0          0          0      13354   stm32f4xx_hal_i2c.o
       868        104          0          0          0       5158   stm32f4xx_hal_msp.o
      1420         88          0          0          0       6653   stm32f4xx_hal_rcc.o
      1652         78          0          0          0      16207   stm32f4xx_hal_tim.o
       212         20          0          0          0       3449   stm32f4xx_hal_tim_ex.o
       152         20          0          0         72       1555   stm32f4xx_hal_timebase_tim.o
       664         10          0          0          0       4372   stm32f4xx_hal_uart.o
        12          6          0          0          0        486   stm32f4xx_it.o
       442         46          8          0          0     100248   stm32f4xx_mc_it.o
      1320          4          0          0          0      16141   sto_pll_speed_pos_fdbk.o
         0          0          0          0          0        392   stream_buffer.o
       892        186          4          4          0       6067   system.o
        16          4         24          4          0       1203   system_stm32f4xx.o
      2332        174          0         60        240      28631   tasks.o
       438          6          0         22          0       5378   tm1650.o
       420         34          8          0          0      36800   usart_aspep_driver.o
        52         12          0          4         24       2082   variable.o
       448        180         96          0         96       4421   version.o
       506          0          0          0          0       6926   virtual_speed_sensor.o

    ----------------------------------------------------------------------
     36524       2046       1832       1848      24172    1267752   Object Totals
         0          0         32          0          0          0   (incl. Generated)
        48          0          6          2          6          0   (incl. Padding)

    ----------------------------------------------------------------------

      Code (inc. data)   RO Data    RW Data    ZI Data      Debug   Library Member Name

        86          0          0          0          0          0   __dczerorl2.o
         0          0          0          0          0          0   entry.o
         0          0          0          0          0          0   entry10a.o
         0          0          0          0          0          0   entry11a.o
         8          4          0          0          0          0   entry2.o
         4          0          0          0          0          0   entry5.o
         0          0          0          0          0          0   entry7b.o
         0          0          0          0          0          0   entry8b.o
         8          4          0          0          0          0   entry9a.o
        30          0          0          0          0          0   handlers.o
        36          8          0          0          0         68   init.o
        98          0          0          0          0         84   ldiv.o
        30          0          0          0          0         68   llshl.o
        32          0          0          0          0         68   llushr.o
        36          0          0          0          0         68   memcpya.o
        36          0          0          0          0        108   memseta.o
       522         20          0          0          0        336   printf3.o
         0          0          0          4          0          0   stdout.o
        18          0          0          0          0         68   strcpy.o
        44          0          0          0          0         80   uidiv.o
        98          0          0          0          0         92   uldiv.o

    ----------------------------------------------------------------------
      1092         36          0          4          0       1040   Library Totals
         6          0          0          0          0          0   (incl. Padding)

    ----------------------------------------------------------------------

      Code (inc. data)   RO Data    RW Data    ZI Data      Debug   Library Name

      1086         36          0          4          0       1040   mc_w.l

    ----------------------------------------------------------------------
      1092         36          0          4          0       1040   Library Totals

    ----------------------------------------------------------------------

==============================================================================


      Code (inc. data)   RO Data    RW Data    ZI Data      Debug   

     37616       2082       1832       1852      24172    1227556   Grand Totals
     37616       2082       1832        500      24172    1227556   ELF Image Totals (compressed)
     37616       2082       1832        500          0          0   ROM Totals

==============================================================================

    Total RO  Size (Code + RO Data)                39448 (  38.52kB)
    Total RW  Size (RW Data + ZI Data)             26024 (  25.41kB)
    Total ROM Size (Code + RO Data + RW Data)      39948 (  39.01kB)

==============================================================================

