<html>
<body>
<pre>
<h1>µVision Build Log</h1>
<h2>Tool Versions:</h2>
IDE-Version: ¦ÌVision V5.26.2.0
Copyright (C) 2018 ARM Ltd and ARM Germany GmbH. All rights reserved.
License Information: 22 SkyLin, 22, LIC=8VRJ7-EEVJP-FWH2N-YV1V9-P61JF-XNQIJ
 
Tool Versions:
Toolchain:       MDK-ARM Plus  Version: 5.26.2.0
Toolchain Path:  D:\IDE\keil5\ARM\ARMCC\Bin
C Compiler:      Armcc.exe V5.06 update 6 (build 750)
Assembler:       Armasm.exe V5.06 update 6 (build 750)
Linker/Locator:  ArmLink.exe V5.06 update 6 (build 750)
Library Manager: ArmAr.exe V5.06 update 6 (build 750)
Hex Converter:   FromElf.exe V5.06 update 6 (build 750)
CPU DLL:         SARMCM3.DLL V5.26.2.0
Dialog DLL:      DARMCM1.DLL V1.19.1.0
Target DLL:      STLink\ST-LINKIII-KEIL_SWO.dll V3.0.5.0
Dialog DLL:      TARMCM1.DLL V1.14.0.0
 
<h2>Project:</h2>
D:\Project\HongYuan_Project\MotorCtrl\SoftWare\test\LCM_FOC_5\LCM_FOC\Projects\LX_FOC.uvprojx
Project File Date:  05/16/2023

<h2>Output:</h2>
*** Using Compiler 'V5.06 update 6 (build 750)', folder: 'D:\IDE\keil5\ARM\ARMCC\Bin'
Rebuild target 'PMSM_FOC'
compiling User_DataTransform.c...
compiling User_NVIC.c...
compiling MDS_CalcVoltage.c...
compiling User_Main.c...
compiling User_Interrupt.c...
compiling User_SysErrorProcess.c...
compiling MDS_ClarkPark.c...
compiling User_ADSample.c...
compiling User_Usart.c...
compiling User_SysParaInit.c...
compiling User_PeripheralInit.c...
compiling lcm32f037_iwdg.c...
compiling lcm32f037_gpio.c...
compiling lcm32f037_dma.c...
compiling lcm32f037_adc.c...
compiling lcm32f037_ssp.c...
compiling MDS_PIDRegulators.c...
compiling MDS_SVPWM.c...
compiling MDS_ThetaGenerate.c...
compiling lcm32f037_wwdg.c...
compiling lcm32f037_exti.c...
compiling MDS_FluxWeakeningPowerControl.c...
compiling MDS_CORDIC.c...
compiling lcm32f037_uart.c...
compiling lcm32f037_eeprom.c...
compiling MDS_MotorControl.c...
compiling lcm32f037_flash.c...
compiling lcm32f037_opa.c...
assembling lcm32f037_startup.s...
compiling lcm32f037_acmp.c...
compiling lcm32f037_dac.c...
compiling lcm32f037_pwr.c...
compiling lcm32f037_system.c...
compiling HY_SoftIIC.c...
compiling lcm32f037_tim.c...
compiling lcm32f037_rcc.c...
compiling lcm32f037_timebase.c...
compiling HY_Application.c...
compiling HY_Variable.c...
compiling HY_Hal.c...
compiling HY_Display.c...
linking...
Program Size: Code=27876 RO-data=3200 RW-data=84 ZI-data=3292  
FromELF: creating hex file...
".\Objects\LCM_RAM_V1.axf" - 0 Error(s), 0 Warning(s).

<h2>Software Packages used:</h2>

Package Vendor: Keil
                https://lcppt.gitee.io/pack/Keil.LCM32F0xx_DFP.0.4.58.pack
                Keil.LCM32F0xx_DFP.0.4.58
                LCMicroelectronics LCM32F0 Series Device Support

<h2>Collection of Component include folders:</h2>
  .\RTE\_PMSM_FOC
  D:\IDE\keil5\ARM\PACK\Keil\LCM32F0xx_DFP\0.4.58\Device\Include

<h2>Collection of Component Files used:</h2>
Build Time Elapsed:  00:00:04
</pre>
</body>
</html>
