<html>
<body>
<pre>
<h1>µVision Build Log</h1>
<h2>Tool Versions:</h2>
IDE-Version: ¦ÌVision V5.26.2.0
Copyright (C) 2018 ARM Ltd and ARM Germany GmbH. All rights reserved.
License Information: Admin Admin, Admin, LIC=585FJ-UF585-X7LRZ-JL3X1-MH3EF-FY8I2
 
Tool Versions:
Toolchain:       MDK-ARM Plus  Version: 5.26.2.0
Toolchain Path:  d:\Keil_v5\ARM\ARMCC\Bin
C Compiler:      Armcc.exe V5.06 update 6 (build 750)
Assembler:       Armasm.exe V5.06 update 6 (build 750)
Linker/Locator:  ArmLink.exe V5.06 update 6 (build 750)
Library Manager: ArmAr.exe V5.06 update 6 (build 750)
Hex Converter:   FromElf.exe V5.06 update 6 (build 750)
CPU DLL:         SARMCM3.DLL V5.26.2.0
Dialog DLL:      DARMCM1.DLL V1.19.1.0
Target DLL:      STLink\ST-LINKIII-KEIL_SWO.dll V3.0.5.0
Dialog DLL:      TARMCM1.DLL V1.14.0.0
 
<h2>Project:</h2>
E:\0.2022\SDK_TEST\2.Cortex_M0\LCM32F037\1SDK¸üÐÂ°æ±¾\lcm32f037_v1.1.3_2022\_Project_demo\DEMOPROJ\____PROJECT_Demo\demo.uvprojx
Project File Date:  02/16/2023

<h2>Output:</h2>
*** Using Compiler 'V5.06 update 6 (build 750)', folder: 'd:\Keil_v5\ARM\ARMCC\Bin'
Build target 'demo'
compiling main.c...
linking...
Program Size: Code=2400 RO-data=224 RW-data=8 ZI-data=1024  
FromELF: creating hex file...
".\Objects\uart.axf" - 0 Error(s), 0 Warning(s).

<h2>Software Packages used:</h2>

Package Vendor: Keil
                https://lcppt.gitee.io/pack/Keil.LCM32F0xx_DFP.0.4.55.pack
                Keil.LCM32F0xx_DFP.0.4.55
                LCMicroelectronics LCM32F0 Series Device Support

<h2>Collection of Component include folders:</h2>
  .\RTE\_demo
  d:\Keil_v5\ARM\PACK\Keil\LCM32F0xx_DFP\0.4.55\Device\Include

<h2>Collection of Component Files used:</h2>
Build Time Elapsed:  00:00:01
</pre>
</body>
</html>
