<!doctype html public "-//w3c//dtd html 4.0 transitional//en">
<html><head>
<title>Static Call Graph - [.\Objects\uart.axf]</title></head>
<body><HR>
<H1>Static Call Graph for image .\Objects\uart.axf</H1><HR>
<BR><P>#&#060CALLGRAPH&#062# ARM Linker, 5060750: Last Updated: Thu Feb 16 11:34:30 2023
<BR><P>
<H3>Maximum Stack Usage =         72 bytes + Unknown(Cycles, Untraceable Function Pointers)</H3><H3>
Call chain for Maximum Stack Depth:</H3>
main &rArr; tim1_cfg_init &rArr; TIM_OC1Init
<P>
<H3>
Mutually Recursive functions
</H3> <LI><a href="#[1]">NMI_Handler</a>&nbsp;&nbsp;&nbsp;&rArr;&nbsp;&nbsp;&nbsp;<a href="#[1]">NMI_Handler</a><BR>
 <LI><a href="#[3]">SVC_Handler</a>&nbsp;&nbsp;&nbsp;&rArr;&nbsp;&nbsp;&nbsp;<a href="#[3]">SVC_Handler</a><BR>
 <LI><a href="#[4]">PendSV_Handler</a>&nbsp;&nbsp;&nbsp;&rArr;&nbsp;&nbsp;&nbsp;<a href="#[4]">PendSV_Handler</a><BR>
 <LI><a href="#[5]">SysTick_Handler</a>&nbsp;&nbsp;&nbsp;&rArr;&nbsp;&nbsp;&nbsp;<a href="#[5]">SysTick_Handler</a><BR>
 <LI><a href="#[12]">ADC_Handler</a>&nbsp;&nbsp;&nbsp;&rArr;&nbsp;&nbsp;&nbsp;<a href="#[12]">ADC_Handler</a><BR>
</UL>
<P>
<H3>
Function Pointers
</H3><UL>
 <LI><a href="#[12]">ADC_Handler</a> from lcm32f037_startup.o(.text) referenced from lcm32f037_startup.o(RESET)
 <LI><a href="#[24]">CAN_Handler</a> from lcm32f037_startup.o(.text) referenced from lcm32f037_startup.o(RESET)
 <LI><a href="#[a]">CHIPCTRL_Handler</a> from lcm32f037_startup.o(.text) referenced from lcm32f037_startup.o(RESET)
 <LI><a href="#[25]">DIV_Handler</a> from lcm32f037_startup.o(.text) referenced from lcm32f037_startup.o(RESET)
 <LI><a href="#[f]">DMAC_CH0_Handler</a> from lcm32f037_startup.o(.text) referenced from lcm32f037_startup.o(RESET)
 <LI><a href="#[10]">DMAC_CH1_2_Handler</a> from lcm32f037_startup.o(.text) referenced from lcm32f037_startup.o(RESET)
 <LI><a href="#[11]">DMAC_CH3_5_Handler</a> from lcm32f037_startup.o(.text) referenced from lcm32f037_startup.o(RESET)
 <LI><a href="#[9]">EFLS_Handler</a> from lcm32f037_startup.o(.text) referenced from lcm32f037_startup.o(RESET)
 <LI><a href="#[b]">EXTI0_1_Handler</a> from lcm32f037_startup.o(.text) referenced from lcm32f037_startup.o(RESET)
 <LI><a href="#[c]">EXTI2_3_Handler</a> from lcm32f037_startup.o(.text) referenced from lcm32f037_startup.o(RESET)
 <LI><a href="#[d]">EXTI4_15_Handler</a> from lcm32f037_startup.o(.text) referenced from lcm32f037_startup.o(RESET)
 <LI><a href="#[2]">HardFault_Handler</a> from lcm32f037_rcc.o(i.HardFault_Handler) referenced from lcm32f037_startup.o(RESET)
 <LI><a href="#[1d]">I2C0_Handler</a> from lcm32f037_startup.o(.text) referenced from lcm32f037_startup.o(RESET)
 <LI><a href="#[1e]">I2C1RVE_Handler</a> from lcm32f037_startup.o(.text) referenced from lcm32f037_startup.o(RESET)
 <LI><a href="#[e]">LCD_ACMP0_2_Handler</a> from lcm32f037_startup.o(.text) referenced from lcm32f037_startup.o(RESET)
 <LI><a href="#[7]">LVD_Handler</a> from lcm32f037_startup.o(.text) referenced from lcm32f037_startup.o(RESET)
 <LI><a href="#[1]">NMI_Handler</a> from lcm32f037_startup.o(.text) referenced from lcm32f037_startup.o(RESET)
 <LI><a href="#[4]">PendSV_Handler</a> from lcm32f037_startup.o(.text) referenced from lcm32f037_startup.o(RESET)
 <LI><a href="#[0]">Reset_Handler</a> from lcm32f037_startup.o(.text) referenced from lcm32f037_startup.o(RESET)
 <LI><a href="#[1f]">SSP0_Handler</a> from lcm32f037_startup.o(.text) referenced from lcm32f037_startup.o(RESET)
 <LI><a href="#[20]">SSP2_Handler</a> from lcm32f037_startup.o(.text) referenced from lcm32f037_startup.o(RESET)
 <LI><a href="#[3]">SVC_Handler</a> from lcm32f037_startup.o(.text) referenced from lcm32f037_startup.o(RESET)
 <LI><a href="#[5]">SysTick_Handler</a> from lcm32f037_startup.o(.text) referenced from lcm32f037_startup.o(RESET)
 <LI><a href="#[27]">SystemInit</a> from lcm32f037_rcc.o(i.SystemInit) referenced from lcm32f037_startup.o(.text)
 <LI><a href="#[19]">TIM14_Handler</a> from lcm32f037_startup.o(.text) referenced from lcm32f037_startup.o(RESET)
 <LI><a href="#[1a]">TIM15_Handler</a> from lcm32f037_startup.o(.text) referenced from lcm32f037_startup.o(RESET)
 <LI><a href="#[1b]">TIM16_Handler</a> from lcm32f037_startup.o(.text) referenced from lcm32f037_startup.o(RESET)
 <LI><a href="#[1c]">TIM17_Handler</a> from lcm32f037_startup.o(.text) referenced from lcm32f037_startup.o(RESET)
 <LI><a href="#[14]">TIM1_CC_Handler</a> from lcm32f037_startup.o(.text) referenced from lcm32f037_startup.o(RESET)
 <LI><a href="#[13]">TIM1_NON_CC_Handler</a> from main.o(i.TIM1_NON_CC_Handler) referenced from lcm32f037_startup.o(RESET)
 <LI><a href="#[15]">TIM2_ACMP3_5_PLC_ZC_Handler</a> from lcm32f037_startup.o(.text) referenced from lcm32f037_startup.o(RESET)
 <LI><a href="#[16]">TIM3_Handler</a> from lcm32f037_startup.o(.text) referenced from lcm32f037_startup.o(RESET)
 <LI><a href="#[17]">TIM6_DAC0_2_Handler</a> from lcm32f037_startup.o(.text) referenced from lcm32f037_startup.o(RESET)
 <LI><a href="#[18]">TIM7_DAC3_5_PLC_Handler</a> from lcm32f037_startup.o(.text) referenced from lcm32f037_startup.o(RESET)
 <LI><a href="#[21]">UART0_Handler</a> from lcm32f037_startup.o(.text) referenced from lcm32f037_startup.o(RESET)
 <LI><a href="#[22]">UART1_Handler</a> from lcm32f037_startup.o(.text) referenced from lcm32f037_startup.o(RESET)
 <LI><a href="#[23]">UART2_5_Handler</a> from lcm32f037_startup.o(.text) referenced from lcm32f037_startup.o(RESET)
 <LI><a href="#[8]">WT_Handler</a> from lcm32f037_startup.o(.text) referenced from lcm32f037_startup.o(RESET)
 <LI><a href="#[6]">WWDG_Handler</a> from lcm32f037_startup.o(.text) referenced from lcm32f037_startup.o(RESET)
 <LI><a href="#[28]">__main</a> from entry.o(.ARM.Collect$$$$00000000) referenced from lcm32f037_startup.o(.text)
 <LI><a href="#[26]">main</a> from main.o(i.main) referenced from entry9a.o(.ARM.Collect$$$$0000000B)
</UL>
<P>
<H3>
Global Symbols
</H3>
<P><STRONG><a name="[28]"></a>__main</STRONG> (Thumb, 0 bytes, Stack size unknown bytes, entry.o(.ARM.Collect$$$$00000000))
<BR>[Address Reference Count : 1]<UL><LI> lcm32f037_startup.o(.text)
</UL>
<P><STRONG><a name="[41]"></a>_main_stk</STRONG> (Thumb, 0 bytes, Stack size unknown bytes, entry2.o(.ARM.Collect$$$$00000001))

<P><STRONG><a name="[29]"></a>_main_scatterload</STRONG> (Thumb, 0 bytes, Stack size unknown bytes, entry5.o(.ARM.Collect$$$$00000004))
<BR><BR>[Calls]<UL><LI><a href="#[2a]">&gt;&gt;</a>&nbsp;&nbsp;&nbsp;__scatterload
</UL>

<P><STRONG><a name="[2b]"></a>__main_after_scatterload</STRONG> (Thumb, 0 bytes, Stack size unknown bytes, entry5.o(.ARM.Collect$$$$00000004))
<BR><BR>[Called By]<UL><LI><a href="#[2a]">&gt;&gt;</a>&nbsp;&nbsp;&nbsp;__scatterload
</UL>

<P><STRONG><a name="[42]"></a>_main_clock</STRONG> (Thumb, 0 bytes, Stack size unknown bytes, entry7b.o(.ARM.Collect$$$$00000008))

<P><STRONG><a name="[43]"></a>_main_cpp_init</STRONG> (Thumb, 0 bytes, Stack size unknown bytes, entry8b.o(.ARM.Collect$$$$0000000A))

<P><STRONG><a name="[44]"></a>_main_init</STRONG> (Thumb, 0 bytes, Stack size unknown bytes, entry9a.o(.ARM.Collect$$$$0000000B))

<P><STRONG><a name="[45]"></a>__rt_final_cpp</STRONG> (Thumb, 0 bytes, Stack size unknown bytes, entry10a.o(.ARM.Collect$$$$0000000D))

<P><STRONG><a name="[46]"></a>__rt_final_exit</STRONG> (Thumb, 0 bytes, Stack size unknown bytes, entry11a.o(.ARM.Collect$$$$0000000F))

<P><STRONG><a name="[0]"></a>Reset_Handler</STRONG> (Thumb, 8 bytes, Stack size 0 bytes, lcm32f037_startup.o(.text))
<BR>[Address Reference Count : 1]<UL><LI> lcm32f037_startup.o(RESET)
</UL>
<P><STRONG><a name="[1]"></a>NMI_Handler</STRONG> (Thumb, 2 bytes, Stack size 0 bytes, lcm32f037_startup.o(.text))
<BR><BR>[Calls]<UL><LI><a href="#[1]">&gt;&gt;</a>&nbsp;&nbsp;&nbsp;NMI_Handler
</UL>
<BR>[Called By]<UL><LI><a href="#[1]">&gt;&gt;</a>&nbsp;&nbsp;&nbsp;NMI_Handler
</UL>
<BR>[Address Reference Count : 1]<UL><LI> lcm32f037_startup.o(RESET)
</UL>
<P><STRONG><a name="[3]"></a>SVC_Handler</STRONG> (Thumb, 2 bytes, Stack size 0 bytes, lcm32f037_startup.o(.text))
<BR><BR>[Calls]<UL><LI><a href="#[3]">&gt;&gt;</a>&nbsp;&nbsp;&nbsp;SVC_Handler
</UL>
<BR>[Called By]<UL><LI><a href="#[3]">&gt;&gt;</a>&nbsp;&nbsp;&nbsp;SVC_Handler
</UL>
<BR>[Address Reference Count : 1]<UL><LI> lcm32f037_startup.o(RESET)
</UL>
<P><STRONG><a name="[4]"></a>PendSV_Handler</STRONG> (Thumb, 2 bytes, Stack size 0 bytes, lcm32f037_startup.o(.text))
<BR><BR>[Calls]<UL><LI><a href="#[4]">&gt;&gt;</a>&nbsp;&nbsp;&nbsp;PendSV_Handler
</UL>
<BR>[Called By]<UL><LI><a href="#[4]">&gt;&gt;</a>&nbsp;&nbsp;&nbsp;PendSV_Handler
</UL>
<BR>[Address Reference Count : 1]<UL><LI> lcm32f037_startup.o(RESET)
</UL>
<P><STRONG><a name="[5]"></a>SysTick_Handler</STRONG> (Thumb, 2 bytes, Stack size 0 bytes, lcm32f037_startup.o(.text))
<BR><BR>[Calls]<UL><LI><a href="#[5]">&gt;&gt;</a>&nbsp;&nbsp;&nbsp;SysTick_Handler
</UL>
<BR>[Called By]<UL><LI><a href="#[5]">&gt;&gt;</a>&nbsp;&nbsp;&nbsp;SysTick_Handler
</UL>
<BR>[Address Reference Count : 1]<UL><LI> lcm32f037_startup.o(RESET)
</UL>
<P><STRONG><a name="[12]"></a>ADC_Handler</STRONG> (Thumb, 0 bytes, Stack size 0 bytes, lcm32f037_startup.o(.text))
<BR><BR>[Calls]<UL><LI><a href="#[12]">&gt;&gt;</a>&nbsp;&nbsp;&nbsp;ADC_Handler
</UL>
<BR>[Called By]<UL><LI><a href="#[12]">&gt;&gt;</a>&nbsp;&nbsp;&nbsp;ADC_Handler
</UL>
<BR>[Address Reference Count : 1]<UL><LI> lcm32f037_startup.o(RESET)
</UL>
<P><STRONG><a name="[24]"></a>CAN_Handler</STRONG> (Thumb, 0 bytes, Stack size 0 bytes, lcm32f037_startup.o(.text))
<BR>[Address Reference Count : 1]<UL><LI> lcm32f037_startup.o(RESET)
</UL>
<P><STRONG><a name="[a]"></a>CHIPCTRL_Handler</STRONG> (Thumb, 0 bytes, Stack size 0 bytes, lcm32f037_startup.o(.text))
<BR>[Address Reference Count : 1]<UL><LI> lcm32f037_startup.o(RESET)
</UL>
<P><STRONG><a name="[25]"></a>DIV_Handler</STRONG> (Thumb, 0 bytes, Stack size 0 bytes, lcm32f037_startup.o(.text))
<BR>[Address Reference Count : 1]<UL><LI> lcm32f037_startup.o(RESET)
</UL>
<P><STRONG><a name="[f]"></a>DMAC_CH0_Handler</STRONG> (Thumb, 0 bytes, Stack size 0 bytes, lcm32f037_startup.o(.text))
<BR>[Address Reference Count : 1]<UL><LI> lcm32f037_startup.o(RESET)
</UL>
<P><STRONG><a name="[10]"></a>DMAC_CH1_2_Handler</STRONG> (Thumb, 0 bytes, Stack size 0 bytes, lcm32f037_startup.o(.text))
<BR>[Address Reference Count : 1]<UL><LI> lcm32f037_startup.o(RESET)
</UL>
<P><STRONG><a name="[11]"></a>DMAC_CH3_5_Handler</STRONG> (Thumb, 0 bytes, Stack size 0 bytes, lcm32f037_startup.o(.text))
<BR>[Address Reference Count : 1]<UL><LI> lcm32f037_startup.o(RESET)
</UL>
<P><STRONG><a name="[9]"></a>EFLS_Handler</STRONG> (Thumb, 0 bytes, Stack size 0 bytes, lcm32f037_startup.o(.text))
<BR>[Address Reference Count : 1]<UL><LI> lcm32f037_startup.o(RESET)
</UL>
<P><STRONG><a name="[b]"></a>EXTI0_1_Handler</STRONG> (Thumb, 0 bytes, Stack size 0 bytes, lcm32f037_startup.o(.text))
<BR>[Address Reference Count : 1]<UL><LI> lcm32f037_startup.o(RESET)
</UL>
<P><STRONG><a name="[c]"></a>EXTI2_3_Handler</STRONG> (Thumb, 0 bytes, Stack size 0 bytes, lcm32f037_startup.o(.text))
<BR>[Address Reference Count : 1]<UL><LI> lcm32f037_startup.o(RESET)
</UL>
<P><STRONG><a name="[d]"></a>EXTI4_15_Handler</STRONG> (Thumb, 0 bytes, Stack size 0 bytes, lcm32f037_startup.o(.text))
<BR>[Address Reference Count : 1]<UL><LI> lcm32f037_startup.o(RESET)
</UL>
<P><STRONG><a name="[1d]"></a>I2C0_Handler</STRONG> (Thumb, 0 bytes, Stack size 0 bytes, lcm32f037_startup.o(.text))
<BR>[Address Reference Count : 1]<UL><LI> lcm32f037_startup.o(RESET)
</UL>
<P><STRONG><a name="[1e]"></a>I2C1RVE_Handler</STRONG> (Thumb, 0 bytes, Stack size 0 bytes, lcm32f037_startup.o(.text))
<BR>[Address Reference Count : 1]<UL><LI> lcm32f037_startup.o(RESET)
</UL>
<P><STRONG><a name="[e]"></a>LCD_ACMP0_2_Handler</STRONG> (Thumb, 0 bytes, Stack size 0 bytes, lcm32f037_startup.o(.text))
<BR>[Address Reference Count : 1]<UL><LI> lcm32f037_startup.o(RESET)
</UL>
<P><STRONG><a name="[7]"></a>LVD_Handler</STRONG> (Thumb, 0 bytes, Stack size 0 bytes, lcm32f037_startup.o(.text))
<BR>[Address Reference Count : 1]<UL><LI> lcm32f037_startup.o(RESET)
</UL>
<P><STRONG><a name="[1f]"></a>SSP0_Handler</STRONG> (Thumb, 0 bytes, Stack size 0 bytes, lcm32f037_startup.o(.text))
<BR>[Address Reference Count : 1]<UL><LI> lcm32f037_startup.o(RESET)
</UL>
<P><STRONG><a name="[20]"></a>SSP2_Handler</STRONG> (Thumb, 0 bytes, Stack size 0 bytes, lcm32f037_startup.o(.text))
<BR>[Address Reference Count : 1]<UL><LI> lcm32f037_startup.o(RESET)
</UL>
<P><STRONG><a name="[19]"></a>TIM14_Handler</STRONG> (Thumb, 0 bytes, Stack size 0 bytes, lcm32f037_startup.o(.text))
<BR>[Address Reference Count : 1]<UL><LI> lcm32f037_startup.o(RESET)
</UL>
<P><STRONG><a name="[1a]"></a>TIM15_Handler</STRONG> (Thumb, 0 bytes, Stack size 0 bytes, lcm32f037_startup.o(.text))
<BR>[Address Reference Count : 1]<UL><LI> lcm32f037_startup.o(RESET)
</UL>
<P><STRONG><a name="[1b]"></a>TIM16_Handler</STRONG> (Thumb, 0 bytes, Stack size 0 bytes, lcm32f037_startup.o(.text))
<BR>[Address Reference Count : 1]<UL><LI> lcm32f037_startup.o(RESET)
</UL>
<P><STRONG><a name="[1c]"></a>TIM17_Handler</STRONG> (Thumb, 0 bytes, Stack size 0 bytes, lcm32f037_startup.o(.text))
<BR>[Address Reference Count : 1]<UL><LI> lcm32f037_startup.o(RESET)
</UL>
<P><STRONG><a name="[14]"></a>TIM1_CC_Handler</STRONG> (Thumb, 0 bytes, Stack size 0 bytes, lcm32f037_startup.o(.text))
<BR>[Address Reference Count : 1]<UL><LI> lcm32f037_startup.o(RESET)
</UL>
<P><STRONG><a name="[15]"></a>TIM2_ACMP3_5_PLC_ZC_Handler</STRONG> (Thumb, 0 bytes, Stack size 0 bytes, lcm32f037_startup.o(.text))
<BR>[Address Reference Count : 1]<UL><LI> lcm32f037_startup.o(RESET)
</UL>
<P><STRONG><a name="[16]"></a>TIM3_Handler</STRONG> (Thumb, 0 bytes, Stack size 0 bytes, lcm32f037_startup.o(.text))
<BR>[Address Reference Count : 1]<UL><LI> lcm32f037_startup.o(RESET)
</UL>
<P><STRONG><a name="[17]"></a>TIM6_DAC0_2_Handler</STRONG> (Thumb, 0 bytes, Stack size 0 bytes, lcm32f037_startup.o(.text))
<BR>[Address Reference Count : 1]<UL><LI> lcm32f037_startup.o(RESET)
</UL>
<P><STRONG><a name="[18]"></a>TIM7_DAC3_5_PLC_Handler</STRONG> (Thumb, 0 bytes, Stack size 0 bytes, lcm32f037_startup.o(.text))
<BR>[Address Reference Count : 1]<UL><LI> lcm32f037_startup.o(RESET)
</UL>
<P><STRONG><a name="[21]"></a>UART0_Handler</STRONG> (Thumb, 0 bytes, Stack size 0 bytes, lcm32f037_startup.o(.text))
<BR>[Address Reference Count : 1]<UL><LI> lcm32f037_startup.o(RESET)
</UL>
<P><STRONG><a name="[22]"></a>UART1_Handler</STRONG> (Thumb, 0 bytes, Stack size 0 bytes, lcm32f037_startup.o(.text))
<BR>[Address Reference Count : 1]<UL><LI> lcm32f037_startup.o(RESET)
</UL>
<P><STRONG><a name="[23]"></a>UART2_5_Handler</STRONG> (Thumb, 0 bytes, Stack size 0 bytes, lcm32f037_startup.o(.text))
<BR>[Address Reference Count : 1]<UL><LI> lcm32f037_startup.o(RESET)
</UL>
<P><STRONG><a name="[8]"></a>WT_Handler</STRONG> (Thumb, 0 bytes, Stack size 0 bytes, lcm32f037_startup.o(.text))
<BR>[Address Reference Count : 1]<UL><LI> lcm32f037_startup.o(RESET)
</UL>
<P><STRONG><a name="[6]"></a>WWDG_Handler</STRONG> (Thumb, 0 bytes, Stack size 0 bytes, lcm32f037_startup.o(.text))
<BR>[Address Reference Count : 1]<UL><LI> lcm32f037_startup.o(RESET)
</UL>
<P><STRONG><a name="[2a]"></a>__scatterload</STRONG> (Thumb, 28 bytes, Stack size 0 bytes, init.o(.text))
<BR><BR>[Calls]<UL><LI><a href="#[2b]">&gt;&gt;</a>&nbsp;&nbsp;&nbsp;__main_after_scatterload
</UL>
<BR>[Called By]<UL><LI><a href="#[29]">&gt;&gt;</a>&nbsp;&nbsp;&nbsp;_main_scatterload
</UL>

<P><STRONG><a name="[47]"></a>__scatterload_rt2</STRONG> (Thumb, 0 bytes, Stack size 0 bytes, init.o(.text), UNUSED)

<P><STRONG><a name="[30]"></a>FLASH_LATENCY</STRONG> (Thumb, 44 bytes, Stack size 0 bytes, lcm32f037_rcc.o(i.FLASH_LATENCY))
<BR><BR>[Called By]<UL><LI><a href="#[2f]">&gt;&gt;</a>&nbsp;&nbsp;&nbsp;HSI_SetSysClockTo16
</UL>

<P><STRONG><a name="[2c]"></a>GPIO_Config</STRONG> (Thumb, 44 bytes, Stack size 16 bytes, main.o(i.GPIO_Config))
<BR><BR>[Stack]<UL><LI>Max Depth = 32<LI>Call Chain = GPIO_Config &rArr; GPIO_PinAFConfig
</UL>
<BR>[Calls]<UL><LI><a href="#[2e]">&gt;&gt;</a>&nbsp;&nbsp;&nbsp;GPIO_PinAFConfig
<LI><a href="#[2d]">&gt;&gt;</a>&nbsp;&nbsp;&nbsp;GPIO_Init
</UL>
<BR>[Called By]<UL><LI><a href="#[26]">&gt;&gt;</a>&nbsp;&nbsp;&nbsp;main
</UL>

<P><STRONG><a name="[2d]"></a>GPIO_Init</STRONG> (Thumb, 284 bytes, Stack size 16 bytes, lcm32f037_gpio.o(i.GPIO_Init))
<BR><BR>[Stack]<UL><LI>Max Depth = 16<LI>Call Chain = GPIO_Init
</UL>
<BR>[Called By]<UL><LI><a href="#[2c]">&gt;&gt;</a>&nbsp;&nbsp;&nbsp;GPIO_Config
</UL>

<P><STRONG><a name="[2e]"></a>GPIO_PinAFConfig</STRONG> (Thumb, 70 bytes, Stack size 16 bytes, lcm32f037_gpio.o(i.GPIO_PinAFConfig))
<BR><BR>[Stack]<UL><LI>Max Depth = 16<LI>Call Chain = GPIO_PinAFConfig
</UL>
<BR>[Called By]<UL><LI><a href="#[2c]">&gt;&gt;</a>&nbsp;&nbsp;&nbsp;GPIO_Config
</UL>

<P><STRONG><a name="[2f]"></a>HSI_SetSysClockTo16</STRONG> (Thumb, 50 bytes, Stack size 8 bytes, lcm32f037_rcc.o(i.HSI_SetSysClockTo16))
<BR><BR>[Stack]<UL><LI>Max Depth = 8<LI>Call Chain = HSI_SetSysClockTo16
</UL>
<BR>[Calls]<UL><LI><a href="#[30]">&gt;&gt;</a>&nbsp;&nbsp;&nbsp;FLASH_LATENCY
<LI><a href="#[31]">&gt;&gt;</a>&nbsp;&nbsp;&nbsp;__get_PRIMASK
</UL>
<BR>[Called By]<UL><LI><a href="#[38]">&gt;&gt;</a>&nbsp;&nbsp;&nbsp;SetSysClock
</UL>

<P><STRONG><a name="[2]"></a>HardFault_Handler</STRONG> (Thumb, 48 bytes, Stack size 0 bytes, lcm32f037_rcc.o(i.HardFault_Handler))
<BR>[Address Reference Count : 1]<UL><LI> lcm32f037_startup.o(RESET)
</UL>
<P><STRONG><a name="[32]"></a>PWR_LVDCmd</STRONG> (Thumb, 104 bytes, Stack size 8 bytes, lcm32f037_pwr.o(i.PWR_LVDCmd))
<BR><BR>[Stack]<UL><LI>Max Depth = 8<LI>Call Chain = PWR_LVDCmd
</UL>
<BR>[Calls]<UL><LI><a href="#[33]">&gt;&gt;</a>&nbsp;&nbsp;&nbsp;__get_PRIMASK
</UL>
<BR>[Called By]<UL><LI><a href="#[3a]">&gt;&gt;</a>&nbsp;&nbsp;&nbsp;tim1_cfg_init
</UL>

<P><STRONG><a name="[34]"></a>PWR_LVDConfig</STRONG> (Thumb, 218 bytes, Stack size 16 bytes, lcm32f037_pwr.o(i.PWR_LVDConfig))
<BR><BR>[Stack]<UL><LI>Max Depth = 16<LI>Call Chain = PWR_LVDConfig
</UL>
<BR>[Calls]<UL><LI><a href="#[33]">&gt;&gt;</a>&nbsp;&nbsp;&nbsp;__get_PRIMASK
</UL>
<BR>[Called By]<UL><LI><a href="#[3a]">&gt;&gt;</a>&nbsp;&nbsp;&nbsp;tim1_cfg_init
</UL>

<P><STRONG><a name="[35]"></a>RCC_AHBPeriphClockCmd</STRONG> (Thumb, 110 bytes, Stack size 16 bytes, lcm32f037_rcc.o(i.RCC_AHBPeriphClockCmd))
<BR><BR>[Stack]<UL><LI>Max Depth = 16<LI>Call Chain = RCC_AHBPeriphClockCmd
</UL>
<BR>[Calls]<UL><LI><a href="#[31]">&gt;&gt;</a>&nbsp;&nbsp;&nbsp;__get_PRIMASK
</UL>
<BR>[Called By]<UL><LI><a href="#[26]">&gt;&gt;</a>&nbsp;&nbsp;&nbsp;main
</UL>

<P><STRONG><a name="[36]"></a>RCC_APB1PeriphClockCmd</STRONG> (Thumb, 222 bytes, Stack size 16 bytes, lcm32f037_rcc.o(i.RCC_APB1PeriphClockCmd))
<BR><BR>[Stack]<UL><LI>Max Depth = 16<LI>Call Chain = RCC_APB1PeriphClockCmd
</UL>
<BR>[Calls]<UL><LI><a href="#[31]">&gt;&gt;</a>&nbsp;&nbsp;&nbsp;__get_PRIMASK
</UL>
<BR>[Called By]<UL><LI><a href="#[26]">&gt;&gt;</a>&nbsp;&nbsp;&nbsp;main
</UL>

<P><STRONG><a name="[37]"></a>RCC_DeInit</STRONG> (Thumb, 250 bytes, Stack size 8 bytes, lcm32f037_rcc.o(i.RCC_DeInit))
<BR><BR>[Stack]<UL><LI>Max Depth = 8<LI>Call Chain = RCC_DeInit
</UL>
<BR>[Calls]<UL><LI><a href="#[31]">&gt;&gt;</a>&nbsp;&nbsp;&nbsp;__get_PRIMASK
</UL>
<BR>[Called By]<UL><LI><a href="#[27]">&gt;&gt;</a>&nbsp;&nbsp;&nbsp;SystemInit
</UL>

<P><STRONG><a name="[38]"></a>SetSysClock</STRONG> (Thumb, 8 bytes, Stack size 8 bytes, lcm32f037_rcc.o(i.SetSysClock))
<BR><BR>[Stack]<UL><LI>Max Depth = 16<LI>Call Chain = SetSysClock &rArr; HSI_SetSysClockTo16
</UL>
<BR>[Calls]<UL><LI><a href="#[2f]">&gt;&gt;</a>&nbsp;&nbsp;&nbsp;HSI_SetSysClockTo16
</UL>
<BR>[Called By]<UL><LI><a href="#[26]">&gt;&gt;</a>&nbsp;&nbsp;&nbsp;main
</UL>

<P><STRONG><a name="[27]"></a>SystemInit</STRONG> (Thumb, 8 bytes, Stack size 8 bytes, lcm32f037_rcc.o(i.SystemInit))
<BR><BR>[Stack]<UL><LI>Max Depth = 16<LI>Call Chain = SystemInit &rArr; RCC_DeInit
</UL>
<BR>[Calls]<UL><LI><a href="#[37]">&gt;&gt;</a>&nbsp;&nbsp;&nbsp;RCC_DeInit
</UL>
<BR>[Called By]<UL><LI><a href="#[26]">&gt;&gt;</a>&nbsp;&nbsp;&nbsp;main
</UL>
<BR>[Address Reference Count : 1]<UL><LI> lcm32f037_startup.o(.text)
</UL>
<P><STRONG><a name="[13]"></a>TIM1_NON_CC_Handler</STRONG> (Thumb, 12 bytes, Stack size 8 bytes, main.o(i.TIM1_NON_CC_Handler))
<BR><BR>[Stack]<UL><LI>Max Depth = 8<LI>Call Chain = TIM1_NON_CC_Handler
</UL>
<BR>[Calls]<UL><LI><a href="#[39]">&gt;&gt;</a>&nbsp;&nbsp;&nbsp;TIM_ClearITPendingBit
</UL>
<BR>[Address Reference Count : 1]<UL><LI> lcm32f037_startup.o(RESET)
</UL>
<P><STRONG><a name="[3d]"></a>TIM_BDTRConfig</STRONG> (Thumb, 34 bytes, Stack size 0 bytes, lcm32f037_tim.o(i.TIM_BDTRConfig))
<BR><BR>[Called By]<UL><LI><a href="#[3a]">&gt;&gt;</a>&nbsp;&nbsp;&nbsp;tim1_cfg_init
</UL>

<P><STRONG><a name="[39]"></a>TIM_ClearITPendingBit</STRONG> (Thumb, 12 bytes, Stack size 0 bytes, lcm32f037_tim.o(i.TIM_ClearITPendingBit))
<BR><BR>[Called By]<UL><LI><a href="#[13]">&gt;&gt;</a>&nbsp;&nbsp;&nbsp;TIM1_NON_CC_Handler
</UL>

<P><STRONG><a name="[40]"></a>TIM_Cmd</STRONG> (Thumb, 24 bytes, Stack size 0 bytes, lcm32f037_tim.o(i.TIM_Cmd))
<BR><BR>[Called By]<UL><LI><a href="#[3a]">&gt;&gt;</a>&nbsp;&nbsp;&nbsp;tim1_cfg_init
</UL>

<P><STRONG><a name="[3f]"></a>TIM_CtrlPWMOutputs</STRONG> (Thumb, 26 bytes, Stack size 0 bytes, lcm32f037_tim.o(i.TIM_CtrlPWMOutputs))
<BR><BR>[Called By]<UL><LI><a href="#[3a]">&gt;&gt;</a>&nbsp;&nbsp;&nbsp;tim1_cfg_init
</UL>

<P><STRONG><a name="[3e]"></a>TIM_ITConfig</STRONG> (Thumb, 26 bytes, Stack size 8 bytes, lcm32f037_tim.o(i.TIM_ITConfig))
<BR><BR>[Stack]<UL><LI>Max Depth = 8<LI>Call Chain = TIM_ITConfig
</UL>
<BR>[Called By]<UL><LI><a href="#[3a]">&gt;&gt;</a>&nbsp;&nbsp;&nbsp;tim1_cfg_init
</UL>

<P><STRONG><a name="[3c]"></a>TIM_OC1Init</STRONG> (Thumb, 128 bytes, Stack size 16 bytes, lcm32f037_tim.o(i.TIM_OC1Init))
<BR><BR>[Stack]<UL><LI>Max Depth = 16<LI>Call Chain = TIM_OC1Init
</UL>
<BR>[Called By]<UL><LI><a href="#[3a]">&gt;&gt;</a>&nbsp;&nbsp;&nbsp;tim1_cfg_init
</UL>

<P><STRONG><a name="[3b]"></a>TIM_TimeBaseInit</STRONG> (Thumb, 84 bytes, Stack size 0 bytes, lcm32f037_tim.o(i.TIM_TimeBaseInit))
<BR><BR>[Called By]<UL><LI><a href="#[3a]">&gt;&gt;</a>&nbsp;&nbsp;&nbsp;tim1_cfg_init
</UL>

<P><STRONG><a name="[48]"></a>__scatterload_copy</STRONG> (Thumb, 14 bytes, Stack size unknown bytes, handlers.o(i.__scatterload_copy), UNUSED)

<P><STRONG><a name="[49]"></a>__scatterload_null</STRONG> (Thumb, 2 bytes, Stack size unknown bytes, handlers.o(i.__scatterload_null), UNUSED)

<P><STRONG><a name="[4a]"></a>__scatterload_zeroinit</STRONG> (Thumb, 14 bytes, Stack size unknown bytes, handlers.o(i.__scatterload_zeroinit), UNUSED)

<P><STRONG><a name="[26]"></a>main</STRONG> (Thumb, 36 bytes, Stack size 0 bytes, main.o(i.main))
<BR><BR>[Stack]<UL><LI>Max Depth = 72<LI>Call Chain = main &rArr; tim1_cfg_init &rArr; TIM_OC1Init
</UL>
<BR>[Calls]<UL><LI><a href="#[27]">&gt;&gt;</a>&nbsp;&nbsp;&nbsp;SystemInit
<LI><a href="#[38]">&gt;&gt;</a>&nbsp;&nbsp;&nbsp;SetSysClock
<LI><a href="#[36]">&gt;&gt;</a>&nbsp;&nbsp;&nbsp;RCC_APB1PeriphClockCmd
<LI><a href="#[35]">&gt;&gt;</a>&nbsp;&nbsp;&nbsp;RCC_AHBPeriphClockCmd
<LI><a href="#[2c]">&gt;&gt;</a>&nbsp;&nbsp;&nbsp;GPIO_Config
<LI><a href="#[3a]">&gt;&gt;</a>&nbsp;&nbsp;&nbsp;tim1_cfg_init
</UL>
<BR>[Address Reference Count : 1]<UL><LI> entry9a.o(.ARM.Collect$$$$0000000B)
</UL><P>
<H3>
Local Symbols
</H3>
<P><STRONG><a name="[3a]"></a>tim1_cfg_init</STRONG> (Thumb, 230 bytes, Stack size 56 bytes, main.o(i.tim1_cfg_init))
<BR><BR>[Stack]<UL><LI>Max Depth = 72<LI>Call Chain = tim1_cfg_init &rArr; TIM_OC1Init
</UL>
<BR>[Calls]<UL><LI><a href="#[3b]">&gt;&gt;</a>&nbsp;&nbsp;&nbsp;TIM_TimeBaseInit
<LI><a href="#[3c]">&gt;&gt;</a>&nbsp;&nbsp;&nbsp;TIM_OC1Init
<LI><a href="#[3e]">&gt;&gt;</a>&nbsp;&nbsp;&nbsp;TIM_ITConfig
<LI><a href="#[3f]">&gt;&gt;</a>&nbsp;&nbsp;&nbsp;TIM_CtrlPWMOutputs
<LI><a href="#[40]">&gt;&gt;</a>&nbsp;&nbsp;&nbsp;TIM_Cmd
<LI><a href="#[3d]">&gt;&gt;</a>&nbsp;&nbsp;&nbsp;TIM_BDTRConfig
<LI><a href="#[34]">&gt;&gt;</a>&nbsp;&nbsp;&nbsp;PWR_LVDConfig
<LI><a href="#[32]">&gt;&gt;</a>&nbsp;&nbsp;&nbsp;PWR_LVDCmd
</UL>
<BR>[Called By]<UL><LI><a href="#[26]">&gt;&gt;</a>&nbsp;&nbsp;&nbsp;main
</UL>

<P><STRONG><a name="[33]"></a>__get_PRIMASK</STRONG> (Thumb, 6 bytes, Stack size 0 bytes, lcm32f037_pwr.o(i.__get_PRIMASK))
<BR><BR>[Called By]<UL><LI><a href="#[34]">&gt;&gt;</a>&nbsp;&nbsp;&nbsp;PWR_LVDConfig
<LI><a href="#[32]">&gt;&gt;</a>&nbsp;&nbsp;&nbsp;PWR_LVDCmd
</UL>

<P><STRONG><a name="[31]"></a>__get_PRIMASK</STRONG> (Thumb, 6 bytes, Stack size 0 bytes, lcm32f037_rcc.o(i.__get_PRIMASK))
<BR><BR>[Called By]<UL><LI><a href="#[36]">&gt;&gt;</a>&nbsp;&nbsp;&nbsp;RCC_APB1PeriphClockCmd
<LI><a href="#[35]">&gt;&gt;</a>&nbsp;&nbsp;&nbsp;RCC_AHBPeriphClockCmd
<LI><a href="#[37]">&gt;&gt;</a>&nbsp;&nbsp;&nbsp;RCC_DeInit
<LI><a href="#[2f]">&gt;&gt;</a>&nbsp;&nbsp;&nbsp;HSI_SetSysClockTo16
</UL>
<P>
<H3>
Undefined Global Symbols
</H3><HR></body></html>
