Component: ARM Compiler 5.06 update 6 (build 750) Tool: armlink [4d35ed]

==============================================================================

Section Cross References

    startup_stm32f407xx.o(RESET) refers to startup_stm32f407xx.o(STACK) for __initial_sp
    startup_stm32f407xx.o(RESET) refers to startup_stm32f407xx.o(.text) for Reset_Handler
    startup_stm32f407xx.o(RESET) refers to stm32f4xx_it.o(i.NMI_Handler) for NMI_Handler
    startup_stm32f407xx.o(RESET) refers to stm32f4xx_it.o(i.HardFault_Handler) for HardFault_Handler
    startup_stm32f407xx.o(RESET) refers to stm32f4xx_it.o(i.MemManage_Handler) for MemManage_Handler
    startup_stm32f407xx.o(RESET) refers to stm32f4xx_it.o(i.BusFault_Handler) for BusFault_Handler
    startup_stm32f407xx.o(RESET) refers to stm32f4xx_it.o(i.UsageFault_Handler) for UsageFault_Handler
    startup_stm32f407xx.o(RESET) refers to stm32f4xx_it.o(i.SVC_Handler) for SVC_Handler
    startup_stm32f407xx.o(RESET) refers to stm32f4xx_it.o(i.DebugMon_Handler) for DebugMon_Handler
    startup_stm32f407xx.o(RESET) refers to stm32f4xx_it.o(i.PendSV_Handler) for PendSV_Handler
    startup_stm32f407xx.o(RESET) refers to stm32f4xx_it.o(i.SysTick_Handler) for SysTick_Handler
    startup_stm32f407xx.o(RESET) refers to stm32f4xx_it.o(i.TIM1_UP_TIM10_IRQHandler) for TIM1_UP_TIM10_IRQHandler
    startup_stm32f407xx.o(RESET) refers to stm32f4xx_it.o(i.TIM2_IRQHandler) for TIM2_IRQHandler
    startup_stm32f407xx.o(.text) refers to system_stm32f4xx.o(i.SystemInit) for SystemInit
    startup_stm32f407xx.o(.text) refers to entry.o(.ARM.Collect$$$$00000000) for __main
    main.o(i.HAL_TIM_PeriodElapsedCallback) refers to zero.o(i.SimpleOpenLoopSixStepLoop) for SimpleOpenLoopSixStepLoop
    main.o(i.HAL_TIM_PeriodElapsedCallback) refers to stm32f4xx_hal_gpio.o(i.HAL_GPIO_TogglePin) for HAL_GPIO_TogglePin
    main.o(i.HAL_TIM_PeriodElapsedCallback) refers to multi_button.o(i.button_ticks) for button_ticks
    main.o(i.HAL_TIM_PeriodElapsedCallback) refers to tim.o(.bss) for htim1
    main.o(i.HAL_TIM_PeriodElapsedCallback) refers to main.o(.data) for .data
    main.o(i.SystemClock_Config) refers to memseta.o(.text) for __aeabi_memclr4
    main.o(i.SystemClock_Config) refers to stm32f4xx_hal_rcc.o(i.HAL_RCC_OscConfig) for HAL_RCC_OscConfig
    main.o(i.SystemClock_Config) refers to stm32f4xx_hal_rcc.o(i.HAL_RCC_ClockConfig) for HAL_RCC_ClockConfig
    main.o(i.SystemClock_Config) refers to stm32f4xx_hal_rcc.o(i.HAL_RCC_EnableCSS) for HAL_RCC_EnableCSS
    main.o(i.fputc) refers to stm32f4xx_hal_uart.o(i.HAL_UART_Transmit) for HAL_UART_Transmit
    main.o(i.fputc) refers to usart.o(.bss) for huart1
    main.o(i.main) refers to stm32f4xx_hal.o(i.HAL_Init) for HAL_Init
    main.o(i.main) refers to main.o(i.SystemClock_Config) for SystemClock_Config
    main.o(i.main) refers to gpio.o(i.MX_GPIO_Init) for MX_GPIO_Init
    main.o(i.main) refers to tim.o(i.MX_TIM1_Init) for MX_TIM1_Init
    main.o(i.main) refers to usart.o(i.MX_USART1_UART_Init) for MX_USART1_UART_Init
    main.o(i.main) refers to tim.o(i.MX_TIM2_Init) for MX_TIM2_Init
    main.o(i.main) refers to variable.o(i.VariableInit) for VariableInit
    main.o(i.main) refers to btn.o(i.BtnInit) for BtnInit
    main.o(i.main) refers to bldc.o(i.StartMotor) for StartMotor
    main.o(i.main) refers to stm32f4xx_hal_tim.o(i.HAL_TIM_Base_Start_IT) for HAL_TIM_Base_Start_IT
    main.o(i.main) refers to stm32f4xx_hal.o(i.HAL_Delay) for HAL_Delay
    main.o(i.main) refers to tim.o(.bss) for htim2
    gpio.o(i.MX_GPIO_Init) refers to memseta.o(.text) for __aeabi_memclr4
    gpio.o(i.MX_GPIO_Init) refers to stm32f4xx_hal_gpio.o(i.HAL_GPIO_WritePin) for HAL_GPIO_WritePin
    gpio.o(i.MX_GPIO_Init) refers to stm32f4xx_hal_gpio.o(i.HAL_GPIO_Init) for HAL_GPIO_Init
    tim.o(i.HAL_TIM_Base_MspDeInit) refers to stm32f4xx_hal_cortex.o(i.HAL_NVIC_DisableIRQ) for HAL_NVIC_DisableIRQ
    tim.o(i.HAL_TIM_Base_MspInit) refers to stm32f4xx_hal_cortex.o(i.HAL_NVIC_SetPriority) for HAL_NVIC_SetPriority
    tim.o(i.HAL_TIM_Base_MspInit) refers to stm32f4xx_hal_cortex.o(i.HAL_NVIC_EnableIRQ) for HAL_NVIC_EnableIRQ
    tim.o(i.HAL_TIM_MspPostInit) refers to memseta.o(.text) for __aeabi_memclr4
    tim.o(i.HAL_TIM_MspPostInit) refers to stm32f4xx_hal_gpio.o(i.HAL_GPIO_Init) for HAL_GPIO_Init
    tim.o(i.MX_TIM1_Init) refers to memseta.o(.text) for __aeabi_memclr4
    tim.o(i.MX_TIM1_Init) refers to stm32f4xx_hal_tim.o(i.HAL_TIM_Base_Init) for HAL_TIM_Base_Init
    tim.o(i.MX_TIM1_Init) refers to main.o(i.Error_Handler) for Error_Handler
    tim.o(i.MX_TIM1_Init) refers to stm32f4xx_hal_tim.o(i.HAL_TIM_ConfigClockSource) for HAL_TIM_ConfigClockSource
    tim.o(i.MX_TIM1_Init) refers to stm32f4xx_hal_tim.o(i.HAL_TIM_PWM_Init) for HAL_TIM_PWM_Init
    tim.o(i.MX_TIM1_Init) refers to stm32f4xx_hal_tim_ex.o(i.HAL_TIMEx_MasterConfigSynchronization) for HAL_TIMEx_MasterConfigSynchronization
[...]
    Removing stm32f4xx_hal_flash.o(i.FLASH_Program_Word), (36 bytes).
    Removing stm32f4xx_hal_flash.o(i.FLASH_SetErrorCode), (104 bytes).
    Removing stm32f4xx_hal_flash.o(i.FLASH_WaitForLastOperation), (80 bytes).
    Removing stm32f4xx_hal_flash.o(i.HAL_FLASH_EndOfOperationCallback), (2 bytes).
    Removing stm32f4xx_hal_flash.o(i.HAL_FLASH_GetError), (12 bytes).
    Removing stm32f4xx_hal_flash.o(i.HAL_FLASH_IRQHandler), (204 bytes).
    Removing stm32f4xx_hal_flash.o(i.HAL_FLASH_Lock), (20 bytes).
    Removing stm32f4xx_hal_flash.o(i.HAL_FLASH_OB_Launch), (24 bytes).
    Removing stm32f4xx_hal_flash.o(i.HAL_FLASH_OB_Lock), (20 bytes).
    Removing stm32f4xx_hal_flash.o(i.HAL_FLASH_OB_Unlock), (40 bytes).
    Removing stm32f4xx_hal_flash.o(i.HAL_FLASH_OperationErrorCallback), (2 bytes).
    Removing stm32f4xx_hal_flash.o(i.HAL_FLASH_Program), (124 bytes).
    Removing stm32f4xx_hal_flash.o(i.HAL_FLASH_Program_IT), (108 bytes).
    Removing stm32f4xx_hal_flash.o(i.HAL_FLASH_Unlock), (44 bytes).
    Removing stm32f4xx_hal_flash.o(.bss), (32 bytes).
    Removing stm32f4xx_hal_flash_ex.o(.rev16_text), (4 bytes).
    Removing stm32f4xx_hal_flash_ex.o(.revsh_text), (4 bytes).
    Removing stm32f4xx_hal_flash_ex.o(.rrx_text), (6 bytes).
    Removing stm32f4xx_hal_flash_ex.o(i.FLASH_Erase_Sector), (80 bytes).
    Removing stm32f4xx_hal_flash_ex.o(i.FLASH_FlushCaches), (84 bytes).
    Removing stm32f4xx_hal_flash_ex.o(i.FLASH_MassErase), (40 bytes).
    Removing stm32f4xx_hal_flash_ex.o(i.HAL_FLASHEx_Erase), (152 bytes).
    Removing stm32f4xx_hal_flash_ex.o(i.HAL_FLASHEx_Erase_IT), (104 bytes).
    Removing stm32f4xx_hal_flash_ex.o(i.HAL_FLASHEx_OBGetConfig), (64 bytes).
    Removing stm32f4xx_hal_flash_ex.o(i.HAL_FLASHEx_OBProgram), (204 bytes).
    Removing stm32f4xx_hal_flash_ramfunc.o(.rev16_text), (4 bytes).
    Removing stm32f4xx_hal_flash_ramfunc.o(.revsh_text), (4 bytes).
    Removing stm32f4xx_hal_flash_ramfunc.o(.rrx_text), (6 bytes).
    Removing stm32f4xx_hal_gpio.o(.rev16_text), (4 bytes).
    Removing stm32f4xx_hal_gpio.o(.revsh_text), (4 bytes).
    Removing stm32f4xx_hal_gpio.o(.rrx_text), (6 bytes).
    Removing stm32f4xx_hal_gpio.o(i.HAL_GPIO_DeInit), (360 bytes).
    Removing stm32f4xx_hal_gpio.o(i.HAL_GPIO_EXTI_Callback), (2 bytes).
    Removing stm32f4xx_hal_gpio.o(i.HAL_GPIO_EXTI_IRQHandler), (24 bytes).
    Removing stm32f4xx_hal_gpio.o(i.HAL_GPIO_LockPin), (34 bytes).
    Removing stm32f4xx_hal_dma_ex.o(.rev16_text), (4 bytes).
    Removing stm32f4xx_hal_dma_ex.o(.revsh_text), (4 bytes).
    Removing stm32f4xx_hal_dma_ex.o(.rrx_text), (6 bytes).
    Removing stm32f4xx_hal_dma_ex.o(i.DMA_MultiBufferSetConfig), (30 bytes).
    Removing stm32f4xx_hal_dma_ex.o(i.HAL_DMAEx_ChangeMemory), (14 bytes).
    Removing stm32f4xx_hal_dma_ex.o(i.HAL_DMAEx_MultiBufferStart), (100 bytes).
    Removing stm32f4xx_hal_dma_ex.o(i.HAL_DMAEx_MultiBufferStart_IT), (2432 bytes).
    Removing stm32f4xx_hal_dma.o(.rev16_text), (4 bytes).
    Removing stm32f4xx_hal_dma.o(.revsh_text), (4 bytes).
    Removing stm32f4xx_hal_dma.o(.rrx_text), (6 bytes).
    Removing stm32f4xx_hal_dma.o(i.DMA_CalcBaseAndBitshift), (40 bytes).
    Removing stm32f4xx_hal_dma.o(i.DMA_CheckFifoParam), (84 bytes).
    Removing stm32f4xx_hal_dma.o(i.DMA_SetConfig), (40 bytes).
    Removing stm32f4xx_hal_dma.o(i.HAL_DMA_Abort), (146 bytes).
    Removing stm32f4xx_hal_dma.o(i.HAL_DMA_Abort_IT), (36 bytes).
    Removing stm32f4xx_hal_dma.o(i.HAL_DMA_DeInit), (98 bytes).
    Removing stm32f4xx_hal_dma.o(i.HAL_DMA_GetError), (4 bytes).
    Removing stm32f4xx_hal_dma.o(i.HAL_DMA_GetState), (6 bytes).
    Removing stm32f4xx_hal_dma.o(i.HAL_DMA_IRQHandler), (416 bytes).
    Removing stm32f4xx_hal_dma.o(i.HAL_DMA_Init), (212 bytes).
    Removing stm32f4xx_hal_dma.o(i.HAL_DMA_PollForTransfer), (288 bytes).
    Removing stm32f4xx_hal_dma.o(i.HAL_DMA_RegisterCallback), (82 bytes).
    Removing stm32f4xx_hal_dma.o(i.HAL_DMA_Start), (70 bytes).
    Removing stm32f4xx_hal_dma.o(i.HAL_DMA_Start_IT), (110 bytes).
    Removing stm32f4xx_hal_dma.o(i.HAL_DMA_UnRegisterCallback), (96 bytes).
    Removing stm32f4xx_hal_dma.o(.constdata), (8 bytes).
    Removing stm32f4xx_hal_pwr.o(.rev16_text), (4 bytes).
    Removing stm32f4xx_hal_pwr.o(.revsh_text), (4 bytes).
    Removing stm32f4xx_hal_pwr.o(.rrx_text), (6 bytes).
    Removing stm32f4xx_hal_pwr.o(i.HAL_PWR_ConfigPVD), (124 bytes).
    Removing stm32f4xx_hal_pwr.o(i.HAL_PWR_DeInit), (24 bytes).
    Removing stm32f4xx_hal_pwr.o(i.HAL_PWR_DisableBkUpAccess), (24 bytes).
    Removing stm32f4xx_hal_pwr.o(i.HAL_PWR_DisablePVD), (12 bytes).
    Removing stm32f4xx_hal_pwr.o(i.HAL_PWR_DisableSEVOnPend), (16 bytes).
    Removing stm32f4xx_hal_pwr.o(i.HAL_PWR_DisableSleepOnExit), (16 bytes).
    Removing stm32f4xx_hal_pwr.o(i.HAL_PWR_DisableWakeUpPin), (16 bytes).
    Removing stm32f4xx_hal_pwr.o(i.HAL_PWR_EnableBkUpAccess), (24 bytes).
    Removing stm32f4xx_hal_pwr.o(i.HAL_PWR_EnablePVD), (12 bytes).
    Removing stm32f4xx_hal_pwr.o(i.HAL_PWR_EnableSEVOnPend), (16 bytes).
    Removing stm32f4xx_hal_pwr.o(i.HAL_PWR_EnableSleepOnExit), (16 bytes).
    Removing stm32f4xx_hal_pwr.o(i.HAL_PWR_EnableWakeUpPin), (16 bytes).
    Removing stm32f4xx_hal_pwr.o(i.HAL_PWR_EnterSLEEPMode), (32 bytes).
    Removing stm32f4xx_hal_pwr.o(i.HAL_PWR_EnterSTANDBYMode), (32 bytes).
    Removing stm32f4xx_hal_pwr.o(i.HAL_PWR_EnterSTOPMode), (56 bytes).
    Removing stm32f4xx_hal_pwr.o(i.HAL_PWR_PVDCallback), (2 bytes).
    Removing stm32f4xx_hal_pwr.o(i.HAL_PWR_PVD_IRQHandler), (28 bytes).
    Removing stm32f4xx_hal_pwr_ex.o(.rev16_text), (4 bytes).
    Removing stm32f4xx_hal_pwr_ex.o(.revsh_text), (4 bytes).
    Removing stm32f4xx_hal_pwr_ex.o(.rrx_text), (6 bytes).
    Removing stm32f4xx_hal_pwr_ex.o(i.HAL_PWREx_ControlVoltageScaling), (88 bytes).
    Removing stm32f4xx_hal_pwr_ex.o(i.HAL_PWREx_DisableBkUpReg), (60 bytes).
    Removing stm32f4xx_hal_pwr_ex.o(i.HAL_PWREx_DisableFlashPowerDown), (12 bytes).
    Removing stm32f4xx_hal_pwr_ex.o(i.HAL_PWREx_EnableBkUpReg), (60 bytes).
    Removing stm32f4xx_hal_pwr_ex.o(i.HAL_PWREx_EnableFlashPowerDown), (12 bytes).
    Removing stm32f4xx_hal_pwr_ex.o(i.HAL_PWREx_GetVoltageRange), (16 bytes).
    Removing stm32f4xx_hal_cortex.o(.rev16_text), (4 bytes).
    Removing stm32f4xx_hal_cortex.o(.revsh_text), (4 bytes).
    Removing stm32f4xx_hal_cortex.o(.rrx_text), (6 bytes).
    Removing stm32f4xx_hal_cortex.o(i.HAL_MPU_ConfigRegion), (84 bytes).
    Removing stm32f4xx_hal_cortex.o(i.HAL_MPU_Disable), (28 bytes).
    Removing stm32f4xx_hal_cortex.o(i.HAL_MPU_Enable), (36 bytes).
    Removing stm32f4xx_hal_cortex.o(i.HAL_NVIC_ClearPendingIRQ), (26 bytes).
    Removing stm32f4xx_hal_cortex.o(i.HAL_NVIC_DisableIRQ), (34 bytes).
    Removing stm32f4xx_hal_cortex.o(i.HAL_NVIC_GetActive), (36 bytes).
    Removing stm32f4xx_hal_cortex.o(i.HAL_NVIC_GetPendingIRQ), (36 bytes).
    Removing stm32f4xx_hal_cortex.o(i.HAL_NVIC_GetPriority), (82 bytes).
    Removing stm32f4xx_hal_cortex.o(i.HAL_NVIC_GetPriorityGrouping), (16 bytes).
    Removing stm32f4xx_hal_cortex.o(i.HAL_NVIC_SetPendingIRQ), (26 bytes).
    Removing stm32f4xx_hal_cortex.o(i.HAL_NVIC_SystemReset), (36 bytes).
    Removing stm32f4xx_hal_cortex.o(i.HAL_SYSTICK_CLKSourceConfig), (24 bytes).
    Removing stm32f4xx_hal_cortex.o(i.HAL_SYSTICK_Callback), (2 bytes).
    Removing stm32f4xx_hal_cortex.o(i.HAL_SYSTICK_IRQHandler), (8 bytes).
    Removing stm32f4xx_hal.o(.rev16_text), (4 bytes).
    Removing stm32f4xx_hal.o(.revsh_text), (4 bytes).
    Removing stm32f4xx_hal.o(.rrx_text), (6 bytes).
    Removing stm32f4xx_hal.o(i.HAL_DBGMCU_DisableDBGSleepMode), (16 bytes).
    Removing stm32f4xx_hal.o(i.HAL_DBGMCU_DisableDBGStandbyMode), (16 bytes).
    Removing stm32f4xx_hal.o(i.HAL_DBGMCU_DisableDBGStopMode), (16 bytes).
    Removing stm32f4xx_hal.o(i.HAL_DBGMCU_EnableDBGSleepMode), (16 bytes).
    Removing stm32f4xx_hal.o(i.HAL_DBGMCU_EnableDBGStandbyMode), (16 bytes).
    Removing stm32f4xx_hal.o(i.HAL_DBGMCU_EnableDBGStopMode), (16 bytes).
    Removing stm32f4xx_hal.o(i.HAL_DeInit), (52 bytes).
    Removing stm32f4xx_hal.o(i.HAL_DisableCompensationCell), (12 bytes).
    Removing stm32f4xx_hal.o(i.HAL_EnableCompensationCell), (12 bytes).
    Removing stm32f4xx_hal.o(i.HAL_GetDEVID), (16 bytes).
    Removing stm32f4xx_hal.o(i.HAL_GetHalVersion), (8 bytes).
    Removing stm32f4xx_hal.o(i.HAL_GetREVID), (12 bytes).
    Removing stm32f4xx_hal.o(i.HAL_GetTickFreq), (12 bytes).
    Removing stm32f4xx_hal.o(i.HAL_GetTickPrio), (12 bytes).
    Removing stm32f4xx_hal.o(i.HAL_GetUIDw0), (12 bytes).
    Removing stm32f4xx_hal.o(i.HAL_GetUIDw1), (12 bytes).
    Removing stm32f4xx_hal.o(i.HAL_GetUIDw2), (12 bytes).
    Removing stm32f4xx_hal.o(i.HAL_MspDeInit), (2 bytes).
    Removing stm32f4xx_hal.o(i.HAL_MspInit), (2 bytes).
    Removing stm32f4xx_hal.o(i.HAL_ResumeTick), (14 bytes).
    Removing stm32f4xx_hal.o(i.HAL_SetTickFreq), (36 bytes).
    Removing stm32f4xx_hal.o(i.HAL_SuspendTick), (14 bytes).
    Removing stm32f4xx_hal_exti.o(.rev16_text), (4 bytes).
    Removing stm32f4xx_hal_exti.o(.revsh_text), (4 bytes).
    Removing stm32f4xx_hal_exti.o(.rrx_text), (6 bytes).
    Removing stm32f4xx_hal_exti.o(i.HAL_EXTI_ClearConfigLine), (108 bytes).
    Removing stm32f4xx_hal_exti.o(i.HAL_EXTI_ClearPending), (20 bytes).
    Removing stm32f4xx_hal_exti.o(i.HAL_EXTI_GenerateSWI), (20 bytes).
    Removing stm32f4xx_hal_exti.o(i.HAL_EXTI_GetConfigLine), (148 bytes).
    Removing stm32f4xx_hal_exti.o(i.HAL_EXTI_GetHandle), (12 bytes).
    Removing stm32f4xx_hal_exti.o(i.HAL_EXTI_GetPending), (24 bytes).
    Removing stm32f4xx_hal_exti.o(i.HAL_EXTI_IRQHandler), (36 bytes).
    Removing stm32f4xx_hal_exti.o(i.HAL_EXTI_RegisterCallback), (14 bytes).
    Removing stm32f4xx_hal_exti.o(i.HAL_EXTI_SetConfigLine), (168 bytes).
    Removing stm32f4xx_hal_uart.o(.rev16_text), (4 bytes).
    Removing stm32f4xx_hal_uart.o(.revsh_text), (4 bytes).
    Removing stm32f4xx_hal_uart.o(.rrx_text), (6 bytes).
    Removing stm32f4xx_hal_uart.o(i.HAL_HalfDuplex_EnableReceiver), (50 bytes).
    Removing stm32f4xx_hal_uart.o(i.HAL_HalfDuplex_EnableTransmitter), (50 bytes).
    Removing stm32f4xx_hal_uart.o(i.HAL_HalfDuplex_Init), (108 bytes).
    Removing stm32f4xx_hal_uart.o(i.HAL_LIN_Init), (128 bytes).
    Removing stm32f4xx_hal_uart.o(i.HAL_LIN_SendBreak), (60 bytes).
    Removing stm32f4xx_hal_uart.o(i.HAL_MultiProcessor_EnterMuteMode), (60 bytes).
    Removing stm32f4xx_hal_uart.o(i.HAL_MultiProcessor_ExitMuteMode), (60 bytes).
    Removing stm32f4xx_hal_uart.o(i.HAL_MultiProcessor_Init), (142 bytes).
    Removing stm32f4xx_hal_uart.o(i.HAL_UARTEx_ReceiveToIdle), (254 bytes).
    Removing stm32f4xx_hal_uart.o(i.HAL_UARTEx_ReceiveToIdle_DMA), (86 bytes).
    Removing stm32f4xx_hal_uart.o(i.HAL_UARTEx_ReceiveToIdle_IT), (86 bytes).
    Removing stm32f4xx_hal_uart.o(i.HAL_UARTEx_RxEventCallback), (2 bytes).
    Removing stm32f4xx_hal_uart.o(i.HAL_UART_Abort), (210 bytes).
    Removing stm32f4xx_hal_uart.o(i.HAL_UART_AbortCpltCallback), (2 bytes).
    Removing stm32f4xx_hal_uart.o(i.HAL_UART_AbortReceive), (148 bytes).
    Removing stm32f4xx_hal_uart.o(i.HAL_UART_AbortReceiveCpltCallback), (2 bytes).
    Removing stm32f4xx_hal_uart.o(i.HAL_UART_AbortReceive_IT), (152 bytes).
    Removing stm32f4xx_hal_uart.o(i.HAL_UART_AbortTransmit), (98 bytes).
    Removing stm32f4xx_hal_uart.o(i.HAL_UART_AbortTransmitCpltCallback), (2 bytes).
    Removing stm32f4xx_hal_uart.o(i.HAL_UART_AbortTransmit_IT), (104 bytes).
    Removing stm32f4xx_hal_uart.o(i.HAL_UART_Abort_IT), (244 bytes).
    Removing stm32f4xx_hal_uart.o(i.HAL_UART_DMAPause), (146 bytes).
    Removing stm32f4xx_hal_uart.o(i.HAL_UART_DMAResume), (140 bytes).
    Removing stm32f4xx_hal_uart.o(i.HAL_UART_DMAStop), (112 bytes).
    Removing stm32f4xx_hal_uart.o(i.HAL_UART_DeInit), (52 bytes).
    Removing stm32f4xx_hal_uart.o(i.HAL_UART_ErrorCallback), (2 bytes).
    Removing stm32f4xx_hal_uart.o(i.HAL_UART_GetError), (4 bytes).
    Removing stm32f4xx_hal_uart.o(i.HAL_UART_GetState), (10 bytes).
    Removing stm32f4xx_hal_uart.o(i.HAL_UART_IRQHandler), (616 bytes).
    Removing stm32f4xx_hal_uart.o(i.HAL_UART_MspDeInit), (2 bytes).
    Removing stm32f4xx_hal_uart.o(i.HAL_UART_MspInit), (2 bytes).
    Removing stm32f4xx_hal_uart.o(i.HAL_UART_Receive), (192 bytes).
    Removing stm32f4xx_hal_uart.o(i.HAL_UART_Receive_DMA), (42 bytes).
    Removing stm32f4xx_hal_uart.o(i.HAL_UART_Receive_IT), (42 bytes).
    Removing stm32f4xx_hal_uart.o(i.HAL_UART_RxCpltCallback), (2 bytes).
    Removing stm32f4xx_hal_uart.o(i.HAL_UART_RxHalfCpltCallback), (2 bytes).
    Removing stm32f4xx_hal_uart.o(i.HAL_UART_Transmit_DMA), (140 bytes).
    Removing stm32f4xx_hal_uart.o(i.HAL_UART_Transmit_IT), (62 bytes).
    Removing stm32f4xx_hal_uart.o(i.HAL_UART_TxCpltCallback), (2 bytes).
    Removing stm32f4xx_hal_uart.o(i.HAL_UART_TxHalfCpltCallback), (2 bytes).
    Removing stm32f4xx_hal_uart.o(i.UART_DMAAbortOnError), (16 bytes).
    Removing stm32f4xx_hal_uart.o(i.UART_DMAError), (74 bytes).
    Removing stm32f4xx_hal_uart.o(i.UART_DMAReceiveCplt), (130 bytes).
    Removing stm32f4xx_hal_uart.o(i.UART_DMARxAbortCallback), (44 bytes).
    Removing stm32f4xx_hal_uart.o(i.UART_DMARxHalfCplt), (26 bytes).
    Removing stm32f4xx_hal_uart.o(i.UART_DMARxOnlyAbortCallback), (22 bytes).
    Removing stm32f4xx_hal_uart.o(i.UART_DMATransmitCplt), (66 bytes).
    Removing stm32f4xx_hal_uart.o(i.UART_DMATxAbortCallback), (44 bytes).
    Removing stm32f4xx_hal_uart.o(i.UART_DMATxHalfCplt), (10 bytes).
    Removing stm32f4xx_hal_uart.o(i.UART_DMATxOnlyAbortCallback), (20 bytes).
    Removing stm32f4xx_hal_uart.o(i.UART_EndRxTransfer), (78 bytes).
    Removing stm32f4xx_hal_uart.o(i.UART_EndTxTransfer), (28 bytes).
    Removing stm32f4xx_hal_uart.o(i.UART_Receive_IT), (192 bytes).
    Removing stm32f4xx_hal_uart.o(i.UART_Start_Receive_DMA), (148 bytes).
    Removing stm32f4xx_hal_uart.o(i.UART_Start_Receive_IT), (58 bytes).
    Removing system_stm32f4xx.o(.rev16_text), (4 bytes).
    Removing system_stm32f4xx.o(.revsh_text), (4 bytes).
    Removing system_stm32f4xx.o(.rrx_text), (6 bytes).
    Removing system_stm32f4xx.o(i.SystemCoreClockUpdate), (120 bytes).
    Removing hall.o(.rev16_text), (4 bytes).
    Removing hall.o(.revsh_text), (4 bytes).
    Removing hall.o(.rrx_text), (6 bytes).
    Removing hall.o(i.GetHallState), (84 bytes).
    Removing bldc.o(.rev16_text), (4 bytes).
    Removing bldc.o(.revsh_text), (4 bytes).
    Removing bldc.o(.rrx_text), (6 bytes).
    Removing bldc.o(i.Test), (32 bytes).
    Removing bldc.o(.data), (24 bytes).
    Removing zero.o(.rev16_text), (4 bytes).
    Removing zero.o(.revsh_text), (4 bytes).
    Removing zero.o(.rrx_text), (6 bytes).
    Removing multi_button.o(i.button_stop), (32 bytes).
    Removing btn.o(.rev16_text), (4 bytes).
    Removing btn.o(.revsh_text), (4 bytes).
    Removing btn.o(.rrx_text), (6 bytes).
    Removing btn.o(.constdata), (4 bytes).
    Removing dadd.o(.text), (334 bytes).
    Removing dmul.o(.text), (228 bytes).
    Removing ddiv.o(.text), (222 bytes).
    Removing dfixul.o(.text), (48 bytes).
    Removing cdrcmple.o(.text), (48 bytes).
    Removing depilogue.o(.text), (186 bytes).

413 unused section(s) (total 31210 bytes) removed from the image.

==============================================================================

Image Symbol Table

    Local Symbols

    Symbol Name                              Value     Ov Type        Size  Object(Section)

    ../Core/Src/gpio.c                       0x00000000   Number         0  gpio.o ABSOLUTE
    ../Core/Src/main.c                       0x00000000   Number         0  main.o ABSOLUTE
    ../Core/Src/stm32f4xx_hal_msp.c          0x00000000   Number         0  stm32f4xx_hal_msp.o ABSOLUTE
    ../Core/Src/stm32f4xx_it.c               0x00000000   Number         0  stm32f4xx_it.o ABSOLUTE
    ../Core/Src/system_stm32f4xx.c           0x00000000   Number         0  system_stm32f4xx.o ABSOLUTE
    ../Core/Src/tim.c                        0x00000000   Number         0  tim.o ABSOLUTE
    ../Core/Src/usart.c                      0x00000000   Number         0  usart.o ABSOLUTE
    ../Drivers/STM32F4xx_HAL_Driver/Src/stm32f4xx_hal.c 0x00000000   Number         0  stm32f4xx_hal.o ABSOLUTE
    ../Drivers/STM32F4xx_HAL_Driver/Src/stm32f4xx_hal_cortex.c 0x00000000   Number         0  stm32f4xx_hal_cortex.o ABSOLUTE
    ../Drivers/STM32F4xx_HAL_Driver/Src/stm32f4xx_hal_dma.c 0x00000000   Number         0  stm32f4xx_hal_dma.o ABSOLUTE
    ../Drivers/STM32F4xx_HAL_Driver/Src/stm32f4xx_hal_dma_ex.c 0x00000000   Number         0  stm32f4xx_hal_dma_ex.o ABSOLUTE
    ../Drivers/STM32F4xx_HAL_Driver/Src/stm32f4xx_hal_exti.c 0x00000000   Number         0  stm32f4xx_hal_exti.o ABSOLUTE
    ../Drivers/STM32F4xx_HAL_Driver/Src/stm32f4xx_hal_flash.c 0x00000000   Number         0  stm32f4xx_hal_flash.o ABSOLUTE
    ../Drivers/STM32F4xx_HAL_Driver/Src/stm32f4xx_hal_flash_ex.c 0x00000000   Number         0  stm32f4xx_hal_flash_ex.o ABSOLUTE
    ../Drivers/STM32F4xx_HAL_Driver/Src/stm32f4xx_hal_flash_ramfunc.c 0x00000000   Number         0  stm32f4xx_hal_flash_ramfunc.o ABSOLUTE
    ../Drivers/STM32F4xx_HAL_Driver/Src/stm32f4xx_hal_gpio.c 0x00000000   Number         0  stm32f4xx_hal_gpio.o ABSOLUTE
    ../Drivers/STM32F4xx_HAL_Driver/Src/stm32f4xx_hal_pwr.c 0x00000000   Number         0  stm32f4xx_hal_pwr.o ABSOLUTE
    ../Drivers/STM32F4xx_HAL_Driver/Src/stm32f4xx_hal_pwr_ex.c 0x00000000   Number         0  stm32f4xx_hal_pwr_ex.o ABSOLUTE
    ../Drivers/STM32F4xx_HAL_Driver/Src/stm32f4xx_hal_rcc.c 0x00000000   Number         0  stm32f4xx_hal_rcc.o ABSOLUTE
    ../Drivers/STM32F4xx_HAL_Driver/Src/stm32f4xx_hal_rcc_ex.c 0x00000000   Number         0  stm32f4xx_hal_rcc_ex.o ABSOLUTE
    ../Drivers/STM32F4xx_HAL_Driver/Src/stm32f4xx_hal_tim.c 0x00000000   Number         0  stm32f4xx_hal_tim.o ABSOLUTE
    ../Drivers/STM32F4xx_HAL_Driver/Src/stm32f4xx_hal_tim_ex.c 0x00000000   Number         0  stm32f4xx_hal_tim_ex.o ABSOLUTE
    ../Drivers/STM32F4xx_HAL_Driver/Src/stm32f4xx_hal_uart.c 0x00000000   Number         0  stm32f4xx_hal_uart.o ABSOLUTE
    ../clib/microlib/division.c              0x00000000   Number         0  uidiv.o ABSOLUTE
    ../clib/microlib/division.c              0x00000000   Number         0  uldiv.o ABSOLUTE
    ../clib/microlib/init/entry.s            0x00000000   Number         0  entry8b.o ABSOLUTE
    ../clib/microlib/init/entry.s            0x00000000   Number         0  entry.o ABSOLUTE
    ../clib/microlib/init/entry.s            0x00000000   Number         0  entry9a.o ABSOLUTE
    ../clib/microlib/init/entry.s            0x00000000   Number         0  entry9b.o ABSOLUTE
    ../clib/microlib/init/entry.s            0x00000000   Number         0  entry10a.o ABSOLUTE
    ../clib/microlib/init/entry.s            0x00000000   Number         0  entry11a.o ABSOLUTE
    ../clib/microlib/init/entry.s            0x00000000   Number         0  entry11b.o ABSOLUTE
    ../clib/microlib/init/entry.s            0x00000000   Number         0  entry5.o ABSOLUTE
    ../clib/microlib/init/entry.s            0x00000000   Number         0  entry10b.o ABSOLUTE
    ../clib/microlib/init/entry.s            0x00000000   Number         0  entry2.o ABSOLUTE
    ../clib/microlib/init/entry.s            0x00000000   Number         0  entry7b.o ABSOLUTE
    ../clib/microlib/init/entry.s            0x00000000   Number         0  entry8a.o ABSOLUTE
    ../clib/microlib/init/entry.s            0x00000000   Number         0  entry7a.o ABSOLUTE
    ../clib/microlib/longlong.c              0x00000000   Number         0  llsshr.o ABSOLUTE
    ../clib/microlib/longlong.c              0x00000000   Number         0  llshl.o ABSOLUTE
    ../clib/microlib/longlong.c              0x00000000   Number         0  llushr.o ABSOLUTE
    ../clib/microlib/printf/printf.c         0x00000000   Number         0  printf2.o ABSOLUTE
    ../clib/microlib/printf/printf.c         0x00000000   Number         0  printf3.o ABSOLUTE
    ../clib/microlib/printf/printf.c         0x00000000   Number         0  printf4.o ABSOLUTE
    ../clib/microlib/printf/printf.c         0x00000000   Number         0  printf7.o ABSOLUTE
    ../clib/microlib/printf/printf.c         0x00000000   Number         0  printf1.o ABSOLUTE
    ../clib/microlib/printf/printf.c         0x00000000   Number         0  printf0.o ABSOLUTE
    ../clib/microlib/printf/printf.c         0x00000000   Number         0  printfb.o ABSOLUTE
    ../clib/microlib/printf/printf.c         0x00000000   Number         0  printf6.o ABSOLUTE
    ../clib/microlib/printf/printf.c         0x00000000   Number         0  printf5.o ABSOLUTE
    ../clib/microlib/printf/printf.c         0x00000000   Number         0  printf8.o ABSOLUTE
    ../clib/microlib/printf/printf.c         0x00000000   Number         0  printfa.o ABSOLUTE
    ../clib/microlib/printf/stubs.s          0x00000000   Number         0  stubs.o ABSOLUTE
    ../clib/microlib/stdio/streams.c         0x00000000   Number         0  stdout.o ABSOLUTE
    ../clib/microlib/string/memset.c         0x00000000   Number         0  memseta.o ABSOLUTE
    ../clib/microlib/stubs.s                 0x00000000   Number         0  iusefp.o ABSOLUTE
    ../fplib/microlib/fpadd.c                0x00000000   Number         0  dadd.o ABSOLUTE
    ../fplib/microlib/fpdiv.c                0x00000000   Number         0  ddiv.o ABSOLUTE
    ../fplib/microlib/fpepilogue.c           0x00000000   Number         0  depilogue.o ABSOLUTE
    ../fplib/microlib/fpfix.c                0x00000000   Number         0  dfixul.o ABSOLUTE
    ../fplib/microlib/fpmul.c                0x00000000   Number         0  dmul.o ABSOLUTE
    ..\Core\Src\gpio.c                       0x00000000   Number         0  gpio.o ABSOLUTE
    ..\Core\Src\main.c                       0x00000000   Number         0  main.o ABSOLUTE
    ..\Core\Src\stm32f4xx_hal_msp.c          0x00000000   Number         0  stm32f4xx_hal_msp.o ABSOLUTE
    ..\Core\Src\stm32f4xx_it.c               0x00000000   Number         0  stm32f4xx_it.o ABSOLUTE
    ..\Core\Src\system_stm32f4xx.c           0x00000000   Number         0  system_stm32f4xx.o ABSOLUTE
    ..\Core\Src\tim.c                        0x00000000   Number         0  tim.o ABSOLUTE
    ..\Core\Src\usart.c                      0x00000000   Number         0  usart.o ABSOLUTE
    ..\Ctrl\bldc.c                           0x00000000   Number         0  bldc.o ABSOLUTE
    ..\Ctrl\hall.c                           0x00000000   Number         0  hall.o ABSOLUTE
    ..\Ctrl\zero.c                           0x00000000   Number         0  zero.o ABSOLUTE
    ..\Drivers\STM32F4xx_HAL_Driver\Src\stm32f4xx_hal.c 0x00000000   Number         0  stm32f4xx_hal.o ABSOLUTE
    ..\Drivers\STM32F4xx_HAL_Driver\Src\stm32f4xx_hal_cortex.c 0x00000000   Number         0  stm32f4xx_hal_cortex.o ABSOLUTE
    ..\Drivers\STM32F4xx_HAL_Driver\Src\stm32f4xx_hal_dma.c 0x00000000   Number         0  stm32f4xx_hal_dma.o ABSOLUTE
    ..\Drivers\STM32F4xx_HAL_Driver\Src\stm32f4xx_hal_dma_ex.c 0x00000000   Number         0  stm32f4xx_hal_dma_ex.o ABSOLUTE
    ..\Drivers\STM32F4xx_HAL_Driver\Src\stm32f4xx_hal_exti.c 0x00000000   Number         0  stm32f4xx_hal_exti.o ABSOLUTE
    ..\Drivers\STM32F4xx_HAL_Driver\Src\stm32f4xx_hal_flash.c 0x00000000   Number         0  stm32f4xx_hal_flash.o ABSOLUTE
    ..\Drivers\STM32F4xx_HAL_Driver\Src\stm32f4xx_hal_flash_ex.c 0x00000000   Number         0  stm32f4xx_hal_flash_ex.o ABSOLUTE
    ..\Drivers\STM32F4xx_HAL_Driver\Src\stm32f4xx_hal_flash_ramfunc.c 0x00000000   Number         0  stm32f4xx_hal_flash_ramfunc.o ABSOLUTE
    ..\Drivers\STM32F4xx_HAL_Driver\Src\stm32f4xx_hal_gpio.c 0x00000000   Number         0  stm32f4xx_hal_gpio.o ABSOLUTE
    ..\Drivers\STM32F4xx_HAL_Driver\Src\stm32f4xx_hal_pwr.c 0x00000000   Number         0  stm32f4xx_hal_pwr.o ABSOLUTE
    ..\Drivers\STM32F4xx_HAL_Driver\Src\stm32f4xx_hal_pwr_ex.c 0x00000000   Number         0  stm32f4xx_hal_pwr_ex.o ABSOLUTE
    ..\Drivers\STM32F4xx_HAL_Driver\Src\stm32f4xx_hal_rcc.c 0x00000000   Number         0  stm32f4xx_hal_rcc.o ABSOLUTE
    ..\Drivers\STM32F4xx_HAL_Driver\Src\stm32f4xx_hal_rcc_ex.c 0x00000000   Number         0  stm32f4xx_hal_rcc_ex.o ABSOLUTE
    ..\Drivers\STM32F4xx_HAL_Driver\Src\stm32f4xx_hal_tim.c 0x00000000   Number         0  stm32f4xx_hal_tim.o ABSOLUTE
    ..\Drivers\STM32F4xx_HAL_Driver\Src\stm32f4xx_hal_tim_ex.c 0x00000000   Number         0  stm32f4xx_hal_tim_ex.o ABSOLUTE
    ..\Drivers\STM32F4xx_HAL_Driver\Src\stm32f4xx_hal_uart.c 0x00000000   Number         0  stm32f4xx_hal_uart.o ABSOLUTE
    ..\Hal\btn.c                             0x00000000   Number         0  btn.o ABSOLUTE
    ..\Package\multi_button.c                0x00000000   Number         0  multi_button.o ABSOLUTE
    ..\Variable\variable.c                   0x00000000   Number         0  variable.o ABSOLUTE
    ..\\Ctrl\\bldc.c                         0x00000000   Number         0  bldc.o ABSOLUTE
    ..\\Ctrl\\hall.c                         0x00000000   Number         0  hall.o ABSOLUTE
    ..\\Ctrl\\zero.c                         0x00000000   Number         0  zero.o ABSOLUTE
    ..\\Hal\\btn.c                           0x00000000   Number         0  btn.o ABSOLUTE
    cdrcmple.s                               0x00000000   Number         0  cdrcmple.o ABSOLUTE
    dc.s                                     0x00000000   Number         0  dc.o ABSOLUTE
    handlers.s                               0x00000000   Number         0  handlers.o ABSOLUTE
    init.s                                   0x00000000   Number         0  init.o ABSOLUTE
    startup_stm32f407xx.s                    0x00000000   Number         0  startup_stm32f407xx.o ABSOLUTE
    RESET                                    0x08000000   Section      392  startup_stm32f407xx.o(RESET)
    .ARM.Collect$$$$00000000                 0x08000188   Section        0  entry.o(.ARM.Collect$$$$00000000)
    .ARM.Collect$$$$00000001                 0x08000188   Section        4  entry2.o(.ARM.Collect$$$$00000001)
    .ARM.Collect$$$$00000004                 0x0800018c   Section        4  entry5.o(.ARM.Collect$$$$00000004)
    .ARM.Collect$$$$00000008                 0x08000190   Section        0  entry7b.o(.ARM.Collect$$$$00000008)
    .ARM.Collect$$$$0000000A                 0x08000190   Section        0  entry8b.o(.ARM.Collect$$$$0000000A)
    .ARM.Collect$$$$0000000B                 0x08000190   Section        8  entry9a.o(.ARM.Collect$$$$0000000B)
    .ARM.Collect$$$$0000000D                 0x08000198   Section        0  entry10a.o(.ARM.Collect$$$$0000000D)
    .ARM.Collect$$$$0000000F                 0x08000198   Section        0  entry11a.o(.ARM.Collect$$$$0000000F)
    .ARM.Collect$$$$00002712                 0x08000198   Section        4  entry2.o(.ARM.Collect$$$$00002712)
    __lit__00000000                          0x08000198   Data           4  entry2.o(.ARM.Collect$$$$00002712)
    .text                                    0x0800019c   Section       36  startup_stm32f407xx.o(.text)
    $v0                                      0x0800019c   Number         0  startup_stm32f407xx.o(.text)
    .text                                    0x080001c0   Section        0  uldiv.o(.text)
    .text                                    0x08000222   Section        0  memseta.o(.text)
    .text                                    0x08000246   Section        0  uidiv.o(.text)
    .text                                    0x08000272   Section        0  llshl.o(.text)
    .text                                    0x08000290   Section        0  llushr.o(.text)
    .text                                    0x080002b0   Section       36  init.o(.text)
    i.BtnInit                                0x080002d4   Section        0  btn.o(i.BtnInit)
    i.BusFault_Handler                       0x08000350   Section        0  stm32f4xx_it.o(i.BusFault_Handler)
    i.DebugMon_Handler                       0x08000352   Section        0  stm32f4xx_it.o(i.DebugMon_Handler)
    i.Error_Handler                          0x08000354   Section        0  main.o(i.Error_Handler)
    i.HAL_Delay                              0x08000358   Section        0  stm32f4xx_hal.o(i.HAL_Delay)
    i.HAL_GPIO_Init                          0x0800037c   Section        0  stm32f4xx_hal_gpio.o(i.HAL_GPIO_Init)
    i.HAL_GPIO_ReadPin                       0x0800056c   Section        0  stm32f4xx_hal_gpio.o(i.HAL_GPIO_ReadPin)
    i.HAL_GPIO_TogglePin                     0x08000576   Section        0  stm32f4xx_hal_gpio.o(i.HAL_GPIO_TogglePin)
    i.HAL_GPIO_WritePin                      0x08000586   Section        0  stm32f4xx_hal_gpio.o(i.HAL_GPIO_WritePin)
    i.HAL_GetTick                            0x08000590   Section        0  stm32f4xx_hal.o(i.HAL_GetTick)
    i.HAL_IncTick                            0x0800059c   Section        0  stm32f4xx_hal.o(i.HAL_IncTick)
    i.HAL_Init                               0x080005ac   Section        0  stm32f4xx_hal.o(i.HAL_Init)
    i.HAL_InitTick                           0x080005e0   Section        0  stm32f4xx_hal.o(i.HAL_InitTick)
    i.HAL_MspInit                            0x08000620   Section        0  stm32f4xx_hal_msp.o(i.HAL_MspInit)
    i.HAL_NVIC_EnableIRQ                     0x08000650   Section        0  stm32f4xx_hal_cortex.o(i.HAL_NVIC_EnableIRQ)
    i.HAL_NVIC_SetPriority                   0x0800066c   Section        0  stm32f4xx_hal_cortex.o(i.HAL_NVIC_SetPriority)
    i.HAL_NVIC_SetPriorityGrouping           0x080006ac   Section        0  stm32f4xx_hal_cortex.o(i.HAL_NVIC_SetPriorityGrouping)
    i.HAL_RCC_CSSCallback                    0x080006d0   Section        0  stm32f4xx_hal_rcc.o(i.HAL_RCC_CSSCallback)
    i.HAL_RCC_ClockConfig                    0x080006d4   Section        0  stm32f4xx_hal_rcc.o(i.HAL_RCC_ClockConfig)
    i.HAL_RCC_EnableCSS                      0x08000808   Section        0  stm32f4xx_hal_rcc.o(i.HAL_RCC_EnableCSS)
    i.HAL_RCC_GetPCLK1Freq                   0x08000814   Section        0  stm32f4xx_hal_rcc.o(i.HAL_RCC_GetPCLK1Freq)
    i.HAL_RCC_GetPCLK2Freq                   0x08000834   Section        0  stm32f4xx_hal_rcc.o(i.HAL_RCC_GetPCLK2Freq)
    i.HAL_RCC_GetSysClockFreq                0x08000854   Section        0  stm32f4xx_hal_rcc.o(i.HAL_RCC_GetSysClockFreq)
    i.HAL_RCC_NMI_IRQHandler                 0x080008b4   Section        0  stm32f4xx_hal_rcc.o(i.HAL_RCC_NMI_IRQHandler)
    i.HAL_RCC_OscConfig                      0x080008d0   Section        0  stm32f4xx_hal_rcc.o(i.HAL_RCC_OscConfig)
    i.HAL_SYSTICK_Config                     0x08000c3c   Section        0  stm32f4xx_hal_cortex.o(i.HAL_SYSTICK_Config)
    i.HAL_TIMEx_BreakCallback                0x08000c64   Section        0  stm32f4xx_hal_tim_ex.o(i.HAL_TIMEx_BreakCallback)
    i.HAL_TIMEx_CommutCallback               0x08000c66   Section        0  stm32f4xx_hal_tim_ex.o(i.HAL_TIMEx_CommutCallback)
    i.HAL_TIMEx_ConfigBreakDeadTime          0x08000c68   Section        0  stm32f4xx_hal_tim_ex.o(i.HAL_TIMEx_ConfigBreakDeadTime)
    i.HAL_TIMEx_MasterConfigSynchronization  0x08000cbc   Section        0  stm32f4xx_hal_tim_ex.o(i.HAL_TIMEx_MasterConfigSynchronization)
    i.HAL_TIM_Base_Init                      0x08000d4c   Section        0  stm32f4xx_hal_tim.o(i.HAL_TIM_Base_Init)
    i.HAL_TIM_Base_MspInit                   0x08000da8   Section        0  tim.o(i.HAL_TIM_Base_MspInit)
    i.HAL_TIM_Base_Start_IT                  0x08000e0c   Section        0  stm32f4xx_hal_tim.o(i.HAL_TIM_Base_Start_IT)
    i.HAL_TIM_ConfigClockSource              0x08000e8c   Section        0  stm32f4xx_hal_tim.o(i.HAL_TIM_ConfigClockSource)
    i.HAL_TIM_IC_CaptureCallback             0x08000f68   Section        0  stm32f4xx_hal_tim.o(i.HAL_TIM_IC_CaptureCallback)
    i.HAL_TIM_IRQHandler                     0x08000f6a   Section        0  stm32f4xx_hal_tim.o(i.HAL_TIM_IRQHandler)
    i.HAL_TIM_MspPostInit                    0x080010d0   Section        0  tim.o(i.HAL_TIM_MspPostInit)
    i.HAL_TIM_OC_DelayElapsedCallback        0x08001124   Section        0  stm32f4xx_hal_tim.o(i.HAL_TIM_OC_DelayElapsedCallback)
    i.HAL_TIM_PWM_ConfigChannel              0x08001126   Section        0  stm32f4xx_hal_tim.o(i.HAL_TIM_PWM_ConfigChannel)
    i.HAL_TIM_PWM_Init                       0x080011f2   Section        0  stm32f4xx_hal_tim.o(i.HAL_TIM_PWM_Init)
    i.HAL_TIM_PWM_MspInit                    0x0800124c   Section        0  stm32f4xx_hal_tim.o(i.HAL_TIM_PWM_MspInit)
    i.HAL_TIM_PWM_PulseFinishedCallback      0x0800124e   Section        0  stm32f4xx_hal_tim.o(i.HAL_TIM_PWM_PulseFinishedCallback)
    i.HAL_TIM_PWM_Start                      0x08001250   Section        0  stm32f4xx_hal_tim.o(i.HAL_TIM_PWM_Start)
    i.HAL_TIM_PWM_Stop                       0x08001318   Section        0  stm32f4xx_hal_tim.o(i.HAL_TIM_PWM_Stop)
    i.HAL_TIM_PeriodElapsedCallback          0x08001394   Section        0  main.o(i.HAL_TIM_PeriodElapsedCallback)
    i.HAL_TIM_TriggerCallback                0x080013e4   Section        0  stm32f4xx_hal_tim.o(i.HAL_TIM_TriggerCallback)
    i.HAL_UART_Init                          0x080013e6   Section        0  stm32f4xx_hal_uart.o(i.HAL_UART_Init)
    i.HAL_UART_MspInit                       0x08001448   Section        0  usart.o(i.HAL_UART_MspInit)
    i.HAL_UART_Transmit                      0x080014b0   Section        0  stm32f4xx_hal_uart.o(i.HAL_UART_Transmit)
    i.HallLessOperation                      0x08001564   Section        0  zero.o(i.HallLessOperation)
    i.HardFault_Handler                      0x080016d8   Section        0  stm32f4xx_it.o(i.HardFault_Handler)
    i.Key0_CB                                0x080016dc   Section        0  btn.o(i.Key0_CB)
    i.Key1_CB                                0x08001744   Section        0  btn.o(i.Key1_CB)
    i.Key2_CB                                0x080017ac   Section        0  btn.o(i.Key2_CB)
    i.MX_GPIO_Init                           0x080017dc   Section        0  gpio.o(i.MX_GPIO_Init)
    i.MX_TIM1_Init                           0x080018d8   Section        0  tim.o(i.MX_TIM1_Init)
    i.MX_TIM2_Init                           0x080019c0   Section        0  tim.o(i.MX_TIM2_Init)
    i.MX_USART1_UART_Init                    0x08001a28   Section        0  usart.o(i.MX_USART1_UART_Init)
    i.MemManage_Handler                      0x08001a60   Section        0  stm32f4xx_it.o(i.MemManage_Handler)
    i.NMI_Handler                            0x08001a62   Section        0  stm32f4xx_it.o(i.NMI_Handler)
    i.PendSV_Handler                         0x08001a68   Section        0  stm32f4xx_it.o(i.PendSV_Handler)
    i.ReadKey0                               0x08001a6c   Section        0  btn.o(i.ReadKey0)
    ReadKey0                                 0x08001a6d   Thumb Code     8  btn.o(i.ReadKey0)
    i.ReadKey1                               0x08001a78   Section        0  btn.o(i.ReadKey1)
    ReadKey1                                 0x08001a79   Thumb Code     8  btn.o(i.ReadKey1)
    i.ReadKey2                               0x08001a84   Section        0  btn.o(i.ReadKey2)
    ReadKey2                                 0x08001a85   Thumb Code     8  btn.o(i.ReadKey2)
    i.SVC_Handler                            0x08001a90   Section        0  stm32f4xx_it.o(i.SVC_Handler)
    i.SimpleOpenChangeVoltage                0x08001a94   Section        0  zero.o(i.SimpleOpenChangeVoltage)
    i.SimpleOpenLoopSixStepLoop              0x08001af0   Section        0  zero.o(i.SimpleOpenLoopSixStepLoop)
    i.SimpleOpenSixStepOperation             0x08001b88   Section        0  zero.o(i.SimpleOpenSixStepOperation)
    i.StartMotor                             0x08001bb8   Section        0  bldc.o(i.StartMotor)
    i.StopMotor                              0x08001bf0   Section        0  bldc.o(i.StopMotor)
    i.SysTick_Handler                        0x08001c60   Section        0  stm32f4xx_it.o(i.SysTick_Handler)
    i.SystemClock_Config                     0x08001c64   Section        0  main.o(i.SystemClock_Config)
    i.SystemInit                             0x08001cf8   Section        0  system_stm32f4xx.o(i.SystemInit)
    i.TIM1_UP_TIM10_IRQHandler               0x08001d08   Section        0  stm32f4xx_it.o(i.TIM1_UP_TIM10_IRQHandler)
    i.TIM2_IRQHandler                        0x08001d14   Section        0  stm32f4xx_it.o(i.TIM2_IRQHandler)
    i.TIM_Base_SetConfig                     0x08001d20   Section        0  stm32f4xx_hal_tim.o(i.TIM_Base_SetConfig)
    i.TIM_CCxChannelCmd                      0x08001de8   Section        0  stm32f4xx_hal_tim.o(i.TIM_CCxChannelCmd)
    i.TIM_ETR_SetConfig                      0x08001e02   Section        0  stm32f4xx_hal_tim.o(i.TIM_ETR_SetConfig)
    i.TIM_ITRx_SetConfig                     0x08001e16   Section        0  stm32f4xx_hal_tim.o(i.TIM_ITRx_SetConfig)
    TIM_ITRx_SetConfig                       0x08001e17   Thumb Code    16  stm32f4xx_hal_tim.o(i.TIM_ITRx_SetConfig)
    i.TIM_OC1_SetConfig                      0x08001e28   Section        0  stm32f4xx_hal_tim.o(i.TIM_OC1_SetConfig)
    TIM_OC1_SetConfig                        0x08001e29   Thumb Code    88  stm32f4xx_hal_tim.o(i.TIM_OC1_SetConfig)
    i.TIM_OC2_SetConfig                      0x08001e88   Section        0  stm32f4xx_hal_tim.o(i.TIM_OC2_SetConfig)
    i.TIM_OC3_SetConfig                      0x08001ef4   Section        0  stm32f4xx_hal_tim.o(i.TIM_OC3_SetConfig)
    TIM_OC3_SetConfig                        0x08001ef5   Thumb Code    96  stm32f4xx_hal_tim.o(i.TIM_OC3_SetConfig)
    i.TIM_OC4_SetConfig                      0x08001f5c   Section        0  stm32f4xx_hal_tim.o(i.TIM_OC4_SetConfig)
    TIM_OC4_SetConfig                        0x08001f5d   Thumb Code    70  stm32f4xx_hal_tim.o(i.TIM_OC4_SetConfig)
    i.TIM_TI1_ConfigInputStage               0x08001fac   Section        0  stm32f4xx_hal_tim.o(i.TIM_TI1_ConfigInputStage)
    TIM_TI1_ConfigInputStage                 0x08001fad   Thumb Code    34  stm32f4xx_hal_tim.o(i.TIM_TI1_ConfigInputStage)
    i.TIM_TI2_ConfigInputStage               0x08001fce   Section        0  stm32f4xx_hal_tim.o(i.TIM_TI2_ConfigInputStage)
    TIM_TI2_ConfigInputStage                 0x08001fcf   Thumb Code    36  stm32f4xx_hal_tim.o(i.TIM_TI2_ConfigInputStage)
    i.UART_SetConfig                         0x08001ff4   Section        0  stm32f4xx_hal_uart.o(i.UART_SetConfig)
    UART_SetConfig                           0x08001ff5   Thumb Code   258  stm32f4xx_hal_uart.o(i.UART_SetConfig)
    i.UART_WaitOnFlagUntilTimeout            0x08002100   Section        0  stm32f4xx_hal_uart.o(i.UART_WaitOnFlagUntilTimeout)
    UART_WaitOnFlagUntilTimeout              0x08002101   Thumb Code   120  stm32f4xx_hal_uart.o(i.UART_WaitOnFlagUntilTimeout)
    i.UmefEdge                               0x08002178   Section        0  zero.o(i.UmefEdge)
    i.UphaseH_VphaseL                        0x08002194   Section        0  bldc.o(i.UphaseH_VphaseL)
    i.UphaseH_WphaseL                        0x080021d8   Section        0  bldc.o(i.UphaseH_WphaseL)
    i.UsageFault_Handler                     0x0800221c   Section        0  stm32f4xx_it.o(i.UsageFault_Handler)
    i.VariableInit                           0x08002220   Section        0  variable.o(i.VariableInit)
    i.VphaseH_UphaseL                        0x08002238   Section        0  bldc.o(i.VphaseH_UphaseL)
    i.VphaseH_WphaseL                        0x0800227c   Section        0  bldc.o(i.VphaseH_WphaseL)
    i.WphaseH_UphaseL                        0x080022c0   Section        0  bldc.o(i.WphaseH_UphaseL)
    i.WphaseH_VpahseL                        0x08002304   Section        0  bldc.o(i.WphaseH_VpahseL)
    i.__0printf$1                            0x08002348   Section        0  printf1.o(i.__0printf$1)
    i.__NVIC_SetPriority                     0x08002368   Section        0  stm32f4xx_hal_cortex.o(i.__NVIC_SetPriority)
    __NVIC_SetPriority                       0x08002369   Thumb Code    32  stm32f4xx_hal_cortex.o(i.__NVIC_SetPriority)
    i.__scatterload_copy                     0x08002388   Section       14  handlers.o(i.__scatterload_copy)
    i.__scatterload_null                     0x08002396   Section        2  handlers.o(i.__scatterload_null)
    i.__scatterload_zeroinit                 0x08002398   Section       14  handlers.o(i.__scatterload_zeroinit)
    i._printf_core                           0x080023a8   Section        0  printf1.o(i._printf_core)
    _printf_core                             0x080023a9   Thumb Code   336  printf1.o(i._printf_core)
    i.button_attach                          0x080024fc   Section        0  multi_button.o(i.button_attach)
    i.button_handler                         0x08002504   Section        0  multi_button.o(i.button_handler)
    i.button_init                            0x080026b6   Section        0  multi_button.o(i.button_init)
    i.button_start                           0x080026e4   Section        0  multi_button.o(i.button_start)
    i.button_ticks                           0x08002708   Section        0  multi_button.o(i.button_ticks)
    i.fputc                                  0x08002724   Section        0  main.o(i.fputc)
    i.get_button_event                       0x0800273c   Section        0  multi_button.o(i.get_button_event)
    i.main                                   0x08002744   Section        0  main.o(i.main)
    .constdata                               0x08002788   Section       16  system_stm32f4xx.o(.constdata)
    .constdata                               0x08002798   Section        8  system_stm32f4xx.o(.constdata)
    .data                                    0x20000000   Section        4  main.o(.data)
    count                                    0x20000000   Data           4  main.o(.data)
    .data                                    0x20000004   Section       12  stm32f4xx_hal.o(.data)
    .data                                    0x20000010   Section        4  system_stm32f4xx.o(.data)
    .data                                    0x20000014   Section       24  bldc.o(.data)
    .data                                    0x2000002c   Section       24  bldc.o(.data)
    .data                                    0x20000044   Section       16  zero.o(.data)
    oldval                                   0x20000045   Data           1  zero.o(.data)
    edgeFlag                                 0x20000046   Data           1  zero.o(.data)
    filterCount                              0x20000050   Data           4  zero.o(.data)
    .data                                    0x20000054   Section        4  multi_button.o(.data)
    head_handle                              0x20000054   Data           4  multi_button.o(.data)
    .data                                    0x20000058   Section        4  btn.o(.data)
    .data                                    0x2000005c   Section        4  stdout.o(.data)
    .bss                                     0x20000060   Section      144  tim.o(.bss)
    .bss                                     0x200000f0   Section       68  usart.o(.bss)
    .bss                                     0x20000134   Section       46  zero.o(.bss)
    .bss                                     0x20000164   Section       12  variable.o(.bss)
    .bss                                     0x20000170   Section      120  btn.o(.bss)
    key0                                     0x20000170   Data          40  btn.o(.bss)
    key1                                     0x20000198   Data          40  btn.o(.bss)
    key2                                     0x200001c0   Data          40  btn.o(.bss)
    STACK                                    0x200001e8   Section     1024  startup_stm32f407xx.o(STACK)

    Global Symbols

    Symbol Name                              Value     Ov Type        Size  Object(Section)

    BuildAttributes$$THM_ISAv4$E$P$D$K$B$S$7EM$VFPi3$EXTD16$VFPS$VFMA$PE$A:L22UL41UL21$X:L11$S22US41US21$IEEE1$IW$USESV6$~STKCKD$USESV7$~SHL$OSPACE$ROPI$EBA8$MICROLIB$REQ8$PRES8$EABIv2 0x00000000   Number         0  anon$$obj.o ABSOLUTE
    __ARM_use_no_argv                        0x00000000   Number         0  main.o ABSOLUTE
    _printf_a                                0x00000000   Number         0  stubs.o ABSOLUTE
    _printf_c                                0x00000000   Number         0  stubs.o ABSOLUTE
    _printf_charcount                        0x00000000   Number         0  stubs.o ABSOLUTE
    _printf_d                                0x00000000   Number         0  stubs.o ABSOLUTE
    _printf_e                                0x00000000   Number         0  stubs.o ABSOLUTE
    _printf_f                                0x00000000   Number         0  stubs.o ABSOLUTE
    _printf_flags                            0x00000000   Number         0  stubs.o ABSOLUTE
    _printf_fp_dec                           0x00000000   Number         0  stubs.o ABSOLUTE
    _printf_fp_hex                           0x00000000   Number         0  stubs.o ABSOLUTE
    _printf_g                                0x00000000   Number         0  stubs.o ABSOLUTE
    _printf_i                                0x00000000   Number         0  stubs.o ABSOLUTE
    _printf_int_dec                          0x00000000   Number         0  stubs.o ABSOLUTE
    _printf_l                                0x00000000   Number         0  stubs.o ABSOLUTE
    _printf_lc                               0x00000000   Number         0  stubs.o ABSOLUTE
    _printf_ll                               0x00000000   Number         0  stubs.o ABSOLUTE
    _printf_lld                              0x00000000   Number         0  stubs.o ABSOLUTE
    _printf_lli                              0x00000000   Number         0  stubs.o ABSOLUTE
    _printf_llo                              0x00000000   Number         0  stubs.o ABSOLUTE
    _printf_llu                              0x00000000   Number         0  stubs.o ABSOLUTE
    _printf_llx                              0x00000000   Number         0  stubs.o ABSOLUTE
    _printf_longlong_dec                     0x00000000   Number         0  stubs.o ABSOLUTE
    _printf_longlong_hex                     0x00000000   Number         0  stubs.o ABSOLUTE
    _printf_longlong_oct                     0x00000000   Number         0  stubs.o ABSOLUTE
    _printf_ls                               0x00000000   Number         0  stubs.o ABSOLUTE
    _printf_mbtowc                           0x00000000   Number         0  stubs.o ABSOLUTE
    _printf_n                                0x00000000   Number         0  stubs.o ABSOLUTE
    _printf_o                                0x00000000   Number         0  stubs.o ABSOLUTE
    _printf_p                                0x00000000   Number         0  stubs.o ABSOLUTE
    _printf_percent                          0x00000000   Number         0  stubs.o ABSOLUTE
    _printf_pre_padding                      0x00000000   Number         0  stubs.o ABSOLUTE
    _printf_return_value                     0x00000000   Number         0  stubs.o ABSOLUTE
    _printf_s                                0x00000000   Number         0  stubs.o ABSOLUTE
    _printf_sizespec                         0x00000000   Number         0  stubs.o ABSOLUTE
    _printf_str                              0x00000000   Number         0  stubs.o ABSOLUTE
    _printf_truncate_signed                  0x00000000   Number         0  stubs.o ABSOLUTE
    _printf_truncate_unsigned                0x00000000   Number         0  stubs.o ABSOLUTE
    _printf_u                                0x00000000   Number         0  stubs.o ABSOLUTE
    _printf_wc                               0x00000000   Number         0  stubs.o ABSOLUTE
    _printf_wctomb                           0x00000000   Number         0  stubs.o ABSOLUTE
    _printf_widthprec                        0x00000000   Number         0  stubs.o ABSOLUTE
    _printf_x                                0x00000000   Number         0  stubs.o ABSOLUTE
    __cpp_initialize__aeabi_                  - Undefined Weak Reference
    __cxa_finalize                            - Undefined Weak Reference
    __decompress                              - Undefined Weak Reference
    _clock_init                               - Undefined Weak Reference
    _microlib_exit                            - Undefined Weak Reference
    __Vectors_Size                           0x00000188   Number         0  startup_stm32f407xx.o ABSOLUTE
    __Vectors                                0x08000000   Data           4  startup_stm32f407xx.o(RESET)
    __Vectors_End                            0x08000188   Data           0  startup_stm32f407xx.o(RESET)
    __main                                   0x08000189   Thumb Code     0  entry.o(.ARM.Collect$$$$00000000)
    _main_stk                                0x08000189   Thumb Code     0  entry2.o(.ARM.Collect$$$$00000001)
    _main_scatterload                        0x0800018d   Thumb Code     0  entry5.o(.ARM.Collect$$$$00000004)
    __main_after_scatterload                 0x08000191   Thumb Code     0  entry5.o(.ARM.Collect$$$$00000004)
    _main_clock                              0x08000191   Thumb Code     0  entry7b.o(.ARM.Collect$$$$00000008)
    _main_cpp_init                           0x08000191   Thumb Code     0  entry8b.o(.ARM.Collect$$$$0000000A)
    _main_init                               0x08000191   Thumb Code     0  entry9a.o(.ARM.Collect$$$$0000000B)
    __rt_final_cpp                           0x08000199   Thumb Code     0  entry10a.o(.ARM.Collect$$$$0000000D)
    __rt_final_exit                          0x08000199   Thumb Code     0  entry11a.o(.ARM.Collect$$$$0000000F)
    Reset_Handler                            0x0800019d   Thumb Code     8  startup_stm32f407xx.o(.text)
    ADC_IRQHandler                           0x080001b7   Thumb Code     0  startup_stm32f407xx.o(.text)
    CAN1_RX0_IRQHandler                      0x080001b7   Thumb Code     0  startup_stm32f407xx.o(.text)
    CAN1_RX1_IRQHandler                      0x080001b7   Thumb Code     0  startup_stm32f407xx.o(.text)
    CAN1_SCE_IRQHandler                      0x080001b7   Thumb Code     0  startup_stm32f407xx.o(.text)
    CAN1_TX_IRQHandler                       0x080001b7   Thumb Code     0  startup_stm32f407xx.o(.text)
    CAN2_RX0_IRQHandler                      0x080001b7   Thumb Code     0  startup_stm32f407xx.o(.text)
    CAN2_RX1_IRQHandler                      0x080001b7   Thumb Code     0  startup_stm32f407xx.o(.text)
    CAN2_SCE_IRQHandler                      0x080001b7   Thumb Code     0  startup_stm32f407xx.o(.text)
    CAN2_TX_IRQHandler                       0x080001b7   Thumb Code     0  startup_stm32f407xx.o(.text)
    DCMI_IRQHandler                          0x080001b7   Thumb Code     0  startup_stm32f407xx.o(.text)
    DMA1_Stream0_IRQHandler                  0x080001b7   Thumb Code     0  startup_stm32f407xx.o(.text)
    DMA1_Stream1_IRQHandler                  0x080001b7   Thumb Code     0  startup_stm32f407xx.o(.text)
    DMA1_Stream2_IRQHandler                  0x080001b7   Thumb Code     0  startup_stm32f407xx.o(.text)
    DMA1_Stream3_IRQHandler                  0x080001b7   Thumb Code     0  startup_stm32f407xx.o(.text)
    DMA1_Stream4_IRQHandler                  0x080001b7   Thumb Code     0  startup_stm32f407xx.o(.text)
    DMA1_Stream5_IRQHandler                  0x080001b7   Thumb Code     0  startup_stm32f407xx.o(.text)
    DMA1_Stream6_IRQHandler                  0x080001b7   Thumb Code     0  startup_stm32f407xx.o(.text)
    DMA1_Stream7_IRQHandler                  0x080001b7   Thumb Code     0  startup_stm32f407xx.o(.text)
    DMA2_Stream0_IRQHandler                  0x080001b7   Thumb Code     0  startup_stm32f407xx.o(.text)
    DMA2_Stream1_IRQHandler                  0x080001b7   Thumb Code     0  startup_stm32f407xx.o(.text)
    DMA2_Stream2_IRQHandler                  0x080001b7   Thumb Code     0  startup_stm32f407xx.o(.text)
    DMA2_Stream3_IRQHandler                  0x080001b7   Thumb Code     0  startup_stm32f407xx.o(.text)
    DMA2_Stream4_IRQHandler                  0x080001b7   Thumb Code     0  startup_stm32f407xx.o(.text)
    DMA2_Stream5_IRQHandler                  0x080001b7   Thumb Code     0  startup_stm32f407xx.o(.text)
    DMA2_Stream6_IRQHandler                  0x080001b7   Thumb Code     0  startup_stm32f407xx.o(.text)
    DMA2_Stream7_IRQHandler                  0x080001b7   Thumb Code     0  startup_stm32f407xx.o(.text)
    ETH_IRQHandler                           0x080001b7   Thumb Code     0  startup_stm32f407xx.o(.text)
    ETH_WKUP_IRQHandler                      0x080001b7   Thumb Code     0  startup_stm32f407xx.o(.text)
    EXTI0_IRQHandler                         0x080001b7   Thumb Code     0  startup_stm32f407xx.o(.text)
    EXTI15_10_IRQHandler                     0x080001b7   Thumb Code     0  startup_stm32f407xx.o(.text)
    EXTI1_IRQHandler                         0x080001b7   Thumb Code     0  startup_stm32f407xx.o(.text)
    EXTI2_IRQHandler                         0x080001b7   Thumb Code     0  startup_stm32f407xx.o(.text)
    EXTI3_IRQHandler                         0x080001b7   Thumb Code     0  startup_stm32f407xx.o(.text)
    EXTI4_IRQHandler                         0x080001b7   Thumb Code     0  startup_stm32f407xx.o(.text)
    EXTI9_5_IRQHandler                       0x080001b7   Thumb Code     0  startup_stm32f407xx.o(.text)
    FLASH_IRQHandler                         0x080001b7   Thumb Code     0  startup_stm32f407xx.o(.text)
    FMC_IRQHandler                           0x080001b7   Thumb Code     0  startup_stm32f407xx.o(.text)
    FPU_IRQHandler                           0x080001b7   Thumb Code     0  startup_stm32f407xx.o(.text)
    HASH_RNG_IRQHandler                      0x080001b7   Thumb Code     0  startup_stm32f407xx.o(.text)
    I2C1_ER_IRQHandler                       0x080001b7   Thumb Code     0  startup_stm32f407xx.o(.text)
    I2C1_EV_IRQHandler                       0x080001b7   Thumb Code     0  startup_stm32f407xx.o(.text)
    I2C2_ER_IRQHandler                       0x080001b7   Thumb Code     0  startup_stm32f407xx.o(.text)
    I2C2_EV_IRQHandler                       0x080001b7   Thumb Code     0  startup_stm32f407xx.o(.text)
    I2C3_ER_IRQHandler                       0x080001b7   Thumb Code     0  startup_stm32f407xx.o(.text)
    I2C3_EV_IRQHandler                       0x080001b7   Thumb Code     0  startup_stm32f407xx.o(.text)
    OTG_FS_IRQHandler                        0x080001b7   Thumb Code     0  startup_stm32f407xx.o(.text)
    OTG_FS_WKUP_IRQHandler                   0x080001b7   Thumb Code     0  startup_stm32f407xx.o(.text)
    OTG_HS_EP1_IN_IRQHandler                 0x080001b7   Thumb Code     0  startup_stm32f407xx.o(.text)
    OTG_HS_EP1_OUT_IRQHandler                0x080001b7   Thumb Code     0  startup_stm32f407xx.o(.text)
    OTG_HS_IRQHandler                        0x080001b7   Thumb Code     0  startup_stm32f407xx.o(.text)
    OTG_HS_WKUP_IRQHandler                   0x080001b7   Thumb Code     0  startup_stm32f407xx.o(.text)
    PVD_IRQHandler                           0x080001b7   Thumb Code     0  startup_stm32f407xx.o(.text)
    RCC_IRQHandler                           0x080001b7   Thumb Code     0  startup_stm32f407xx.o(.text)
    RTC_Alarm_IRQHandler                     0x080001b7   Thumb Code     0  startup_stm32f407xx.o(.text)
    RTC_WKUP_IRQHandler                      0x080001b7   Thumb Code     0  startup_stm32f407xx.o(.text)
    SDIO_IRQHandler                          0x080001b7   Thumb Code     0  startup_stm32f407xx.o(.text)
    SPI1_IRQHandler                          0x080001b7   Thumb Code     0  startup_stm32f407xx.o(.text)
    SPI2_IRQHandler                          0x080001b7   Thumb Code     0  startup_stm32f407xx.o(.text)
    SPI3_IRQHandler                          0x080001b7   Thumb Code     0  startup_stm32f407xx.o(.text)
    TAMP_STAMP_IRQHandler                    0x080001b7   Thumb Code     0  startup_stm32f407xx.o(.text)
    TIM1_BRK_TIM9_IRQHandler                 0x080001b7   Thumb Code     0  startup_stm32f407xx.o(.text)
    TIM1_CC_IRQHandler                       0x080001b7   Thumb Code     0  startup_stm32f407xx.o(.text)
    TIM1_TRG_COM_TIM11_IRQHandler            0x080001b7   Thumb Code     0  startup_stm32f407xx.o(.text)
    TIM3_IRQHandler                          0x080001b7   Thumb Code     0  startup_stm32f407xx.o(.text)
    TIM4_IRQHandler                          0x080001b7   Thumb Code     0  startup_stm32f407xx.o(.text)
    TIM5_IRQHandler                          0x080001b7   Thumb Code     0  startup_stm32f407xx.o(.text)
    TIM6_DAC_IRQHandler                      0x080001b7   Thumb Code     0  startup_stm32f407xx.o(.text)
    TIM7_IRQHandler                          0x080001b7   Thumb Code     0  startup_stm32f407xx.o(.text)
    TIM8_BRK_TIM12_IRQHandler                0x080001b7   Thumb Code     0  startup_stm32f407xx.o(.text)
    TIM8_CC_IRQHandler                       0x080001b7   Thumb Code     0  startup_stm32f407xx.o(.text)
    TIM8_TRG_COM_TIM14_IRQHandler            0x080001b7   Thumb Code     0  startup_stm32f407xx.o(.text)
    TIM8_UP_TIM13_IRQHandler                 0x080001b7   Thumb Code     0  startup_stm32f407xx.o(.text)
    UART4_IRQHandler                         0x080001b7   Thumb Code     0  startup_stm32f407xx.o(.text)
    UART5_IRQHandler                         0x080001b7   Thumb Code     0  startup_stm32f407xx.o(.text)
    USART1_IRQHandler                        0x080001b7   Thumb Code     0  startup_stm32f407xx.o(.text)
    USART2_IRQHandler                        0x080001b7   Thumb Code     0  startup_stm32f407xx.o(.text)
    USART3_IRQHandler                        0x080001b7   Thumb Code     0  startup_stm32f407xx.o(.text)
    USART6_IRQHandler                        0x080001b7   Thumb Code     0  startup_stm32f407xx.o(.text)
    WWDG_IRQHandler                          0x080001b7   Thumb Code     0  startup_stm32f407xx.o(.text)
    __aeabi_uldivmod                         0x080001c1   Thumb Code    98  uldiv.o(.text)
    __aeabi_memset                           0x08000223   Thumb Code    14  memseta.o(.text)
    __aeabi_memset4                          0x08000223   Thumb Code     0  memseta.o(.text)
    __aeabi_memset8                          0x08000223   Thumb Code     0  memseta.o(.text)
    __aeabi_memclr                           0x08000231   Thumb Code     4  memseta.o(.text)
    __aeabi_memclr4                          0x08000231   Thumb Code     0  memseta.o(.text)
    __aeabi_memclr8                          0x08000231   Thumb Code     0  memseta.o(.text)
    _memset$wrapper                          0x08000235   Thumb Code    18  memseta.o(.text)
    __aeabi_uidiv                            0x08000247   Thumb Code     0  uidiv.o(.text)
    __aeabi_uidivmod                         0x08000247   Thumb Code    44  uidiv.o(.text)
    __aeabi_llsl                             0x08000273   Thumb Code    30  llshl.o(.text)
    _ll_shift_l                              0x08000273   Thumb Code     0  llshl.o(.text)
    __aeabi_llsr                             0x08000291   Thumb Code    32  llushr.o(.text)
    _ll_ushift_r                             0x08000291   Thumb Code     0  llushr.o(.text)
    __scatterload                            0x080002b1   Thumb Code    28  init.o(.text)
    __scatterload_rt2                        0x080002b1   Thumb Code     0  init.o(.text)
    BtnInit                                  0x080002d5   Thumb Code    96  btn.o(i.BtnInit)
    BusFault_Handler                         0x08000351   Thumb Code     2  stm32f4xx_it.o(i.BusFault_Handler)
    DebugMon_Handler                         0x08000353   Thumb Code     2  stm32f4xx_it.o(i.DebugMon_Handler)
    Error_Handler                            0x08000355   Thumb Code     4  main.o(i.Error_Handler)
    HAL_Delay                                0x08000359   Thumb Code    32  stm32f4xx_hal.o(i.HAL_Delay)
    HAL_GPIO_Init                            0x0800037d   Thumb Code   450  stm32f4xx_hal_gpio.o(i.HAL_GPIO_Init)
    HAL_GPIO_ReadPin                         0x0800056d   Thumb Code    10  stm32f4xx_hal_gpio.o(i.HAL_GPIO_ReadPin)
    HAL_GPIO_TogglePin                       0x08000577   Thumb Code    16  stm32f4xx_hal_gpio.o(i.HAL_GPIO_TogglePin)
    HAL_GPIO_WritePin                        0x08000587   Thumb Code    10  stm32f4xx_hal_gpio.o(i.HAL_GPIO_WritePin)
    HAL_GetTick                              0x08000591   Thumb Code     6  stm32f4xx_hal.o(i.HAL_GetTick)
    HAL_IncTick                              0x0800059d   Thumb Code    12  stm32f4xx_hal.o(i.HAL_IncTick)
    HAL_Init                                 0x080005ad   Thumb Code    48  stm32f4xx_hal.o(i.HAL_Init)
    HAL_InitTick                             0x080005e1   Thumb Code    54  stm32f4xx_hal.o(i.HAL_InitTick)
    HAL_MspInit                              0x08000621   Thumb Code    42  stm32f4xx_hal_msp.o(i.HAL_MspInit)
    HAL_NVIC_EnableIRQ                       0x08000651   Thumb Code    26  stm32f4xx_hal_cortex.o(i.HAL_NVIC_EnableIRQ)
    HAL_NVIC_SetPriority                     0x0800066d   Thumb Code    60  stm32f4xx_hal_cortex.o(i.HAL_NVIC_SetPriority)
    HAL_NVIC_SetPriorityGrouping             0x080006ad   Thumb Code    26  stm32f4xx_hal_cortex.o(i.HAL_NVIC_SetPriorityGrouping)
    HAL_RCC_CSSCallback                      0x080006d1   Thumb Code     2  stm32f4xx_hal_rcc.o(i.HAL_RCC_CSSCallback)
    HAL_RCC_ClockConfig                      0x080006d5   Thumb Code   288  stm32f4xx_hal_rcc.o(i.HAL_RCC_ClockConfig)
    HAL_RCC_EnableCSS                        0x08000809   Thumb Code     8  stm32f4xx_hal_rcc.o(i.HAL_RCC_EnableCSS)
    HAL_RCC_GetPCLK1Freq                     0x08000815   Thumb Code    20  stm32f4xx_hal_rcc.o(i.HAL_RCC_GetPCLK1Freq)
    HAL_RCC_GetPCLK2Freq                     0x08000835   Thumb Code    20  stm32f4xx_hal_rcc.o(i.HAL_RCC_GetPCLK2Freq)
    HAL_RCC_GetSysClockFreq                  0x08000855   Thumb Code    88  stm32f4xx_hal_rcc.o(i.HAL_RCC_GetSysClockFreq)
    HAL_RCC_NMI_IRQHandler                   0x080008b5   Thumb Code    24  stm32f4xx_hal_rcc.o(i.HAL_RCC_NMI_IRQHandler)
    HAL_RCC_OscConfig                        0x080008d1   Thumb Code   856  stm32f4xx_hal_rcc.o(i.HAL_RCC_OscConfig)
    HAL_SYSTICK_Config                       0x08000c3d   Thumb Code    40  stm32f4xx_hal_cortex.o(i.HAL_SYSTICK_Config)
    HAL_TIMEx_BreakCallback                  0x08000c65   Thumb Code     2  stm32f4xx_hal_tim_ex.o(i.HAL_TIMEx_BreakCallback)
    HAL_TIMEx_CommutCallback                 0x08000c67   Thumb Code     2  stm32f4xx_hal_tim_ex.o(i.HAL_TIMEx_CommutCallback)
    HAL_TIMEx_ConfigBreakDeadTime            0x08000c69   Thumb Code    84  stm32f4xx_hal_tim_ex.o(i.HAL_TIMEx_ConfigBreakDeadTime)
    HAL_TIMEx_MasterConfigSynchronization    0x08000cbd   Thumb Code   116  stm32f4xx_hal_tim_ex.o(i.HAL_TIMEx_MasterConfigSynchronization)
    HAL_TIM_Base_Init                        0x08000d4d   Thumb Code    90  stm32f4xx_hal_tim.o(i.HAL_TIM_Base_Init)
    HAL_TIM_Base_MspInit                     0x08000da9   Thumb Code    90  tim.o(i.HAL_TIM_Base_MspInit)
    HAL_TIM_Base_Start_IT                    0x08000e0d   Thumb Code   100  stm32f4xx_hal_tim.o(i.HAL_TIM_Base_Start_IT)
    HAL_TIM_ConfigClockSource                0x08000e8d   Thumb Code   220  stm32f4xx_hal_tim.o(i.HAL_TIM_ConfigClockSource)
    HAL_TIM_IC_CaptureCallback               0x08000f69   Thumb Code     2  stm32f4xx_hal_tim.o(i.HAL_TIM_IC_CaptureCallback)
    HAL_TIM_IRQHandler                       0x08000f6b   Thumb Code   358  stm32f4xx_hal_tim.o(i.HAL_TIM_IRQHandler)
    HAL_TIM_MspPostInit                      0x080010d1   Thumb Code    72  tim.o(i.HAL_TIM_MspPostInit)
    HAL_TIM_OC_DelayElapsedCallback          0x08001125   Thumb Code     2  stm32f4xx_hal_tim.o(i.HAL_TIM_OC_DelayElapsedCallback)
    HAL_TIM_PWM_ConfigChannel                0x08001127   Thumb Code   204  stm32f4xx_hal_tim.o(i.HAL_TIM_PWM_ConfigChannel)
    HAL_TIM_PWM_Init                         0x080011f3   Thumb Code    90  stm32f4xx_hal_tim.o(i.HAL_TIM_PWM_Init)
    HAL_TIM_PWM_MspInit                      0x0800124d   Thumb Code     2  stm32f4xx_hal_tim.o(i.HAL_TIM_PWM_MspInit)
    HAL_TIM_PWM_PulseFinishedCallback        0x0800124f   Thumb Code     2  stm32f4xx_hal_tim.o(i.HAL_TIM_PWM_PulseFinishedCallback)
    HAL_TIM_PWM_Start                        0x08001251   Thumb Code   172  stm32f4xx_hal_tim.o(i.HAL_TIM_PWM_Start)
    HAL_TIM_PWM_Stop                         0x08001319   Thumb Code   114  stm32f4xx_hal_tim.o(i.HAL_TIM_PWM_Stop)
    HAL_TIM_PeriodElapsedCallback            0x08001395   Thumb Code    62  main.o(i.HAL_TIM_PeriodElapsedCallback)
    HAL_TIM_TriggerCallback                  0x080013e5   Thumb Code     2  stm32f4xx_hal_tim.o(i.HAL_TIM_TriggerCallback)
    HAL_UART_Init                            0x080013e7   Thumb Code    98  stm32f4xx_hal_uart.o(i.HAL_UART_Init)
    HAL_UART_MspInit                         0x08001449   Thumb Code    92  usart.o(i.HAL_UART_MspInit)
    HAL_UART_Transmit                        0x080014b1   Thumb Code   178  stm32f4xx_hal_uart.o(i.HAL_UART_Transmit)
    HallLessOperation                        0x08001565   Thumb Code   348  zero.o(i.HallLessOperation)
    HardFault_Handler                        0x080016d9   Thumb Code     2  stm32f4xx_it.o(i.HardFault_Handler)
    Key0_CB                                  0x080016dd   Thumb Code    72  btn.o(i.Key0_CB)
    Key1_CB                                  0x08001745   Thumb Code    72  btn.o(i.Key1_CB)
    Key2_CB                                  0x080017ad   Thumb Code    32  btn.o(i.Key2_CB)
    MX_GPIO_Init                             0x080017dd   Thumb Code   232  gpio.o(i.MX_GPIO_Init)
    MX_TIM1_Init                             0x080018d9   Thumb Code   224  tim.o(i.MX_TIM1_Init)
    MX_TIM2_Init                             0x080019c1   Thumb Code   100  tim.o(i.MX_TIM2_Init)
    MX_USART1_UART_Init                      0x08001a29   Thumb Code    48  usart.o(i.MX_USART1_UART_Init)
    MemManage_Handler                        0x08001a61   Thumb Code     2  stm32f4xx_it.o(i.MemManage_Handler)
    NMI_Handler                              0x08001a63   Thumb Code     6  stm32f4xx_it.o(i.NMI_Handler)
    PendSV_Handler                           0x08001a69   Thumb Code     2  stm32f4xx_it.o(i.PendSV_Handler)
    SVC_Handler                              0x08001a91   Thumb Code     2  stm32f4xx_it.o(i.SVC_Handler)
    SimpleOpenChangeVoltage                  0x08001a95   Thumb Code    82  zero.o(i.SimpleOpenChangeVoltage)
    SimpleOpenLoopSixStepLoop                0x08001af1   Thumb Code   140  zero.o(i.SimpleOpenLoopSixStepLoop)
    SimpleOpenSixStepOperation               0x08001b89   Thumb Code    44  zero.o(i.SimpleOpenSixStepOperation)
    StartMotor                               0x08001bb9   Thumb Code    44  bldc.o(i.StartMotor)
    StopMotor                                0x08001bf1   Thumb Code    90  bldc.o(i.StopMotor)
    SysTick_Handler                          0x08001c61   Thumb Code     4  stm32f4xx_it.o(i.SysTick_Handler)
    SystemClock_Config                       0x08001c65   Thumb Code   140  main.o(i.SystemClock_Config)
    SystemInit                               0x08001cf9   Thumb Code    12  system_stm32f4xx.o(i.SystemInit)
    TIM1_UP_TIM10_IRQHandler                 0x08001d09   Thumb Code     6  stm32f4xx_it.o(i.TIM1_UP_TIM10_IRQHandler)
    TIM2_IRQHandler                          0x08001d15   Thumb Code     6  stm32f4xx_it.o(i.TIM2_IRQHandler)
    TIM_Base_SetConfig                       0x08001d21   Thumb Code   156  stm32f4xx_hal_tim.o(i.TIM_Base_SetConfig)
    TIM_CCxChannelCmd                        0x08001de9   Thumb Code    26  stm32f4xx_hal_tim.o(i.TIM_CCxChannelCmd)
    TIM_ETR_SetConfig                        0x08001e03   Thumb Code    20  stm32f4xx_hal_tim.o(i.TIM_ETR_SetConfig)
    TIM_OC2_SetConfig                        0x08001e89   Thumb Code    98  stm32f4xx_hal_tim.o(i.TIM_OC2_SetConfig)
    UmefEdge                                 0x08002179   Thumb Code    22  zero.o(i.UmefEdge)
    UphaseH_VphaseL                          0x08002195   Thumb Code    54  bldc.o(i.UphaseH_VphaseL)
    UphaseH_WphaseL                          0x080021d9   Thumb Code    54  bldc.o(i.UphaseH_WphaseL)
    UsageFault_Handler                       0x0800221d   Thumb Code     2  stm32f4xx_it.o(i.UsageFault_Handler)
    VariableInit                             0x08002221   Thumb Code    20  variable.o(i.VariableInit)
    VphaseH_UphaseL                          0x08002239   Thumb Code    56  bldc.o(i.VphaseH_UphaseL)
    VphaseH_WphaseL                          0x0800227d   Thumb Code    54  bldc.o(i.VphaseH_WphaseL)
    WphaseH_UphaseL                          0x080022c1   Thumb Code    56  bldc.o(i.WphaseH_UphaseL)
    WphaseH_VpahseL                          0x08002305   Thumb Code    54  bldc.o(i.WphaseH_VpahseL)
    __0printf$1                              0x08002349   Thumb Code    22  printf1.o(i.__0printf$1)
    __1printf$1                              0x08002349   Thumb Code     0  printf1.o(i.__0printf$1)
    __2printf                                0x08002349   Thumb Code     0  printf1.o(i.__0printf$1)
    __scatterload_copy                       0x08002389   Thumb Code    14  handlers.o(i.__scatterload_copy)
    __scatterload_null                       0x08002397   Thumb Code     2  handlers.o(i.__scatterload_null)
    __scatterload_zeroinit                   0x08002399   Thumb Code    14  handlers.o(i.__scatterload_zeroinit)
    button_attach                            0x080024fd   Thumb Code     8  multi_button.o(i.button_attach)
    button_handler                           0x08002505   Thumb Code   434  multi_button.o(i.button_handler)
    button_init                              0x080026b7   Thumb Code    44  multi_button.o(i.button_init)
    button_start                             0x080026e5   Thumb Code    32  multi_button.o(i.button_start)
    button_ticks                             0x08002709   Thumb Code    22  multi_button.o(i.button_ticks)
    fputc                                    0x08002725   Thumb Code    20  main.o(i.fputc)
    get_button_event                         0x0800273d   Thumb Code     6  multi_button.o(i.get_button_event)
    main                                     0x08002745   Thumb Code    60  main.o(i.main)
    AHBPrescTable                            0x08002788   Data          16  system_stm32f4xx.o(.constdata)
    APBPrescTable                            0x08002798   Data           8  system_stm32f4xx.o(.constdata)
    Region$$Table$$Base                      0x080027a0   Number         0  anon$$obj.o(Region$$Table)
    Region$$Table$$Limit                     0x080027c0   Number         0  anon$$obj.o(Region$$Table)
    uwTickFreq                               0x20000004   Data           1  stm32f4xx_hal.o(.data)
    uwTickPrio                               0x20000008   Data           4  stm32f4xx_hal.o(.data)
    uwTick                                   0x2000000c   Data           4  stm32f4xx_hal.o(.data)
    SystemCoreClock                          0x20000010   Data           4  system_stm32f4xx.o(.data)
    ccwArray                                 0x20000014   Data          24  bldc.o(.data)
    cwArray                                  0x2000002c   Data          24  bldc.o(.data)
    switchHallLess                           0x20000044   Data           1  zero.o(.data)
    speedCount                               0x20000048   Data           4  zero.o(.data)
    zeroStableFlag                           0x2000004c   Data           4  zero.o(.data)
    tempDuty                                 0x20000058   Data           4  btn.o(.data)
    __stdout                                 0x2000005c   Data           4  stdout.o(.data)
    htim1                                    0x20000060   Data          72  tim.o(.bss)
    htim2                                    0x200000a8   Data          72  tim.o(.bss)
    huart1                                   0x200000f0   Data          68  usart.o(.bss)
    simpleOpen                               0x20000134   Data          20  zero.o(.bss)
    hallLessParameter                        0x20000148   Data          26  zero.o(.bss)
    motorParameter                           0x20000164   Data          12  variable.o(.bss)
    __initial_sp                             0x200005e8   Data           0  startup_stm32f407xx.o(STACK)



==============================================================================

Memory Map of the image

  Image Entry point : 0x08000189

  Load Region LR_IROM1 (Base: 0x08000000, Size: 0x00002820, Max: 0x00100000, ABSOLUTE)

    Execution Region ER_IROM1 (Exec base: 0x08000000, Load base: 0x08000000, Size: 0x000027c0, Max: 0x00100000, ABSOLUTE)

    Exec Addr    Load Addr    Size         Type   Attr      Idx    E Section Name        Object

    0x08000000   0x08000000   0x00000188   Data   RO            3    RESET               startup_stm32f407xx.o
    0x08000188   0x08000188   0x00000000   Code   RO         3314  * .ARM.Collect$$$$00000000  mc_w.l(entry.o)
    0x08000188   0x08000188   0x00000004   Code   RO         3582    .ARM.Collect$$$$00000001  mc_w.l(entry2.o)
    0x0800018c   0x0800018c   0x00000004   Code   RO         3585    .ARM.Collect$$$$00000004  mc_w.l(entry5.o)
    0x08000190   0x08000190   0x00000000   Code   RO         3587    .ARM.Collect$$$$00000008  mc_w.l(entry7b.o)
    0x08000190   0x08000190   0x00000000   Code   RO         3589    .ARM.Collect$$$$0000000A  mc_w.l(entry8b.o)
    0x08000190   0x08000190   0x00000008   Code   RO         3590    .ARM.Collect$$$$0000000B  mc_w.l(entry9a.o)
    0x08000198   0x08000198   0x00000000   Code   RO         3592    .ARM.Collect$$$$0000000D  mc_w.l(entry10a.o)
    0x08000198   0x08000198   0x00000000   Code   RO         3594    .ARM.Collect$$$$0000000F  mc_w.l(entry11a.o)
    0x08000198   0x08000198   0x00000004   Code   RO         3583    .ARM.Collect$$$$00002712  mc_w.l(entry2.o)
    0x0800019c   0x0800019c   0x00000024   Code   RO            4    .text               startup_stm32f407xx.o
    0x080001c0   0x080001c0   0x00000062   Code   RO         3317    .text               mc_w.l(uldiv.o)
    0x08000222   0x08000222   0x00000024   Code   RO         3319    .text               mc_w.l(memseta.o)
    0x08000246   0x08000246   0x0000002c   Code   RO         3597    .text               mc_w.l(uidiv.o)
    0x08000272   0x08000272   0x0000001e   Code   RO         3599    .text               mc_w.l(llshl.o)
    0x08000290   0x08000290   0x00000020   Code   RO         3601    .text               mc_w.l(llushr.o)
    0x080002b0   0x080002b0   0x00000024   Code   RO         3614    .text               mc_w.l(init.o)
    0x080002d4   0x080002d4   0x0000007c   Code   RO         3255    i.BtnInit           btn.o
    0x08000350   0x08000350   0x00000002   Code   RO          413    i.BusFault_Handler  stm32f4xx_it.o
    0x08000352   0x08000352   0x00000002   Code   RO          414    i.DebugMon_Handler  stm32f4xx_it.o
    0x08000354   0x08000354   0x00000004   Code   RO           13    i.Error_Handler     main.o
    0x08000358   0x08000358   0x00000024   Code   RO         2379    i.HAL_Delay         stm32f4xx_hal.o
    0x0800037c   0x0800037c   0x000001f0   Code   RO         1853    i.HAL_GPIO_Init     stm32f4xx_hal_gpio.o
    0x0800056c   0x0800056c   0x0000000a   Code   RO         1855    i.HAL_GPIO_ReadPin  stm32f4xx_hal_gpio.o
    0x08000576   0x08000576   0x00000010   Code   RO         1856    i.HAL_GPIO_TogglePin  stm32f4xx_hal_gpio.o
    0x08000586   0x08000586   0x0000000a   Code   RO         1857    i.HAL_GPIO_WritePin  stm32f4xx_hal_gpio.o
    0x08000590   0x08000590   0x0000000c   Code   RO         2385    i.HAL_GetTick       stm32f4xx_hal.o
    0x0800059c   0x0800059c   0x00000010   Code   RO         2391    i.HAL_IncTick       stm32f4xx_hal.o
    0x080005ac   0x080005ac   0x00000034   Code   RO         2392    i.HAL_Init          stm32f4xx_hal.o
    0x080005e0   0x080005e0   0x00000040   Code   RO         2393    i.HAL_InitTick      stm32f4xx_hal.o
    0x08000620   0x08000620   0x00000030   Code   RO          501    i.HAL_MspInit       stm32f4xx_hal_msp.o
    0x08000650   0x08000650   0x0000001a   Code   RO         2242    i.HAL_NVIC_EnableIRQ  stm32f4xx_hal_cortex.o
    0x0800066a   0x0800066a   0x00000002   PAD
    0x0800066c   0x0800066c   0x00000040   Code   RO         2248    i.HAL_NVIC_SetPriority  stm32f4xx_hal_cortex.o
    0x080006ac   0x080006ac   0x00000024   Code   RO         2249    i.HAL_NVIC_SetPriorityGrouping  stm32f4xx_hal_cortex.o
    0x080006d0   0x080006d0   0x00000002   Code   RO         1498    i.HAL_RCC_CSSCallback  stm32f4xx_hal_rcc.o
    0x080006d2   0x080006d2   0x00000002   PAD
    0x080006d4   0x080006d4   0x00000134   Code   RO         1499    i.HAL_RCC_ClockConfig  stm32f4xx_hal_rcc.o
    0x08000808   0x08000808   0x0000000c   Code   RO         1502    i.HAL_RCC_EnableCSS  stm32f4xx_hal_rcc.o
    0x08000814   0x08000814   0x00000020   Code   RO         1506    i.HAL_RCC_GetPCLK1Freq  stm32f4xx_hal_rcc.o
    0x08000834   0x08000834   0x00000020   Code   RO         1507    i.HAL_RCC_GetPCLK2Freq  stm32f4xx_hal_rcc.o
    0x08000854   0x08000854   0x00000060   Code   RO         1508    i.HAL_RCC_GetSysClockFreq  stm32f4xx_hal_rcc.o
    0x080008b4   0x080008b4   0x0000001c   Code   RO         1510    i.HAL_RCC_NMI_IRQHandler  stm32f4xx_hal_rcc.o
    0x080008d0   0x080008d0   0x0000036c   Code   RO         1511    i.HAL_RCC_OscConfig  stm32f4xx_hal_rcc.o
    0x08000c3c   0x08000c3c   0x00000028   Code   RO         2253    i.HAL_SYSTICK_Config  stm32f4xx_hal_cortex.o
    0x08000c64   0x08000c64   0x00000002   Code   RO         1231    i.HAL_TIMEx_BreakCallback  stm32f4xx_hal_tim_ex.o
    0x08000c66   0x08000c66   0x00000002   Code   RO         1232    i.HAL_TIMEx_CommutCallback  stm32f4xx_hal_tim_ex.o
    0x08000c68   0x08000c68   0x00000054   Code   RO         1234    i.HAL_TIMEx_ConfigBreakDeadTime  stm32f4xx_hal_tim_ex.o
    0x08000cbc   0x08000cbc   0x00000090   Code   RO         1250    i.HAL_TIMEx_MasterConfigSynchronization  stm32f4xx_hal_tim_ex.o
    0x08000d4c   0x08000d4c   0x0000005a   Code   RO          527    i.HAL_TIM_Base_Init  stm32f4xx_hal_tim.o
    0x08000da6   0x08000da6   0x00000002   PAD
    0x08000da8   0x08000da8   0x00000064   Code   RO          318    i.HAL_TIM_Base_MspInit  tim.o
    0x08000e0c   0x08000e0c   0x00000080   Code   RO          532    i.HAL_TIM_Base_Start_IT  stm32f4xx_hal_tim.o
    0x08000e8c   0x08000e8c   0x000000dc   Code   RO          536    i.HAL_TIM_ConfigClockSource  stm32f4xx_hal_tim.o
    0x08000f68   0x08000f68   0x00000002   Code   RO          561    i.HAL_TIM_IC_CaptureCallback  stm32f4xx_hal_tim.o
    0x08000f6a   0x08000f6a   0x00000166   Code   RO          575    i.HAL_TIM_IRQHandler  stm32f4xx_hal_tim.o
    0x080010d0   0x080010d0   0x00000054   Code   RO          319    i.HAL_TIM_MspPostInit  tim.o
    0x08001124   0x08001124   0x00000002   Code   RO          578    i.HAL_TIM_OC_DelayElapsedCallback  stm32f4xx_hal_tim.o
    0x08001126   0x08001126   0x000000cc   Code   RO          599    i.HAL_TIM_PWM_ConfigChannel  stm32f4xx_hal_tim.o
    0x080011f2   0x080011f2   0x0000005a   Code   RO          602    i.HAL_TIM_PWM_Init  stm32f4xx_hal_tim.o
    0x0800124c   0x0800124c   0x00000002   Code   RO          604    i.HAL_TIM_PWM_MspInit  stm32f4xx_hal_tim.o
    0x0800124e   0x0800124e   0x00000002   Code   RO          605    i.HAL_TIM_PWM_PulseFinishedCallback  stm32f4xx_hal_tim.o
    0x08001250   0x08001250   0x000000c8   Code   RO          607    i.HAL_TIM_PWM_Start  stm32f4xx_hal_tim.o
    0x08001318   0x08001318   0x0000007c   Code   RO          610    i.HAL_TIM_PWM_Stop  stm32f4xx_hal_tim.o
    0x08001394   0x08001394   0x00000050   Code   RO           14    i.HAL_TIM_PeriodElapsedCallback  main.o
    0x080013e4   0x080013e4   0x00000002   Code   RO          618    i.HAL_TIM_TriggerCallback  stm32f4xx_hal_tim.o
    0x080013e6   0x080013e6   0x00000062   Code   RO         2659    i.HAL_UART_Init     stm32f4xx_hal_uart.o
    0x08001448   0x08001448   0x00000068   Code   RO          372    i.HAL_UART_MspInit  usart.o
    0x080014b0   0x080014b0   0x000000b2   Code   RO         2667    i.HAL_UART_Transmit  stm32f4xx_hal_uart.o
    0x08001562   0x08001562   0x00000002   PAD
    0x08001564   0x08001564   0x00000174   Code   RO         3129    i.HallLessOperation  zero.o
    0x080016d8   0x080016d8   0x00000002   Code   RO          415    i.HardFault_Handler  stm32f4xx_it.o
    0x080016da   0x080016da   0x00000002   PAD
    0x080016dc   0x080016dc   0x00000068   Code   RO         3256    i.Key0_CB           btn.o
    0x08001744   0x08001744   0x00000068   Code   RO         3257    i.Key1_CB           btn.o
    0x080017ac   0x080017ac   0x00000030   Code   RO         3258    i.Key2_CB           btn.o
    0x080017dc   0x080017dc   0x000000fc   Code   RO          200    i.MX_GPIO_Init      gpio.o
    0x080018d8   0x080018d8   0x000000e8   Code   RO          320    i.MX_TIM1_Init      tim.o
    0x080019c0   0x080019c0   0x00000068   Code   RO          321    i.MX_TIM2_Init      tim.o
    0x08001a28   0x08001a28   0x00000038   Code   RO          373    i.MX_USART1_UART_Init  usart.o
    0x08001a60   0x08001a60   0x00000002   Code   RO          416    i.MemManage_Handler  stm32f4xx_it.o
    0x08001a62   0x08001a62   0x00000006   Code   RO          417    i.NMI_Handler       stm32f4xx_it.o
    0x08001a68   0x08001a68   0x00000002   Code   RO          418    i.PendSV_Handler    stm32f4xx_it.o
    0x08001a6a   0x08001a6a   0x00000002   PAD
    0x08001a6c   0x08001a6c   0x0000000c   Code   RO         3259    i.ReadKey0          btn.o
    0x08001a78   0x08001a78   0x0000000c   Code   RO         3260    i.ReadKey1          btn.o
    0x08001a84   0x08001a84   0x0000000c   Code   RO         3261    i.ReadKey2          btn.o
    0x08001a90   0x08001a90   0x00000002   Code   RO          419    i.SVC_Handler       stm32f4xx_it.o
    0x08001a92   0x08001a92   0x00000002   PAD
    0x08001a94   0x08001a94   0x0000005c   Code   RO         3130    i.SimpleOpenChangeVoltage  zero.o
    0x08001af0   0x08001af0   0x00000098   Code   RO         3131    i.SimpleOpenLoopSixStepLoop  zero.o
    0x08001b88   0x08001b88   0x00000030   Code   RO         3132    i.SimpleOpenSixStepOperation  zero.o
    0x08001bb8   0x08001bb8   0x00000038   Code   RO         3049    i.StartMotor        bldc.o
    0x08001bf0   0x08001bf0   0x00000070   Code   RO         3050    i.StopMotor         bldc.o
    0x08001c60   0x08001c60   0x00000004   Code   RO          420    i.SysTick_Handler   stm32f4xx_it.o
    0x08001c64   0x08001c64   0x00000094   Code   RO           15    i.SystemClock_Config  main.o
    0x08001cf8   0x08001cf8   0x00000010   Code   RO         2988    i.SystemInit        system_stm32f4xx.o
    0x08001d08   0x08001d08   0x0000000c   Code   RO          421    i.TIM1_UP_TIM10_IRQHandler  stm32f4xx_it.o
    0x08001d14   0x08001d14   0x0000000c   Code   RO          422    i.TIM2_IRQHandler   stm32f4xx_it.o
    0x08001d20   0x08001d20   0x000000c8   Code   RO          620    i.TIM_Base_SetConfig  stm32f4xx_hal_tim.o
    0x08001de8   0x08001de8   0x0000001a   Code   RO          621    i.TIM_CCxChannelCmd  stm32f4xx_hal_tim.o
    0x08001e02   0x08001e02   0x00000014   Code   RO          631    i.TIM_ETR_SetConfig  stm32f4xx_hal_tim.o
    0x08001e16   0x08001e16   0x00000010   Code   RO          632    i.TIM_ITRx_SetConfig  stm32f4xx_hal_tim.o
    0x08001e26   0x08001e26   0x00000002   PAD
    0x08001e28   0x08001e28   0x00000060   Code   RO          633    i.TIM_OC1_SetConfig  stm32f4xx_hal_tim.o
    0x08001e88   0x08001e88   0x0000006c   Code   RO          634    i.TIM_OC2_SetConfig  stm32f4xx_hal_tim.o
    0x08001ef4   0x08001ef4   0x00000068   Code   RO          635    i.TIM_OC3_SetConfig  stm32f4xx_hal_tim.o
    0x08001f5c   0x08001f5c   0x00000050   Code   RO          636    i.TIM_OC4_SetConfig  stm32f4xx_hal_tim.o
    0x08001fac   0x08001fac   0x00000022   Code   RO          638    i.TIM_TI1_ConfigInputStage  stm32f4xx_hal_tim.o
    0x08001fce   0x08001fce   0x00000024   Code   RO          640    i.TIM_TI2_ConfigInputStage  stm32f4xx_hal_tim.o
    0x08001ff2   0x08001ff2   0x00000002   PAD
    0x08001ff4   0x08001ff4   0x0000010c   Code   RO         2685    i.UART_SetConfig    stm32f4xx_hal_uart.o
    0x08002100   0x08002100   0x00000078   Code   RO         2688    i.UART_WaitOnFlagUntilTimeout  stm32f4xx_hal_uart.o
    0x08002178   0x08002178   0x0000001c   Code   RO         3133    i.UmefEdge          zero.o
    0x08002194   0x08002194   0x00000044   Code   RO         3052    i.UphaseH_VphaseL   bldc.o
    0x080021d8   0x080021d8   0x00000044   Code   RO         3053    i.UphaseH_WphaseL   bldc.o
    0x0800221c   0x0800221c   0x00000002   Code   RO          423    i.UsageFault_Handler  stm32f4xx_it.o
    0x0800221e   0x0800221e   0x00000002   PAD
    0x08002220   0x08002220   0x00000018   Code   RO         3178    i.VariableInit      variable.o
    0x08002238   0x08002238   0x00000044   Code   RO         3054    i.VphaseH_UphaseL   bldc.o
    0x0800227c   0x0800227c   0x00000044   Code   RO         3055    i.VphaseH_WphaseL   bldc.o
    0x080022c0   0x080022c0   0x00000044   Code   RO         3056    i.WphaseH_UphaseL   bldc.o
    0x08002304   0x08002304   0x00000044   Code   RO         3057    i.WphaseH_VpahseL   bldc.o
    0x08002348   0x08002348   0x00000020   Code   RO         3366    i.__0printf$1       mc_w.l(printf1.o)
    0x08002368   0x08002368   0x00000020   Code   RO         2255    i.__NVIC_SetPriority  stm32f4xx_hal_cortex.o
    0x08002388   0x08002388   0x0000000e   Code   RO         3622    i.__scatterload_copy  mc_w.l(handlers.o)
    0x08002396   0x08002396   0x00000002   Code   RO         3623    i.__scatterload_null  mc_w.l(handlers.o)
    0x08002398   0x08002398   0x0000000e   Code   RO         3624    i.__scatterload_zeroinit  mc_w.l(handlers.o)
    0x080023a6   0x080023a6   0x00000002   PAD
    0x080023a8   0x080023a8   0x00000154   Code   RO         3373    i._printf_core      mc_w.l(printf1.o)
    0x080024fc   0x080024fc   0x00000008   Code   RO         3196    i.button_attach     multi_button.o
    0x08002504   0x08002504   0x000001b2   Code   RO         3197    i.button_handler    multi_button.o
    0x080026b6   0x080026b6   0x0000002c   Code   RO         3198    i.button_init       multi_button.o
    0x080026e2   0x080026e2   0x00000002   PAD
    0x080026e4   0x080026e4   0x00000024   Code   RO         3199    i.button_start      multi_button.o
    0x08002708   0x08002708   0x0000001c   Code   RO         3201    i.button_ticks      multi_button.o
    0x08002724   0x08002724   0x00000018   Code   RO           16    i.fputc             main.o
    0x0800273c   0x0800273c   0x00000006   Code   RO         3202    i.get_button_event  multi_button.o
    0x08002742   0x08002742   0x00000002   PAD
    0x08002744   0x08002744   0x00000044   Code   RO           17    i.main              main.o
    0x08002788   0x08002788   0x00000010   Data   RO         2989    .constdata          system_stm32f4xx.o
    0x08002798   0x08002798   0x00000008   Data   RO         2990    .constdata          system_stm32f4xx.o
    0x080027a0   0x080027a0   0x00000020   Data   RO         3620    Region$$Table       anon$$obj.o


    Execution Region RW_IRAM1 (Exec base: 0x20000000, Load base: 0x080027c0, Size: 0x000005e8, Max: 0x0001c000, ABSOLUTE)

    Exec Addr    Load Addr    Size         Type   Attr      Idx    E Section Name        Object

    0x20000000   0x080027c0   0x00000004   Data   RW           19    .data               main.o
    0x20000004   0x080027c4   0x0000000c   Data   RW         2399    .data               stm32f4xx_hal.o
    0x20000010   0x080027d0   0x00000004   Data   RW         2991    .data               system_stm32f4xx.o
    0x20000014   0x080027d4   0x00000018   Data   RW         3059    .data               bldc.o
    0x2000002c   0x080027ec   0x00000018   Data   RW         3060    .data               bldc.o
    0x20000044   0x08002804   0x00000010   Data   RW         3135    .data               zero.o
    0x20000054   0x08002814   0x00000004   Data   RW         3203    .data               multi_button.o
    0x20000058   0x08002818   0x00000004   Data   RW         3264    .data               btn.o
    0x2000005c   0x0800281c   0x00000004   Data   RW         3596    .data               mc_w.l(stdout.o)
    0x20000060        -       0x00000090   Zero   RW          322    .bss                tim.o
    0x200000f0        -       0x00000044   Zero   RW          374    .bss                usart.o
    0x20000134        -       0x0000002e   Zero   RW         3134    .bss                zero.o
    0x20000162   0x08002820   0x00000002   PAD
    0x20000164        -       0x0000000c   Zero   RW         3179    .bss                variable.o
    0x20000170        -       0x00000078   Zero   RW         3262    .bss                btn.o
    0x200001e8        -       0x00000400   Zero   RW            1    STACK               startup_stm32f407xx.o


    Execution Region RW_IRAM2 (Exec base: 0x2001c000, Load base: 0x08002820, Size: 0x00000000, Max: 0x00004000, ABSOLUTE)

    **** No section assigned to this execution region ****


==============================================================================

Image component sizes


      Code (inc. data)   RO Data    RW Data    ZI Data      Debug   Object Name

       576        114          0         48          0       5028   bldc.o
       416        120          0          4        120       4031   btn.o
       252         20          0          0          0     686955   gpio.o
       324         38          0          4          0     680244   main.o
       556         16          0          4          0       5200   multi_button.o
        36          8        392          0       1024        864   startup_stm32f407xx.o
       180         28          0         12          0       9645   stm32f4xx_hal.o
       198         14          0          0          0      34119   stm32f4xx_hal_cortex.o
       532         46          0          0          0       3636   stm32f4xx_hal_gpio.o
        48          6          0          0          0        914   stm32f4xx_hal_msp.o
      1386         80          0          0          0       7139   stm32f4xx_hal_rcc.o
      2144        146          0          0          0      18369   stm32f4xx_hal_tim.o
       232         28          0          0          0       3417   stm32f4xx_hal_tim_ex.o
       664         10          0          0          0       4344   stm32f4xx_hal_uart.o
        48         12          0          0          0       5443   stm32f4xx_it.o
        16          4         24          4          0       1211   system_stm32f4xx.o
       520         34          0          0        144       3393   tim.o
       160         20          0          0         68       1834   usart.o
        24          4          0          0         12       1220   variable.o
       692         78          0         16         46       4210   zero.o

    ----------------------------------------------------------------------
      9028        826        448         92       1416    1481216   Object Totals
         0          0         32          0          0          0   (incl. Generated)
        24          0          0          0          2          0   (incl. Padding)

    ----------------------------------------------------------------------

      Code (inc. data)   RO Data    RW Data    ZI Data      Debug   Library Member Name

         0          0          0          0          0          0   entry.o
         0          0          0          0          0          0   entry10a.o
         0          0          0          0          0          0   entry11a.o
         8          4          0          0          0          0   entry2.o
         4          0          0          0          0          0   entry5.o
         0          0          0          0          0          0   entry7b.o
         0          0          0          0          0          0   entry8b.o
         8          4          0          0          0          0   entry9a.o
        30          0          0          0          0          0   handlers.o
        36          8          0          0          0         68   init.o
        30          0          0          0          0         68   llshl.o
        32          0          0          0          0         68   llushr.o
        36          0          0          0          0        108   memseta.o
       372         14          0          0          0        184   printf1.o
         0          0          0          4          0          0   stdout.o
        44          0          0          0          0         80   uidiv.o
        98          0          0          0          0         92   uldiv.o

    ----------------------------------------------------------------------
       700         30          0          4          0        668   Library Totals
         2          0          0          0          0          0   (incl. Padding)

    ----------------------------------------------------------------------

      Code (inc. data)   RO Data    RW Data    ZI Data      Debug   Library Name

       698         30          0          4          0        668   mc_w.l

    ----------------------------------------------------------------------
       700         30          0          4          0        668   Library Totals

    ----------------------------------------------------------------------

==============================================================================


      Code (inc. data)   RO Data    RW Data    ZI Data      Debug   

      9728        856        448         96       1416    1472128   Grand Totals
      9728        856        448         96       1416    1472128   ELF Image Totals
      9728        856        448         96          0          0   ROM Totals

==============================================================================

    Total RO  Size (Code + RO Data)                10176 (   9.94kB)
    Total RW  Size (RW Data + ZI Data)              1512 (   1.48kB)
    Total ROM Size (Code + RO Data + RW Data)      10272 (  10.03kB)

==============================================================================

